Component: ARM Compiler 5.06 update 6 (build 750) Tool: armlink [4d35ed]

==============================================================================

Section Cross References

    main.o(i.DelayMs) refers to main.o(.data) for msTicks
    main.o(i.PID_Update) refers to faddsub_clz.o(x$fpl$fadd) for __aeabi_fadd
    main.o(i.PID_Update) refers to faddsub_clz.o(x$fpl$fsub) for __aeabi_fsub
    main.o(i.PID_Update) refers to fmul.o(x$fpl$fmul) for __aeabi_fmul
    main.o(i.PID_Update) refers to main.o(.data) for Error
    main.o(i.PID_clear) refers to main.o(.data) for ErrorSum
    main.o(i.ProcessData) refers to main.o(i.ConvertData) for ConvertData
    main.o(i.ProcessData) refers to dflt_clz.o(x$fpl$dflt) for __aeabi_i2d
    main.o(i.ProcessData) refers to pow.o(i.pow) for pow
    main.o(i.ProcessData) refers to dmul.o(x$fpl$dmul) for __aeabi_dmul
    main.o(i.ProcessData) refers to daddsub_clz.o(x$fpl$dadd) for __aeabi_dadd
    main.o(i.ProcessData) refers to dfix.o(x$fpl$dfix) for __aeabi_d2iz
    main.o(i.ProcessData) refers to strlen.o(.text) for strlen
    main.o(i.ProcessData) refers to strcmpv7m.o(.text) for strcmp
    main.o(i.ProcessData) refers to main.o(.data) for LabelBuf
    main.o(i.SysTick_Handler) refers to main.o(.data) for msTicks
    main.o(i.Update_PWM) refers to dflt_clz.o(x$fpl$dflt) for __aeabi_i2d
    main.o(i.Update_PWM) refers to atan2.o(i.atan2) for atan2
    main.o(i.Update_PWM) refers to d2f.o(x$fpl$d2f) for __aeabi_d2f
    main.o(i.Update_PWM) refers to faddsub_clz.o(x$fpl$fsub) for __aeabi_fsub
    main.o(i.Update_PWM) refers to fmul.o(x$fpl$fmul) for __aeabi_fmul
    main.o(i.Update_PWM) refers to fdiv.o(x$fpl$fdiv) for __aeabi_fdiv
    main.o(i.Update_PWM) refers to main.o(i.PID_Update) for PID_Update
    main.o(i.Update_PWM) refers to faddsub_clz.o(x$fpl$frsb) for __aeabi_frsub
    main.o(i.Update_PWM) refers to init.o(i.LEFT_PWM_Update) for LEFT_PWM_Update
    main.o(i.Update_PWM) refers to faddsub_clz.o(x$fpl$fadd) for __aeabi_fadd
    main.o(i.Update_PWM) refers to init.o(i.RIGHT_PWM_Update) for RIGHT_PWM_Update
    main.o(i.Update_PWM) refers to stm32f10x_gpio.o(i.GPIO_WriteBit) for GPIO_WriteBit
    main.o(i.Update_PWM) refers to main.o(i.DelayMs) for DelayMs
    main.o(i.Update_PWM) refers to main.o(i.PID_clear) for PID_clear
    main.o(i.Update_PWM) refers to main.o(.data) for Ball_Order
    main.o(i.Update_PWM) refers to main.o(.bss) for Forward
    main.o(i.main) refers to system_stm32f10x.o(i.SystemCoreClockUpdate) for SystemCoreClockUpdate
    main.o(i.main) refers to init.o(i.RCC_ENABLE_ALL) for RCC_ENABLE_ALL
    main.o(i.main) refers to init.o(i.TIM3_PWM_CH12_Init) for TIM3_PWM_CH12_Init
    main.o(i.main) refers to init.o(i.TIM2_COUNT_Init) for TIM2_COUNT_Init
    main.o(i.main) refers to init.o(i.EXTI_SWITCH_Init) for EXTI_SWITCH_Init
    main.o(i.main) refers to usart.o(i.USART2_WIFI_Init) for USART2_WIFI_Init
    main.o(i.main) refers to init.o(i.LED) for LED
    main.o(i.main) refers to stm32f10x_gpio.o(i.GPIO_WriteBit) for GPIO_WriteBit
    main.o(i.main) refers to wifi.o(i.WIFI_Connect) for WIFI_Connect
    main.o(i.main) refers to main.o(i.DelayMs) for DelayMs
    main.o(i.main) refers to stm32f10x_tim.o(i.TIM_Cmd) for TIM_Cmd
    main.o(i.main) refers to stm32f10x_tim.o(i.TIM_ITConfig) for TIM_ITConfig
    main.o(i.main) refers to wifi.o(i.WIFI_ConnectServer) for WIFI_ConnectServer
    main.o(i.main) refers to main.o(i.ProcessData) for ProcessData
    main.o(i.main) refers to strlen.o(.text) for strlen
    main.o(i.main) refers to main.o(i.Update_PWM) for Update_PWM
    main.o(i.main) refers to system_stm32f10x.o(.data) for SystemCoreClock
    main.o(i.main) refers to init.o(.data) for open
    main.o(i.main) refers to usart.o(.data) for USART2_State
    main.o(i.main) refers to main.o(.bss) for Buffer
    main.o(i.main) refers to usart.o(.bss) for USART2_RxBuf
    main.o(i.main) refers to main.o(.data) for BBE
    init.o(i.EXTI9_5_IRQHandler) refers to stm32f10x_exti.o(i.EXTI_GetITStatus) for EXTI_GetITStatus
    init.o(i.EXTI9_5_IRQHandler) refers to stm32f10x_exti.o(i.EXTI_ClearITPendingBit) for EXTI_ClearITPendingBit
    init.o(i.EXTI9_5_IRQHandler) refers to init.o(.data) for open
    init.o(i.EXTI_SWITCH_Init) refers to stm32f10x_gpio.o(i.GPIO_Init) for GPIO_Init
    init.o(i.EXTI_SWITCH_Init) refers to stm32f10x_gpio.o(i.GPIO_EXTILineConfig) for GPIO_EXTILineConfig
    init.o(i.EXTI_SWITCH_Init) refers to stm32f10x_exti.o(i.EXTI_Init) for EXTI_Init
    init.o(i.EXTI_SWITCH_Init) refers to misc.o(i.NVIC_Init) for NVIC_Init
    init.o(i.LED) refers to stm32f10x_gpio.o(i.GPIO_Init) for GPIO_Init
    init.o(i.LED) refers to stm32f10x_gpio.o(i.GPIO_WriteBit) for GPIO_WriteBit
    init.o(i.LEFT_PWM_Update) refers to frleqf.o(x$fpl$frleqf) for __aeabi_cfrcmple
    init.o(i.LEFT_PWM_Update) refers to fleqf.o(x$fpl$fleqf) for __aeabi_cfcmple
    init.o(i.LEFT_PWM_Update) refers to ffix.o(x$fpl$ffix) for __aeabi_f2iz
[...]
    ../clib/printf.c                         0x00000000   Number         0  _printf_dec.o ABSOLUTE
    ../clib/printf.c                         0x00000000   Number         0  __printf_flags_wp.o ABSOLUTE
    ../clib/printf.c                         0x00000000   Number         0  __printf_wp.o ABSOLUTE
    ../clib/printf.c                         0x00000000   Number         0  __2printf.o ABSOLUTE
    ../clib/printf.c                         0x00000000   Number         0  noretval__2printf.o ABSOLUTE
    ../clib/printf.c                         0x00000000   Number         0  __printf_flags_ss.o ABSOLUTE
    ../clib/printf.c                         0x00000000   Number         0  __printf_ss.o ABSOLUTE
    ../clib/printf_percent.s                 0x00000000   Number         0  _printf_percent_end.o ABSOLUTE
    ../clib/printf_percent.s                 0x00000000   Number         0  _printf_s.o ABSOLUTE
    ../clib/printf_percent.s                 0x00000000   Number         0  _printf_d.o ABSOLUTE
    ../clib/printf_percent.s                 0x00000000   Number         0  _printf_percent.o ABSOLUTE
    ../clib/signal.c                         0x00000000   Number         0  defsig_rtmem_formal.o ABSOLUTE
    ../clib/signal.c                         0x00000000   Number         0  defsig_general.o ABSOLUTE
    ../clib/signal.c                         0x00000000   Number         0  __raise.o ABSOLUTE
    ../clib/signal.c                         0x00000000   Number         0  defsig_rtmem_inner.o ABSOLUTE
    ../clib/signal.c                         0x00000000   Number         0  defsig_exit.o ABSOLUTE
    ../clib/signal.c                         0x00000000   Number         0  defsig_rtred_inner.o ABSOLUTE
    ../clib/signal.c                         0x00000000   Number         0  defsig_rtmem_outer.o ABSOLUTE
    ../clib/signal.c                         0x00000000   Number         0  defsig_other.o ABSOLUTE
    ../clib/signal.c                         0x00000000   Number         0  defsig_segv_inner.o ABSOLUTE
    ../clib/signal.c                         0x00000000   Number         0  defsig_cppl_inner.o ABSOLUTE
    ../clib/signal.c                         0x00000000   Number         0  defsig_stak_inner.o ABSOLUTE
    ../clib/signal.c                         0x00000000   Number         0  defsig_fpe_inner.o ABSOLUTE
    ../clib/signal.c                         0x00000000   Number         0  defsig_abrt_inner.o ABSOLUTE
    ../clib/signal.c                         0x00000000   Number         0  defsig_pvfn_inner.o ABSOLUTE
    ../clib/signal.s                         0x00000000   Number         0  defsig.o ABSOLUTE
    ../clib/stdio.c                          0x00000000   Number         0  ferror_locked.o ABSOLUTE
    ../clib/stdio.c                          0x00000000   Number         0  ferror.o ABSOLUTE
    ../clib/stdlib.c                         0x00000000   Number         0  exit.o ABSOLUTE
    ../clib/string.c                         0x00000000   Number         0  strlen.o ABSOLUTE
    ../fplib/d2f.s                           0x00000000   Number         0  d2f.o ABSOLUTE
    ../fplib/daddsub.s                       0x00000000   Number         0  daddsub_clz.o ABSOLUTE
    ../fplib/dcheck1.s                       0x00000000   Number         0  dcheck1.o ABSOLUTE
    ../fplib/dcmpi.s                         0x00000000   Number         0  dcmpi.o ABSOLUTE
    ../fplib/ddiv.s                          0x00000000   Number         0  ddiv.o ABSOLUTE
    ../fplib/dfix.s                          0x00000000   Number         0  dfix.o ABSOLUTE
    ../fplib/dflt.s                          0x00000000   Number         0  dflt_clz.o ABSOLUTE
    ../fplib/dleqf.s                         0x00000000   Number         0  dleqf.o ABSOLUTE
    ../fplib/dmul.s                          0x00000000   Number         0  dmul.o ABSOLUTE
    ../fplib/dnaninf.s                       0x00000000   Number         0  dnaninf.o ABSOLUTE
    ../fplib/dretinf.s                       0x00000000   Number         0  dretinf.o ABSOLUTE
    ../fplib/drleqf.s                        0x00000000   Number         0  drleqf.o ABSOLUTE
    ../fplib/dsqrt.s                         0x00000000   Number         0  dsqrt_noumaal.o ABSOLUTE
    ../fplib/faddsub.s                       0x00000000   Number         0  faddsub_clz.o ABSOLUTE
    ../fplib/fcmpi.s                         0x00000000   Number         0  fcmpi.o ABSOLUTE
    ../fplib/fdiv.s                          0x00000000   Number         0  fdiv.o ABSOLUTE
    ../fplib/ffix.s                          0x00000000   Number         0  ffix.o ABSOLUTE
    ../fplib/fleqf.s                         0x00000000   Number         0  fleqf.o ABSOLUTE
    ../fplib/fmul.s                          0x00000000   Number         0  fmul.o ABSOLUTE
    ../fplib/fnaninf.s                       0x00000000   Number         0  fnaninf.o ABSOLUTE
    ../fplib/fpinit.s                        0x00000000   Number         0  fpinit.o ABSOLUTE
    ../fplib/fretinf.s                       0x00000000   Number         0  fretinf.o ABSOLUTE
    ../fplib/frleqf.s                        0x00000000   Number         0  frleqf.o ABSOLUTE
    ../fplib/retnan.s                        0x00000000   Number         0  retnan.o ABSOLUTE
    ../fplib/scalbn.s                        0x00000000   Number         0  scalbn.o ABSOLUTE
    ../fplib/trapv.s                         0x00000000   Number         0  trapv.o ABSOLUTE
    ../fplib/usenofp.s                       0x00000000   Number         0  usenofp.o ABSOLUTE
    ../mathlib/atan.c                        0x00000000   Number         0  atan_x.o ABSOLUTE
    ../mathlib/atan.c                        0x00000000   Number         0  atan.o ABSOLUTE
    ../mathlib/atan2.c                       0x00000000   Number         0  atan2_x.o ABSOLUTE
    ../mathlib/atan2.c                       0x00000000   Number         0  atan2.o ABSOLUTE
    ../mathlib/dunder.c                      0x00000000   Number         0  dunder.o ABSOLUTE
    ../mathlib/fpclassify.c                  0x00000000   Number         0  fpclassify.o ABSOLUTE
    ../mathlib/poly.c                        0x00000000   Number         0  poly.o ABSOLUTE
    ../mathlib/pow.c                         0x00000000   Number         0  pow.o ABSOLUTE
    ../mathlib/pow.c                         0x00000000   Number         0  pow_x.o ABSOLUTE
    ../mathlib/qnan.c                        0x00000000   Number         0  qnan.o ABSOLUTE
    ../mathlib/sqrt.c                        0x00000000   Number         0  sqrt_x.o ABSOLUTE
    ../mathlib/sqrt.c                        0x00000000   Number         0  sqrt.o ABSOLUTE
    ..\CORE\core_cm3.c                       0x00000000   Number         0  core_cm3.o ABSOLUTE
    ..\CORE\startup_stm32f10x_md.s           0x00000000   Number         0  startup_stm32f10x_md.o ABSOLUTE
    ..\MAIN\USART.c                          0x00000000   Number         0  usart.o ABSOLUTE
    ..\MAIN\WIFI.c                           0x00000000   Number         0  wifi.o ABSOLUTE
    ..\MAIN\init.c                           0x00000000   Number         0  init.o ABSOLUTE
    ..\MAIN\main.c                           0x00000000   Number         0  main.o ABSOLUTE
    ..\MAIN\stm32f10x_it.c                   0x00000000   Number         0  stm32f10x_it.o ABSOLUTE
    ..\MAIN\system_stm32f10x.c               0x00000000   Number         0  system_stm32f10x.o ABSOLUTE
    ..\STM32F10X_LIB\src\misc.c              0x00000000   Number         0  misc.o ABSOLUTE
    ..\STM32F10X_LIB\src\stm32f10x_exti.c    0x00000000   Number         0  stm32f10x_exti.o ABSOLUTE
    ..\STM32F10X_LIB\src\stm32f10x_gpio.c    0x00000000   Number         0  stm32f10x_gpio.o ABSOLUTE
    ..\STM32F10X_LIB\src\stm32f10x_rcc.c     0x00000000   Number         0  stm32f10x_rcc.o ABSOLUTE
    ..\STM32F10X_LIB\src\stm32f10x_tim.c     0x00000000   Number         0  stm32f10x_tim.o ABSOLUTE
    ..\STM32F10X_LIB\src\stm32f10x_usart.c   0x00000000   Number         0  stm32f10x_usart.o ABSOLUTE
    ..\\CORE\\core_cm3.c                     0x00000000   Number         0  core_cm3.o ABSOLUTE
    dc.s                                     0x00000000   Number         0  dc.o ABSOLUTE
    RESET                                    0x08000000   Section      236  startup_stm32f10x_md.o(RESET)
    !!!main                                  0x080000ec   Section        8  __main.o(!!!main)
    !!!scatter                               0x080000f4   Section       52  __scatter.o(!!!scatter)
    !!handler_copy                           0x08000128   Section       26  __scatter_copy.o(!!handler_copy)
    !!handler_zi                             0x08000144   Section       28  __scatter_zi.o(!!handler_zi)
    .ARM.Collect$$_printf_percent$$00000000  0x08000160   Section        0  _printf_percent.o(.ARM.Collect$$_printf_percent$$00000000)
    .ARM.Collect$$_printf_percent$$00000009  0x08000160   Section        6  _printf_d.o(.ARM.Collect$$_printf_percent$$00000009)
    .ARM.Collect$$_printf_percent$$00000014  0x08000166   Section        6  _printf_s.o(.ARM.Collect$$_printf_percent$$00000014)
    .ARM.Collect$$_printf_percent$$00000017  0x0800016c   Section        4  _printf_percent_end.o(.ARM.Collect$$_printf_percent$$00000017)
    .ARM.Collect$$libinit$$00000000          0x08000170   Section        2  libinit.o(.ARM.Collect$$libinit$$00000000)
    .ARM.Collect$$libinit$$00000002          0x08000172   Section        0  libinit2.o(.ARM.Collect$$libinit$$00000002)
    .ARM.Collect$$libinit$$00000004          0x08000172   Section        0  libinit2.o(.ARM.Collect$$libinit$$00000004)
    .ARM.Collect$$libinit$$0000000A          0x08000172   Section        0  libinit2.o(.ARM.Collect$$libinit$$0000000A)
    .ARM.Collect$$libinit$$0000000C          0x08000172   Section        0  libinit2.o(.ARM.Collect$$libinit$$0000000C)
    .ARM.Collect$$libinit$$0000000E          0x08000172   Section        0  libinit2.o(.ARM.Collect$$libinit$$0000000E)
    .ARM.Collect$$libinit$$00000011          0x08000172   Section        0  libinit2.o(.ARM.Collect$$libinit$$00000011)
    .ARM.Collect$$libinit$$00000013          0x08000172   Section        0  libinit2.o(.ARM.Collect$$libinit$$00000013)
    .ARM.Collect$$libinit$$00000015          0x08000172   Section        0  libinit2.o(.ARM.Collect$$libinit$$00000015)
    .ARM.Collect$$libinit$$00000017          0x08000172   Section        0  libinit2.o(.ARM.Collect$$libinit$$00000017)
    .ARM.Collect$$libinit$$00000019          0x08000172   Section        0  libinit2.o(.ARM.Collect$$libinit$$00000019)
    .ARM.Collect$$libinit$$0000001B          0x08000172   Section        0  libinit2.o(.ARM.Collect$$libinit$$0000001B)
    .ARM.Collect$$libinit$$0000001D          0x08000172   Section        0  libinit2.o(.ARM.Collect$$libinit$$0000001D)
    .ARM.Collect$$libinit$$0000001F          0x08000172   Section        0  libinit2.o(.ARM.Collect$$libinit$$0000001F)
    .ARM.Collect$$libinit$$00000021          0x08000172   Section        0  libinit2.o(.ARM.Collect$$libinit$$00000021)
    .ARM.Collect$$libinit$$00000023          0x08000172   Section        0  libinit2.o(.ARM.Collect$$libinit$$00000023)
    .ARM.Collect$$libinit$$00000025          0x08000172   Section        0  libinit2.o(.ARM.Collect$$libinit$$00000025)
    .ARM.Collect$$libinit$$0000002C          0x08000172   Section        0  libinit2.o(.ARM.Collect$$libinit$$0000002C)
    .ARM.Collect$$libinit$$0000002E          0x08000172   Section        0  libinit2.o(.ARM.Collect$$libinit$$0000002E)
    .ARM.Collect$$libinit$$00000030          0x08000172   Section        0  libinit2.o(.ARM.Collect$$libinit$$00000030)
    .ARM.Collect$$libinit$$00000032          0x08000172   Section        0  libinit2.o(.ARM.Collect$$libinit$$00000032)
    .ARM.Collect$$libinit$$00000033          0x08000172   Section        2  libinit2.o(.ARM.Collect$$libinit$$00000033)
    .ARM.Collect$$libshutdown$$00000000      0x08000174   Section        2  libshutdown.o(.ARM.Collect$$libshutdown$$00000000)
    .ARM.Collect$$libshutdown$$00000002      0x08000176   Section        0  libshutdown2.o(.ARM.Collect$$libshutdown$$00000002)
    .ARM.Collect$$libshutdown$$00000004      0x08000176   Section        0  libshutdown2.o(.ARM.Collect$$libshutdown$$00000004)
    .ARM.Collect$$libshutdown$$00000007      0x08000176   Section        0  libshutdown2.o(.ARM.Collect$$libshutdown$$00000007)
    .ARM.Collect$$libshutdown$$0000000A      0x08000176   Section        0  libshutdown2.o(.ARM.Collect$$libshutdown$$0000000A)
    .ARM.Collect$$libshutdown$$0000000C      0x08000176   Section        0  libshutdown2.o(.ARM.Collect$$libshutdown$$0000000C)
    .ARM.Collect$$libshutdown$$0000000F      0x08000176   Section        0  libshutdown2.o(.ARM.Collect$$libshutdown$$0000000F)
    .ARM.Collect$$libshutdown$$00000010      0x08000176   Section        2  libshutdown2.o(.ARM.Collect$$libshutdown$$00000010)
    .ARM.Collect$$rtentry$$00000000          0x08000178   Section        0  __rtentry.o(.ARM.Collect$$rtentry$$00000000)
    .ARM.Collect$$rtentry$$00000002          0x08000178   Section        0  __rtentry2.o(.ARM.Collect$$rtentry$$00000002)
    .ARM.Collect$$rtentry$$00000004          0x08000178   Section        6  __rtentry4.o(.ARM.Collect$$rtentry$$00000004)
    .ARM.Collect$$rtentry$$00000009          0x0800017e   Section        0  __rtentry2.o(.ARM.Collect$$rtentry$$00000009)
    .ARM.Collect$$rtentry$$0000000A          0x0800017e   Section        4  __rtentry2.o(.ARM.Collect$$rtentry$$0000000A)
    .ARM.Collect$$rtentry$$0000000C          0x08000182   Section        0  __rtentry2.o(.ARM.Collect$$rtentry$$0000000C)
    .ARM.Collect$$rtentry$$0000000D          0x08000182   Section        8  __rtentry2.o(.ARM.Collect$$rtentry$$0000000D)
    .ARM.Collect$$rtexit$$00000000           0x0800018a   Section        2  rtexit.o(.ARM.Collect$$rtexit$$00000000)
    .ARM.Collect$$rtexit$$00000002           0x0800018c   Section        0  rtexit2.o(.ARM.Collect$$rtexit$$00000002)
    .ARM.Collect$$rtexit$$00000003           0x0800018c   Section        4  rtexit2.o(.ARM.Collect$$rtexit$$00000003)
    .ARM.Collect$$rtexit$$00000004           0x08000190   Section        6  rtexit2.o(.ARM.Collect$$rtexit$$00000004)
    .text                                    0x08000198   Section       64  startup_stm32f10x_md.o(.text)
    .text                                    0x080001d8   Section        2  use_no_semi_2.o(.text)
    .text                                    0x080001dc   Section        0  noretval__2printf.o(.text)
    .text                                    0x080001f4   Section        0  __printf.o(.text)
    .text                                    0x0800025c   Section        0  _printf_str.o(.text)
    .text                                    0x080002b0   Section        0  _printf_dec.o(.text)
    .text                                    0x08000328   Section        0  strlen.o(.text)
    .text                                    0x08000368   Section      128  strcmpv7m.o(.text)
    .text                                    0x080003e8   Section        0  heapauxi.o(.text)
    .text                                    0x080003ee   Section        2  use_no_semi.o(.text)
    .text                                    0x080003f0   Section        0  _rserrno.o(.text)
    .text                                    0x08000406   Section        0  _printf_intcommon.o(.text)
    .text                                    0x080004b8   Section        0  _printf_char.o(.text)
    .text                                    0x080004e4   Section        0  _printf_char_file.o(.text)
    .text                                    0x08000508   Section        8  rt_errno_addr_intlibspace.o(.text)
    .text                                    0x08000510   Section        0  _printf_char_common.o(.text)
    _printf_input_char                       0x08000511   Thumb Code    10  _printf_char_common.o(.text)
    .text                                    0x08000540   Section        0  ferror.o(.text)
    .text                                    0x08000548   Section        8  libspace.o(.text)
    .text                                    0x08000550   Section       74  sys_stackheap_outer.o(.text)
    .text                                    0x0800059a   Section        0  exit.o(.text)
    i.BusFault_Handler                       0x080005ac   Section        0  stm32f10x_it.o(i.BusFault_Handler)
    i.ConvertData                            0x080005b0   Section        0  main.o(i.ConvertData)
    i.DebugMon_Handler                       0x080005ea   Section        0  stm32f10x_it.o(i.DebugMon_Handler)
    i.DelayMs                                0x080005ec   Section        0  main.o(i.DelayMs)
    i.EXTI9_5_IRQHandler                     0x08000600   Section        0  init.o(i.EXTI9_5_IRQHandler)
    i.EXTI_ClearITPendingBit                 0x08000620   Section        0  stm32f10x_exti.o(i.EXTI_ClearITPendingBit)
    i.EXTI_GetITStatus                       0x0800062c   Section        0  stm32f10x_exti.o(i.EXTI_GetITStatus)
    i.EXTI_Init                              0x08000654   Section        0  stm32f10x_exti.o(i.EXTI_Init)
    i.EXTI_SWITCH_Init                       0x080006e8   Section        0  init.o(i.EXTI_SWITCH_Init)
    i.GPIO_EXTILineConfig                    0x0800074c   Section        0  stm32f10x_gpio.o(i.GPIO_EXTILineConfig)
    i.GPIO_Init                              0x0800078c   Section        0  stm32f10x_gpio.o(i.GPIO_Init)
    i.GPIO_WriteBit                          0x080008a2   Section        0  stm32f10x_gpio.o(i.GPIO_WriteBit)
    i.HardFault_Handler                      0x080008ac   Section        0  stm32f10x_it.o(i.HardFault_Handler)
    i.LED                                    0x080008b0   Section        0  init.o(i.LED)
    i.LEFT_PWM_Update                        0x08000924   Section        0  init.o(i.LEFT_PWM_Update)
    i.MemManage_Handler                      0x08000988   Section        0  stm32f10x_it.o(i.MemManage_Handler)
    i.NMI_Handler                            0x0800098c   Section        0  stm32f10x_it.o(i.NMI_Handler)
    i.NVIC_Init                              0x08000990   Section        0  misc.o(i.NVIC_Init)
    i.PID_Update                             0x08000a00   Section        0  main.o(i.PID_Update)
    i.PID_clear                              0x08000a88   Section        0  main.o(i.PID_clear)
    i.PendSV_Handler                         0x08000aa4   Section        0  stm32f10x_it.o(i.PendSV_Handler)
    i.ProcessData                            0x08000aa8   Section        0  main.o(i.ProcessData)
    i.RCC_APB1PeriphClockCmd                 0x08000be4   Section        0  stm32f10x_rcc.o(i.RCC_APB1PeriphClockCmd)
    i.RCC_APB2PeriphClockCmd                 0x08000c04   Section        0  stm32f10x_rcc.o(i.RCC_APB2PeriphClockCmd)
    i.RCC_ENABLE_ALL                         0x08000c24   Section        0  init.o(i.RCC_ENABLE_ALL)
    i.RCC_GetClocksFreq                      0x08000c68   Section        0  stm32f10x_rcc.o(i.RCC_GetClocksFreq)
    i.RIGHT_PWM_Update                       0x08000d3c   Section        0  init.o(i.RIGHT_PWM_Update)
    i.SVC_Handler                            0x08000da0   Section        0  stm32f10x_it.o(i.SVC_Handler)
    i.SetSysClock                            0x08000da2   Section        0  system_stm32f10x.o(i.SetSysClock)
    SetSysClock                              0x08000da3   Thumb Code     8  system_stm32f10x.o(i.SetSysClock)
    i.SetSysClockTo72                        0x08000dac   Section        0  system_stm32f10x.o(i.SetSysClockTo72)
    SetSysClockTo72                          0x08000dad   Thumb Code   214  system_stm32f10x.o(i.SetSysClockTo72)
    i.SysTick_Handler                        0x08000e8c   Section        0  main.o(i.SysTick_Handler)
    i.SystemCoreClockUpdate                  0x08000ea4   Section        0  system_stm32f10x.o(i.SystemCoreClockUpdate)
    i.SystemInit                             0x08000f48   Section        0  system_stm32f10x.o(i.SystemInit)
    i.TIM2_COUNT_Init                        0x08000fa8   Section        0  init.o(i.TIM2_COUNT_Init)
    i.TIM2_IRQHandler                        0x08001004   Section        0  init.o(i.TIM2_IRQHandler)
    i.TIM3_PWM_CH12_Init                     0x0800103c   Section        0  init.o(i.TIM3_PWM_CH12_Init)
    i.TIM_ClearITPendingBit                  0x080010c4   Section        0  stm32f10x_tim.o(i.TIM_ClearITPendingBit)
    i.TIM_Cmd                                0x080010ca   Section        0  stm32f10x_tim.o(i.TIM_Cmd)
    i.TIM_GetITStatus                        0x080010e2   Section        0  stm32f10x_tim.o(i.TIM_GetITStatus)
    i.TIM_ITConfig                           0x08001104   Section        0  stm32f10x_tim.o(i.TIM_ITConfig)
    i.TIM_OC1Init                            0x08001118   Section        0  stm32f10x_tim.o(i.TIM_OC1Init)
    i.TIM_OC1PreloadConfig                   0x080011b0   Section        0  stm32f10x_tim.o(i.TIM_OC1PreloadConfig)
    i.TIM_OC2Init                            0x080011c4   Section        0  stm32f10x_tim.o(i.TIM_OC2Init)
    i.TIM_OC2PreloadConfig                   0x08001268   Section        0  stm32f10x_tim.o(i.TIM_OC2PreloadConfig)
    i.TIM_TimeBaseInit                       0x08001284   Section        0  stm32f10x_tim.o(i.TIM_TimeBaseInit)
    i.USART2_IRQHandler                      0x08001328   Section        0  usart.o(i.USART2_IRQHandler)
    i.USART2_WIFI_Init                       0x08001534   Section        0  usart.o(i.USART2_WIFI_Init)
    i.USART_ClearITPendingBit                0x08001624   Section        0  stm32f10x_usart.o(i.USART_ClearITPendingBit)
    i.USART_Cmd                              0x08001642   Section        0  stm32f10x_usart.o(i.USART_Cmd)
    i.USART_GetITStatus                      0x0800165a   Section        0  stm32f10x_usart.o(i.USART_GetITStatus)
    i.USART_ITConfig                         0x080016ae   Section        0  stm32f10x_usart.o(i.USART_ITConfig)
    i.USART_Init                             0x080016f8   Section        0  stm32f10x_usart.o(i.USART_Init)
    i.Update_PWM                             0x080017d0   Section        0  main.o(i.Update_PWM)
    i.UsageFault_Handler                     0x08001a90   Section        0  stm32f10x_it.o(i.UsageFault_Handler)
    i.WIFI_Connect                           0x08001a94   Section        0  wifi.o(i.WIFI_Connect)
    i.WIFI_ConnectServer                     0x08001ad0   Section        0  wifi.o(i.WIFI_ConnectServer)
    i.__ARM_fpclassify                       0x08001b18   Section        0  fpclassify.o(i.__ARM_fpclassify)
    i.__kernel_poly                          0x08001b40   Section        0  poly.o(i.__kernel_poly)
    i.__mathlib_dbl_divzero                  0x08001bec   Section        0  dunder.o(i.__mathlib_dbl_divzero)
    i.__mathlib_dbl_infnan                   0x08001bfc   Section        0  dunder.o(i.__mathlib_dbl_infnan)
    i.__mathlib_dbl_infnan2                  0x08001c02   Section        0  dunder.o(i.__mathlib_dbl_infnan2)
    i.__mathlib_dbl_invalid                  0x08001c06   Section        0  dunder.o(i.__mathlib_dbl_invalid)
    i.__mathlib_dbl_overflow                 0x08001c12   Section        0  dunder.o(i.__mathlib_dbl_overflow)
    i.__mathlib_dbl_underflow                0x08001c20   Section        0  dunder.o(i.__mathlib_dbl_underflow)
    i._sys_exit                              0x08001c30   Section        0  usart.o(i._sys_exit)
    i.atan                                   0x08001c34   Section        0  atan.o(i.atan)
    i.atan2                                  0x08001e54   Section        0  atan2.o(i.atan2)
    i.fputc                                  0x08001fd4   Section        0  usart.o(i.fputc)
    i.main                                   0x08001ff4   Section        0  main.o(i.main)
    i.pow                                    0x08002188   Section        0  pow.o(i.pow)
    i.sqrt                                   0x08002b60   Section        0  sqrt.o(i.sqrt)
    x$fpl$d2f                                0x08002bac   Section       98  d2f.o(x$fpl$d2f)
    x$fpl$dadd                               0x08002c10   Section      336  daddsub_clz.o(x$fpl$dadd)
    _dadd1                                   0x08002c21   Thumb Code     0  daddsub_clz.o(x$fpl$dadd)
    x$fpl$dcheck1                            0x08002d60   Section       16  dcheck1.o(x$fpl$dcheck1)
    x$fpl$dcmpinf                            0x08002d70   Section       24  dcmpi.o(x$fpl$dcmpinf)
    x$fpl$ddiv                               0x08002d88   Section      688  ddiv.o(x$fpl$ddiv)
    ddiv_entry                               0x08002d8f   Thumb Code     0  ddiv.o(x$fpl$ddiv)
    x$fpl$dfix                               0x08003038   Section       94  dfix.o(x$fpl$dfix)
    x$fpl$dflt                               0x08003096   Section       46  dflt_clz.o(x$fpl$dflt)
    x$fpl$dleqf                              0x080030c4   Section      120  dleqf.o(x$fpl$dleqf)
    x$fpl$dmul                               0x0800313c   Section      340  dmul.o(x$fpl$dmul)
    x$fpl$dnaninf                            0x08003290   Section      156  dnaninf.o(x$fpl$dnaninf)
    x$fpl$dretinf                            0x0800332c   Section       12  dretinf.o(x$fpl$dretinf)
    x$fpl$drleqf                             0x08003338   Section      108  drleqf.o(x$fpl$drleqf)
    x$fpl$drsb                               0x080033a4   Section       22  daddsub_clz.o(x$fpl$drsb)
    x$fpl$dsqrt                              0x080033bc   Section      460  dsqrt_noumaal.o(x$fpl$dsqrt)
    x$fpl$dsub                               0x08003588   Section      468  daddsub_clz.o(x$fpl$dsub)
    _dsub1                                   0x08003599   Thumb Code     0  daddsub_clz.o(x$fpl$dsub)
    x$fpl$fadd                               0x0800375c   Section      196  faddsub_clz.o(x$fpl$fadd)
    _fadd1                                   0x0800376b   Thumb Code     0  faddsub_clz.o(x$fpl$fadd)
    x$fpl$fcmpinf                            0x08003820   Section       24  fcmpi.o(x$fpl$fcmpinf)
    x$fpl$fdiv                               0x08003838   Section      388  fdiv.o(x$fpl$fdiv)
    _fdiv1                                   0x08003839   Thumb Code     0  fdiv.o(x$fpl$fdiv)
    x$fpl$ffix                               0x080039bc   Section       54  ffix.o(x$fpl$ffix)
    x$fpl$fleqf                              0x080039f4   Section      104  fleqf.o(x$fpl$fleqf)
    x$fpl$fmul                               0x08003a5c   Section      258  fmul.o(x$fpl$fmul)
    x$fpl$fnaninf                            0x08003b5e   Section      140  fnaninf.o(x$fpl$fnaninf)
    x$fpl$fretinf                            0x08003bea   Section       10  fretinf.o(x$fpl$fretinf)
    x$fpl$frleqf                             0x08003bf4   Section       98  frleqf.o(x$fpl$frleqf)
    x$fpl$frsb                               0x08003c56   Section       20  faddsub_clz.o(x$fpl$frsb)
    x$fpl$fsub                               0x08003c6c   Section      234  faddsub_clz.o(x$fpl$fsub)
    _fsub1                                   0x08003c7b   Thumb Code     0  faddsub_clz.o(x$fpl$fsub)
    x$fpl$retnan                             0x08003d56   Section      100  retnan.o(x$fpl$retnan)
    x$fpl$scalbn                             0x08003dba   Section       92  scalbn.o(x$fpl$scalbn)
    x$fpl$trapveneer                         0x08003e16   Section       48  trapv.o(x$fpl$trapveneer)
    x$fpl$usenofp                            0x08003e46   Section        0  usenofp.o(x$fpl$usenofp)
    .constdata                               0x08003e48   Section      136  pow.o(.constdata)
    bp                                       0x08003e48   Data          16  pow.o(.constdata)
    dp_h                                     0x08003e58   Data          16  pow.o(.constdata)
    dp_l                                     0x08003e68   Data          16  pow.o(.constdata)
    L                                        0x08003e78   Data          48  pow.o(.constdata)
    P                                        0x08003ea8   Data          40  pow.o(.constdata)
    .constdata                               0x08003ed0   Section      152  atan.o(.constdata)
    atanhi                                   0x08003ed0   Data          32  atan.o(.constdata)
    atanlo                                   0x08003ef0   Data          32  atan.o(.constdata)
    aTodd                                    0x08003f10   Data          40  atan.o(.constdata)
    aTeven                                   0x08003f38   Data          48  atan.o(.constdata)
    .constdata                               0x08003f68   Section        8  qnan.o(.constdata)
    .data                                    0x20000000   Section      100  main.o(.data)
    msTicks                                  0x2000001c   Data           4  main.o(.data)
    StartxPosition                           0x2000003c   Data           4  main.o(.data)
    StartyPosition                           0x20000040   Data           4  main.o(.data)
    .data                                    0x20000064   Section       18  init.o(.data)
    .data                                    0x20000078   Section       20  usart.o(.data)
    USART_RxCnt                              0x20000080   Data           2  usart.o(.data)
    Rx_err                                   0x20000082   Data           1  usart.o(.data)
    RecState                                 0x20000083   Data           1  usart.o(.data)
    .data                                    0x2000008c   Section       20  system_stm32f10x.o(.data)
    .data                                    0x200000a0   Section       20  stm32f10x_rcc.o(.data)
    APBAHBPrescTable                         0x200000a0   Data          16  stm32f10x_rcc.o(.data)
    ADCPrescTable                            0x200000b0   Data           4  stm32f10x_rcc.o(.data)
    .bss                                     0x200000b4   Section       44  main.o(.bss)
    .bss                                     0x200000e0   Section      102  usart.o(.bss)
    .bss                                     0x20000148   Section       96  libspace.o(.bss)
    HEAP                                     0x200001a8   Section      512  startup_stm32f10x_md.o(HEAP)
    Heap_Mem                                 0x200001a8   Data         512  startup_stm32f10x_md.o(HEAP)
    STACK                                    0x200003a8   Section     1024  startup_stm32f10x_md.o(STACK)
    Stack_Mem                                0x200003a8   Data        1024  startup_stm32f10x_md.o(STACK)
    __initial_sp                             0x200007a8   Data           0  startup_stm32f10x_md.o(STACK)

    Global Symbols

    Symbol Name                              Value     Ov Type        Size  Object(Section)

    BuildAttributes$$THM_ISAv4$P$D$K$B$S$PE$A:L22UL41UL21$X:L11$S22US41US21$IEEE1$IW$USESV6$~STKCKD$USESV7$~SHL$OTIME$ROPI$IEEEX$EBA8$UX$STANDARDLIB$REQ8$PRES8$EABIv2 0x00000000   Number         0  anon$$obj.o ABSOLUTE
    __ARM_use_no_argv                        0x00000000   Number         0  main.o ABSOLUTE
    __ARM_exceptions_init                     - Undefined Weak Reference
    __alloca_initialize                       - Undefined Weak Reference
    __arm_preinit_                            - Undefined Weak Reference
    __cpp_initialize__aeabi_                  - Undefined Weak Reference
    __cxa_finalize                            - Undefined Weak Reference
    __rt_locale                               - Undefined Weak Reference
    __sigvec_lookup                           - Undefined Weak Reference
    _atexit_init                              - Undefined Weak Reference
    _call_atexit_fns                          - Undefined Weak Reference
    _clock_init                               - Undefined Weak Reference
    _fp_trap_init                             - Undefined Weak Reference
    _fp_trap_shutdown                         - Undefined Weak Reference
    _get_lc_collate                           - Undefined Weak Reference
    _get_lc_ctype                             - Undefined Weak Reference
    _get_lc_monetary                          - Undefined Weak Reference
    _get_lc_numeric                           - Undefined Weak Reference
    _get_lc_time                              - Undefined Weak Reference
    _getenv_init                              - Undefined Weak Reference
    _handle_redirection                       - Undefined Weak Reference
    _init_alloc                               - Undefined Weak Reference
    _init_user_alloc                          - Undefined Weak Reference
    _initio                                   - Undefined Weak Reference
    _mutex_acquire                            - Undefined Weak Reference
    _mutex_release                            - Undefined Weak Reference
    _printf_mbtowc                            - Undefined Weak Reference
    _printf_post_padding                      - Undefined Weak Reference
    _printf_pre_padding                       - Undefined Weak Reference
    _printf_truncate_signed                   - Undefined Weak Reference
    _printf_truncate_unsigned                 - Undefined Weak Reference
    _rand_init                                - Undefined Weak Reference
    _signal_finish                            - Undefined Weak Reference
    _signal_init                              - Undefined Weak Reference
    _terminate_alloc                          - Undefined Weak Reference
    _terminate_user_alloc                     - Undefined Weak Reference
    _terminateio                              - Undefined Weak Reference
    __Vectors_Size                           0x000000ec   Number         0  startup_stm32f10x_md.o ABSOLUTE
    __Vectors                                0x08000000   Data           4  startup_stm32f10x_md.o(RESET)
    __Vectors_End                            0x080000ec   Data           0  startup_stm32f10x_md.o(RESET)
    __main                                   0x080000ed   Thumb Code     8  __main.o(!!!main)
    __scatterload                            0x080000f5   Thumb Code     0  __scatter.o(!!!scatter)
    __scatterload_rt2                        0x080000f5   Thumb Code    44  __scatter.o(!!!scatter)
    __scatterload_rt2_thumb_only             0x080000f5   Thumb Code     0  __scatter.o(!!!scatter)
    __scatterload_null                       0x08000103   Thumb Code     0  __scatter.o(!!!scatter)
    __scatterload_copy                       0x08000129   Thumb Code    26  __scatter_copy.o(!!handler_copy)
    __scatterload_zeroinit                   0x08000145   Thumb Code    28  __scatter_zi.o(!!handler_zi)
    _printf_d                                0x08000161   Thumb Code     0  _printf_d.o(.ARM.Collect$$_printf_percent$$00000009)
    _printf_percent                          0x08000161   Thumb Code     0  _printf_percent.o(.ARM.Collect$$_printf_percent$$00000000)
    _printf_s                                0x08000167   Thumb Code     0  _printf_s.o(.ARM.Collect$$_printf_percent$$00000014)
    _printf_percent_end                      0x0800016d   Thumb Code     0  _printf_percent_end.o(.ARM.Collect$$_printf_percent$$00000017)
    __rt_lib_init                            0x08000171   Thumb Code     0  libinit.o(.ARM.Collect$$libinit$$00000000)
    __rt_lib_init_alloca_1                   0x08000173   Thumb Code     0  libinit2.o(.ARM.Collect$$libinit$$0000002E)
    __rt_lib_init_argv_1                     0x08000173   Thumb Code     0  libinit2.o(.ARM.Collect$$libinit$$0000002C)
    __rt_lib_init_atexit_1                   0x08000173   Thumb Code     0  libinit2.o(.ARM.Collect$$libinit$$0000001B)
    __rt_lib_init_clock_1                    0x08000173   Thumb Code     0  libinit2.o(.ARM.Collect$$libinit$$00000021)
    __rt_lib_init_cpp_1                      0x08000173   Thumb Code     0  libinit2.o(.ARM.Collect$$libinit$$00000032)
    __rt_lib_init_exceptions_1               0x08000173   Thumb Code     0  libinit2.o(.ARM.Collect$$libinit$$00000030)
    __rt_lib_init_fp_1                       0x08000173   Thumb Code     0  libinit2.o(.ARM.Collect$$libinit$$00000002)
    __rt_lib_init_fp_trap_1                  0x08000173   Thumb Code     0  libinit2.o(.ARM.Collect$$libinit$$0000001F)
    __rt_lib_init_getenv_1                   0x08000173   Thumb Code     0  libinit2.o(.ARM.Collect$$libinit$$00000023)
    __rt_lib_init_heap_1                     0x08000173   Thumb Code     0  libinit2.o(.ARM.Collect$$libinit$$0000000A)
    __rt_lib_init_lc_collate_1               0x08000173   Thumb Code     0  libinit2.o(.ARM.Collect$$libinit$$00000011)
    __rt_lib_init_lc_ctype_1                 0x08000173   Thumb Code     0  libinit2.o(.ARM.Collect$$libinit$$00000013)
    __rt_lib_init_lc_monetary_1              0x08000173   Thumb Code     0  libinit2.o(.ARM.Collect$$libinit$$00000015)
    __rt_lib_init_lc_numeric_1               0x08000173   Thumb Code     0  libinit2.o(.ARM.Collect$$libinit$$00000017)
    __rt_lib_init_lc_time_1                  0x08000173   Thumb Code     0  libinit2.o(.ARM.Collect$$libinit$$00000019)
    __rt_lib_init_preinit_1                  0x08000173   Thumb Code     0  libinit2.o(.ARM.Collect$$libinit$$00000004)
    __rt_lib_init_rand_1                     0x08000173   Thumb Code     0  libinit2.o(.ARM.Collect$$libinit$$0000000E)
    __rt_lib_init_return                     0x08000173   Thumb Code     0  libinit2.o(.ARM.Collect$$libinit$$00000033)
    __rt_lib_init_signal_1                   0x08000173   Thumb Code     0  libinit2.o(.ARM.Collect$$libinit$$0000001D)
    __rt_lib_init_stdio_1                    0x08000173   Thumb Code     0  libinit2.o(.ARM.Collect$$libinit$$00000025)
    __rt_lib_init_user_alloc_1               0x08000173   Thumb Code     0  libinit2.o(.ARM.Collect$$libinit$$0000000C)
    __rt_lib_shutdown                        0x08000175   Thumb Code     0  libshutdown.o(.ARM.Collect$$libshutdown$$00000000)
    __rt_lib_shutdown_cpp_1                  0x08000177   Thumb Code     0  libshutdown2.o(.ARM.Collect$$libshutdown$$00000002)
    __rt_lib_shutdown_fp_trap_1              0x08000177   Thumb Code     0  libshutdown2.o(.ARM.Collect$$libshutdown$$00000007)
    __rt_lib_shutdown_heap_1                 0x08000177   Thumb Code     0  libshutdown2.o(.ARM.Collect$$libshutdown$$0000000F)
    __rt_lib_shutdown_return                 0x08000177   Thumb Code     0  libshutdown2.o(.ARM.Collect$$libshutdown$$00000010)
    __rt_lib_shutdown_signal_1               0x08000177   Thumb Code     0  libshutdown2.o(.ARM.Collect$$libshutdown$$0000000A)
    __rt_lib_shutdown_stdio_1                0x08000177   Thumb Code     0  libshutdown2.o(.ARM.Collect$$libshutdown$$00000004)
    __rt_lib_shutdown_user_alloc_1           0x08000177   Thumb Code     0  libshutdown2.o(.ARM.Collect$$libshutdown$$0000000C)
    __rt_entry                               0x08000179   Thumb Code     0  __rtentry.o(.ARM.Collect$$rtentry$$00000000)
    __rt_entry_presh_1                       0x08000179   Thumb Code     0  __rtentry2.o(.ARM.Collect$$rtentry$$00000002)
    __rt_entry_sh                            0x08000179   Thumb Code     0  __rtentry4.o(.ARM.Collect$$rtentry$$00000004)
    __rt_entry_li                            0x0800017f   Thumb Code     0  __rtentry2.o(.ARM.Collect$$rtentry$$0000000A)
    __rt_entry_postsh_1                      0x0800017f   Thumb Code     0  __rtentry2.o(.ARM.Collect$$rtentry$$00000009)
    __rt_entry_main                          0x08000183   Thumb Code     0  __rtentry2.o(.ARM.Collect$$rtentry$$0000000D)
    __rt_entry_postli_1                      0x08000183   Thumb Code     0  __rtentry2.o(.ARM.Collect$$rtentry$$0000000C)
    __rt_exit                                0x0800018b   Thumb Code     0  rtexit.o(.ARM.Collect$$rtexit$$00000000)
    __rt_exit_ls                             0x0800018d   Thumb Code     0  rtexit2.o(.ARM.Collect$$rtexit$$00000003)
    __rt_exit_prels_1                        0x0800018d   Thumb Code     0  rtexit2.o(.ARM.Collect$$rtexit$$00000002)
    __rt_exit_exit                           0x08000191   Thumb Code     0  rtexit2.o(.ARM.Collect$$rtexit$$00000004)
    Reset_Handler                            0x08000199   Thumb Code     8  startup_stm32f10x_md.o(.text)
    ADC1_2_IRQHandler                        0x080001b3   Thumb Code     0  startup_stm32f10x_md.o(.text)
    CAN1_RX1_IRQHandler                      0x080001b3   Thumb Code     0  startup_stm32f10x_md.o(.text)
    CAN1_SCE_IRQHandler                      0x080001b3   Thumb Code     0  startup_stm32f10x_md.o(.text)
    DMA1_Channel1_IRQHandler                 0x080001b3   Thumb Code     0  startup_stm32f10x_md.o(.text)
    DMA1_Channel2_IRQHandler                 0x080001b3   Thumb Code     0  startup_stm32f10x_md.o(.text)
    DMA1_Channel3_IRQHandler                 0x080001b3   Thumb Code     0  startup_stm32f10x_md.o(.text)
    DMA1_Channel4_IRQHandler                 0x080001b3   Thumb Code     0  startup_stm32f10x_md.o(.text)
    DMA1_Channel5_IRQHandler                 0x080001b3   Thumb Code     0  startup_stm32f10x_md.o(.text)
    DMA1_Channel6_IRQHandler                 0x080001b3   Thumb Code     0  startup_stm32f10x_md.o(.text)
    DMA1_Channel7_IRQHandler                 0x080001b3   Thumb Code     0  startup_stm32f10x_md.o(.text)
    EXTI0_IRQHandler                         0x080001b3   Thumb Code     0  startup_stm32f10x_md.o(.text)
    EXTI15_10_IRQHandler                     0x080001b3   Thumb Code     0  startup_stm32f10x_md.o(.text)
    EXTI1_IRQHandler                         0x080001b3   Thumb Code     0  startup_stm32f10x_md.o(.text)
    EXTI2_IRQHandler                         0x080001b3   Thumb Code     0  startup_stm32f10x_md.o(.text)
    EXTI3_IRQHandler                         0x080001b3   Thumb Code     0  startup_stm32f10x_md.o(.text)
    EXTI4_IRQHandler                         0x080001b3   Thumb Code     0  startup_stm32f10x_md.o(.text)
    FLASH_IRQHandler                         0x080001b3   Thumb Code     0  startup_stm32f10x_md.o(.text)
    I2C1_ER_IRQHandler                       0x080001b3   Thumb Code     0  startup_stm32f10x_md.o(.text)
    I2C1_EV_IRQHandler                       0x080001b3   Thumb Code     0  startup_stm32f10x_md.o(.text)
    I2C2_ER_IRQHandler                       0x080001b3   Thumb Code     0  startup_stm32f10x_md.o(.text)
    I2C2_EV_IRQHandler                       0x080001b3   Thumb Code     0  startup_stm32f10x_md.o(.text)
    PVD_IRQHandler                           0x080001b3   Thumb Code     0  startup_stm32f10x_md.o(.text)
    RCC_IRQHandler                           0x080001b3   Thumb Code     0  startup_stm32f10x_md.o(.text)
    RTCAlarm_IRQHandler                      0x080001b3   Thumb Code     0  startup_stm32f10x_md.o(.text)
    RTC_IRQHandler                           0x080001b3   Thumb Code     0  startup_stm32f10x_md.o(.text)
    SPI1_IRQHandler                          0x080001b3   Thumb Code     0  startup_stm32f10x_md.o(.text)
    SPI2_IRQHandler                          0x080001b3   Thumb Code     0  startup_stm32f10x_md.o(.text)
    TAMPER_IRQHandler                        0x080001b3   Thumb Code     0  startup_stm32f10x_md.o(.text)
    TIM1_BRK_IRQHandler                      0x080001b3   Thumb Code     0  startup_stm32f10x_md.o(.text)
    TIM1_CC_IRQHandler                       0x080001b3   Thumb Code     0  startup_stm32f10x_md.o(.text)
    TIM1_TRG_COM_IRQHandler                  0x080001b3   Thumb Code     0  startup_stm32f10x_md.o(.text)
    TIM1_UP_IRQHandler                       0x080001b3   Thumb Code     0  startup_stm32f10x_md.o(.text)
    TIM3_IRQHandler                          0x080001b3   Thumb Code     0  startup_stm32f10x_md.o(.text)
    TIM4_IRQHandler                          0x080001b3   Thumb Code     0  startup_stm32f10x_md.o(.text)
    USART1_IRQHandler                        0x080001b3   Thumb Code     0  startup_stm32f10x_md.o(.text)
    USART3_IRQHandler                        0x080001b3   Thumb Code     0  startup_stm32f10x_md.o(.text)
    USBWakeUp_IRQHandler                     0x080001b3   Thumb Code     0  startup_stm32f10x_md.o(.text)
    USB_HP_CAN1_TX_IRQHandler                0x080001b3   Thumb Code     0  startup_stm32f10x_md.o(.text)
    USB_LP_CAN1_RX0_IRQHandler               0x080001b3   Thumb Code     0  startup_stm32f10x_md.o(.text)
    WWDG_IRQHandler                          0x080001b3   Thumb Code     0  startup_stm32f10x_md.o(.text)
    __user_initial_stackheap                 0x080001b5   Thumb Code     0  startup_stm32f10x_md.o(.text)
    __use_no_semihosting                     0x080001d9   Thumb Code     2  use_no_semi_2.o(.text)
    __2printf                                0x080001dd   Thumb Code    20  noretval__2printf.o(.text)
    __printf                                 0x080001f5   Thumb Code   104  __printf.o(.text)
    _printf_str                              0x0800025d   Thumb Code    82  _printf_str.o(.text)
    _printf_int_dec                          0x080002b1   Thumb Code   104  _printf_dec.o(.text)
    strlen                                   0x08000329   Thumb Code    62  strlen.o(.text)
    strcmp                                   0x08000369   Thumb Code   128  strcmpv7m.o(.text)
    __use_two_region_memory                  0x080003e9   Thumb Code     2  heapauxi.o(.text)
    __rt_heap_escrow$2region                 0x080003eb   Thumb Code     2  heapauxi.o(.text)
    __rt_heap_expand$2region                 0x080003ed   Thumb Code     2  heapauxi.o(.text)
    __I$use$semihosting                      0x080003ef   Thumb Code     0  use_no_semi.o(.text)
    __use_no_semihosting_swi                 0x080003ef   Thumb Code     2  use_no_semi.o(.text)
    __read_errno                             0x080003f1   Thumb Code    10  _rserrno.o(.text)
    __set_errno                              0x080003fb   Thumb Code    12  _rserrno.o(.text)
    _printf_int_common                       0x08000407   Thumb Code   178  _printf_intcommon.o(.text)
    _printf_cs_common                        0x080004b9   Thumb Code    20  _printf_char.o(.text)
    _printf_char                             0x080004cd   Thumb Code    16  _printf_char.o(.text)
    _printf_string                           0x080004dd   Thumb Code     8  _printf_char.o(.text)
    _printf_char_file                        0x080004e5   Thumb Code    32  _printf_char_file.o(.text)
    __aeabi_errno_addr                       0x08000509   Thumb Code     8  rt_errno_addr_intlibspace.o(.text)
    __errno$intlibspace                      0x08000509   Thumb Code     0  rt_errno_addr_intlibspace.o(.text)
    __rt_errno_addr$intlibspace              0x08000509   Thumb Code     0  rt_errno_addr_intlibspace.o(.text)
    _printf_char_common                      0x0800051b   Thumb Code    32  _printf_char_common.o(.text)
    ferror                                   0x08000541   Thumb Code     8  ferror.o(.text)
    __user_libspace                          0x08000549   Thumb Code     8  libspace.o(.text)
    __user_perproc_libspace                  0x08000549   Thumb Code     0  libspace.o(.text)
    __user_perthread_libspace                0x08000549   Thumb Code     0  libspace.o(.text)
    __user_setup_stackheap                   0x08000551   Thumb Code    74  sys_stackheap_outer.o(.text)
    exit                                     0x0800059b   Thumb Code    18  exit.o(.text)
    BusFault_Handler                         0x080005ad   Thumb Code     4  stm32f10x_it.o(i.BusFault_Handler)
    ConvertData                              0x080005b1   Thumb Code    58  main.o(i.ConvertData)
    DebugMon_Handler                         0x080005eb   Thumb Code     2  stm32f10x_it.o(i.DebugMon_Handler)
    DelayMs                                  0x080005ed   Thumb Code    16  main.o(i.DelayMs)
    EXTI9_5_IRQHandler                       0x08000601   Thumb Code    26  init.o(i.EXTI9_5_IRQHandler)
    EXTI_ClearITPendingBit                   0x08000621   Thumb Code     6  stm32f10x_exti.o(i.EXTI_ClearITPendingBit)
    EXTI_GetITStatus                         0x0800062d   Thumb Code    34  stm32f10x_exti.o(i.EXTI_GetITStatus)
    EXTI_Init                                0x08000655   Thumb Code   142  stm32f10x_exti.o(i.EXTI_Init)
    EXTI_SWITCH_Init                         0x080006e9   Thumb Code    94  init.o(i.EXTI_SWITCH_Init)
    GPIO_EXTILineConfig                      0x0800074d   Thumb Code    60  stm32f10x_gpio.o(i.GPIO_EXTILineConfig)
    GPIO_Init                                0x0800078d   Thumb Code   278  stm32f10x_gpio.o(i.GPIO_Init)
    GPIO_WriteBit                            0x080008a3   Thumb Code    10  stm32f10x_gpio.o(i.GPIO_WriteBit)
    HardFault_Handler                        0x080008ad   Thumb Code     4  stm32f10x_it.o(i.HardFault_Handler)
    LED                                      0x080008b1   Thumb Code   104  init.o(i.LED)
    LEFT_PWM_Update                          0x08000925   Thumb Code    92  init.o(i.LEFT_PWM_Update)
    MemManage_Handler                        0x08000989   Thumb Code     4  stm32f10x_it.o(i.MemManage_Handler)
    NMI_Handler                              0x0800098d   Thumb Code     2  stm32f10x_it.o(i.NMI_Handler)
    NVIC_Init                                0x08000991   Thumb Code   100  misc.o(i.NVIC_Init)
    PID_Update                               0x08000a01   Thumb Code   108  main.o(i.PID_Update)
    PID_clear                                0x08000a89   Thumb Code    16  main.o(i.PID_clear)
    PendSV_Handler                           0x08000aa5   Thumb Code     2  stm32f10x_it.o(i.PendSV_Handler)
    ProcessData                              0x08000aa9   Thumb Code   284  main.o(i.ProcessData)
    RCC_APB1PeriphClockCmd                   0x08000be5   Thumb Code    26  stm32f10x_rcc.o(i.RCC_APB1PeriphClockCmd)
    RCC_APB2PeriphClockCmd                   0x08000c05   Thumb Code    26  stm32f10x_rcc.o(i.RCC_APB2PeriphClockCmd)
    RCC_ENABLE_ALL                           0x08000c25   Thumb Code    68  init.o(i.RCC_ENABLE_ALL)
    RCC_GetClocksFreq                        0x08000c69   Thumb Code   192  stm32f10x_rcc.o(i.RCC_GetClocksFreq)
    RIGHT_PWM_Update                         0x08000d3d   Thumb Code    92  init.o(i.RIGHT_PWM_Update)
    SVC_Handler                              0x08000da1   Thumb Code     2  stm32f10x_it.o(i.SVC_Handler)
    SysTick_Handler                          0x08000e8d   Thumb Code    18  main.o(i.SysTick_Handler)
    SystemCoreClockUpdate                    0x08000ea5   Thumb Code   142  system_stm32f10x.o(i.SystemCoreClockUpdate)
    SystemInit                               0x08000f49   Thumb Code    78  system_stm32f10x.o(i.SystemInit)
    TIM2_COUNT_Init                          0x08000fa9   Thumb Code    92  init.o(i.TIM2_COUNT_Init)
    TIM2_IRQHandler                          0x08001005   Thumb Code    46  init.o(i.TIM2_IRQHandler)
    TIM3_PWM_CH12_Init                       0x0800103d   Thumb Code   128  init.o(i.TIM3_PWM_CH12_Init)
    TIM_ClearITPendingBit                    0x080010c5   Thumb Code     6  stm32f10x_tim.o(i.TIM_ClearITPendingBit)
    TIM_Cmd                                  0x080010cb   Thumb Code    24  stm32f10x_tim.o(i.TIM_Cmd)
    TIM_GetITStatus                          0x080010e3   Thumb Code    34  stm32f10x_tim.o(i.TIM_GetITStatus)
    TIM_ITConfig                             0x08001105   Thumb Code    18  stm32f10x_tim.o(i.TIM_ITConfig)
    TIM_OC1Init                              0x08001119   Thumb Code   132  stm32f10x_tim.o(i.TIM_OC1Init)
    TIM_OC1PreloadConfig                     0x080011b1   Thumb Code    18  stm32f10x_tim.o(i.TIM_OC1PreloadConfig)
    TIM_OC2Init                              0x080011c5   Thumb Code   154  stm32f10x_tim.o(i.TIM_OC2Init)
    TIM_OC2PreloadConfig                     0x08001269   Thumb Code    26  stm32f10x_tim.o(i.TIM_OC2PreloadConfig)
    TIM_TimeBaseInit                         0x08001285   Thumb Code   122  stm32f10x_tim.o(i.TIM_TimeBaseInit)
    USART2_IRQHandler                        0x08001329   Thumb Code   432  usart.o(i.USART2_IRQHandler)
    USART2_WIFI_Init                         0x08001535   Thumb Code   222  usart.o(i.USART2_WIFI_Init)
    USART_ClearITPendingBit                  0x08001625   Thumb Code    30  stm32f10x_usart.o(i.USART_ClearITPendingBit)
    USART_Cmd                                0x08001643   Thumb Code    24  stm32f10x_usart.o(i.USART_Cmd)
    USART_GetITStatus                        0x0800165b   Thumb Code    84  stm32f10x_usart.o(i.USART_GetITStatus)
    USART_ITConfig                           0x080016af   Thumb Code    74  stm32f10x_usart.o(i.USART_ITConfig)
    USART_Init                               0x080016f9   Thumb Code   210  stm32f10x_usart.o(i.USART_Init)
    Update_PWM                               0x080017d1   Thumb Code   636  main.o(i.Update_PWM)
    UsageFault_Handler                       0x08001a91   Thumb Code     4  stm32f10x_it.o(i.UsageFault_Handler)
    WIFI_Connect                             0x08001a95   Thumb Code    28  wifi.o(i.WIFI_Connect)
    WIFI_ConnectServer                       0x08001ad1   Thumb Code    28  wifi.o(i.WIFI_ConnectServer)
    __ARM_fpclassify                         0x08001b19   Thumb Code    40  fpclassify.o(i.__ARM_fpclassify)
    __kernel_poly                            0x08001b41   Thumb Code   170  poly.o(i.__kernel_poly)
    __mathlib_dbl_divzero                    0x08001bed   Thumb Code    12  dunder.o(i.__mathlib_dbl_divzero)
    __mathlib_dbl_infnan                     0x08001bfd   Thumb Code     6  dunder.o(i.__mathlib_dbl_infnan)
    __mathlib_dbl_infnan2                    0x08001c03   Thumb Code     4  dunder.o(i.__mathlib_dbl_infnan2)
    __mathlib_dbl_invalid                    0x08001c07   Thumb Code    12  dunder.o(i.__mathlib_dbl_invalid)
    __mathlib_dbl_overflow                   0x08001c13   Thumb Code    14  dunder.o(i.__mathlib_dbl_overflow)
    __mathlib_dbl_underflow                  0x08001c21   Thumb Code    10  dunder.o(i.__mathlib_dbl_underflow)
    _sys_exit                                0x08001c31   Thumb Code     4  usart.o(i._sys_exit)
    atan                                     0x08001c35   Thumb Code   474  atan.o(i.atan)
    atan2                                    0x08001e55   Thumb Code   346  atan2.o(i.atan2)
    fputc                                    0x08001fd5   Thumb Code    26  usart.o(i.fputc)
    main                                     0x08001ff5   Thumb Code   306  main.o(i.main)
    pow                                      0x08002189   Thumb Code  2512  pow.o(i.pow)
    sqrt                                     0x08002b61   Thumb Code    76  sqrt.o(i.sqrt)
    __aeabi_d2f                              0x08002bad   Thumb Code     0  d2f.o(x$fpl$d2f)
    _d2f                                     0x08002bad   Thumb Code    98  d2f.o(x$fpl$d2f)
    __aeabi_dadd                             0x08002c11   Thumb Code     0  daddsub_clz.o(x$fpl$dadd)
    _dadd                                    0x08002c11   Thumb Code   332  daddsub_clz.o(x$fpl$dadd)
    __fpl_dcheck_NaN1                        0x08002d61   Thumb Code    10  dcheck1.o(x$fpl$dcheck1)
    __fpl_dcmp_Inf                           0x08002d71   Thumb Code    24  dcmpi.o(x$fpl$dcmpinf)
    __aeabi_ddiv                             0x08002d89   Thumb Code     0  ddiv.o(x$fpl$ddiv)
    _ddiv                                    0x08002d89   Thumb Code   552  ddiv.o(x$fpl$ddiv)
    __aeabi_d2iz                             0x08003039   Thumb Code     0  dfix.o(x$fpl$dfix)
    _dfix                                    0x08003039   Thumb Code    94  dfix.o(x$fpl$dfix)
    __aeabi_i2d                              0x08003097   Thumb Code     0  dflt_clz.o(x$fpl$dflt)
    _dflt                                    0x08003097   Thumb Code    46  dflt_clz.o(x$fpl$dflt)
    __aeabi_cdcmple                          0x080030c5   Thumb Code     0  dleqf.o(x$fpl$dleqf)
    _dcmple                                  0x080030c5   Thumb Code   120  dleqf.o(x$fpl$dleqf)
    __fpl_dcmple_InfNaN                      0x08003127   Thumb Code     0  dleqf.o(x$fpl$dleqf)
    __aeabi_dmul                             0x0800313d   Thumb Code     0  dmul.o(x$fpl$dmul)
    _dmul                                    0x0800313d   Thumb Code   332  dmul.o(x$fpl$dmul)
    __fpl_dnaninf                            0x08003291   Thumb Code   156  dnaninf.o(x$fpl$dnaninf)
    __fpl_dretinf                            0x0800332d   Thumb Code    12  dretinf.o(x$fpl$dretinf)
    __aeabi_cdrcmple                         0x08003339   Thumb Code     0  drleqf.o(x$fpl$drleqf)
    _drcmple                                 0x08003339   Thumb Code   108  drleqf.o(x$fpl$drleqf)
    __aeabi_drsub                            0x080033a5   Thumb Code     0  daddsub_clz.o(x$fpl$drsb)
    _drsb                                    0x080033a5   Thumb Code    22  daddsub_clz.o(x$fpl$drsb)
    _dsqrt                                   0x080033bd   Thumb Code   456  dsqrt_noumaal.o(x$fpl$dsqrt)
    __aeabi_dsub                             0x08003589   Thumb Code     0  daddsub_clz.o(x$fpl$dsub)
    _dsub                                    0x08003589   Thumb Code   464  daddsub_clz.o(x$fpl$dsub)
    __aeabi_fadd                             0x0800375d   Thumb Code     0  faddsub_clz.o(x$fpl$fadd)
    _fadd                                    0x0800375d   Thumb Code   196  faddsub_clz.o(x$fpl$fadd)
    __fpl_fcmp_Inf                           0x08003821   Thumb Code    24  fcmpi.o(x$fpl$fcmpinf)
    __aeabi_fdiv                             0x08003839   Thumb Code     0  fdiv.o(x$fpl$fdiv)
    _fdiv                                    0x08003839   Thumb Code   384  fdiv.o(x$fpl$fdiv)
    __aeabi_f2iz                             0x080039bd   Thumb Code     0  ffix.o(x$fpl$ffix)
    _ffix                                    0x080039bd   Thumb Code    54  ffix.o(x$fpl$ffix)
    __aeabi_cfcmple                          0x080039f5   Thumb Code     0  fleqf.o(x$fpl$fleqf)
    _fcmple                                  0x080039f5   Thumb Code   104  fleqf.o(x$fpl$fleqf)
    __fpl_fcmple_InfNaN                      0x08003a47   Thumb Code     0  fleqf.o(x$fpl$fleqf)
    __aeabi_fmul                             0x08003a5d   Thumb Code     0  fmul.o(x$fpl$fmul)
    _fmul                                    0x08003a5d   Thumb Code   258  fmul.o(x$fpl$fmul)
    __fpl_fnaninf                            0x08003b5f   Thumb Code   140  fnaninf.o(x$fpl$fnaninf)
    __fpl_fretinf                            0x08003beb   Thumb Code    10  fretinf.o(x$fpl$fretinf)
    __aeabi_cfrcmple                         0x08003bf5   Thumb Code     0  frleqf.o(x$fpl$frleqf)
    _frcmple                                 0x08003bf5   Thumb Code    98  frleqf.o(x$fpl$frleqf)
    __aeabi_frsub                            0x08003c57   Thumb Code     0  faddsub_clz.o(x$fpl$frsb)
    _frsb                                    0x08003c57   Thumb Code    20  faddsub_clz.o(x$fpl$frsb)
    __aeabi_fsub                             0x08003c6d   Thumb Code     0  faddsub_clz.o(x$fpl$fsub)
    _fsub                                    0x08003c6d   Thumb Code   234  faddsub_clz.o(x$fpl$fsub)
    __fpl_return_NaN                         0x08003d57   Thumb Code   100  retnan.o(x$fpl$retnan)
    __ARM_scalbn                             0x08003dbb   Thumb Code    92  scalbn.o(x$fpl$scalbn)
    __fpl_cmpreturn                          0x08003e17   Thumb Code    48  trapv.o(x$fpl$trapveneer)
    __I$use$fp                               0x08003e46   Number         0  usenofp.o(x$fpl$usenofp)
    __mathlib_zero                           0x08003f68   Data           8  qnan.o(.constdata)
    Region$$Table$$Base                      0x08003f70   Number         0  anon$$obj.o(Region$$Table)
    Region$$Table$$Limit                     0x08003f90   Number         0  anon$$obj.o(Region$$Table)
    KP                                       0x20000000   Data           4  main.o(.data)
    KI                                       0x20000004   Data           4  main.o(.data)
    KD                                       0x20000008   Data           4  main.o(.data)
    LastError                                0x2000000c   Data           4  main.o(.data)
    Error                                    0x20000010   Data           4  main.o(.data)
    ErrorSum                                 0x20000014   Data           4  main.o(.data)
    ErrorDiffern                             0x20000018   Data           4  main.o(.data)
    LabelBuf                                 0x20000020   Data           4  main.o(.data)
    interchange                              0x20000024   Data           1  main.o(.data)
    Ball_Order                               0x20000028   Data           4  main.o(.data)
    LastOrder                                0x2000002c   Data           4  main.o(.data)
    StartSpeed                               0x20000030   Data           4  main.o(.data)
    StartSpeed1                              0x20000034   Data           4  main.o(.data)
    pi                                       0x20000038   Data           4  main.o(.data)
    LastxValue                               0x20000044   Data           4  main.o(.data)
    LastyValue                               0x20000048   Data           4  main.o(.data)
    COG                                      0x2000004c   Data           8  main.o(.data)
    CVT                                      0x20000054   Data           8  main.o(.data)
    BBE                                      0x2000005c   Data           8  main.o(.data)
    CountRight                               0x20000064   Data           4  init.o(.data)
    CountLeft                                0x20000068   Data           4  init.o(.data)
    TimerCount                               0x2000006c   Data           4  init.o(.data)
    MAX                                      0x20000070   Data           4  init.o(.data)
    open                                     0x20000074   Data           1  init.o(.data)
    RecAllow                                 0x20000075   Data           1  init.o(.data)
    USART2_RxFlag                            0x20000078   Data           4  usart.o(.data)
    ch                                       0x2000007c   Data           1  usart.o(.data)
    USART2_State                             0x2000007d   Data           1  usart.o(.data)
    PrintfState                              0x2000007e   Data           1  usart.o(.data)
    ProcessAllow                             0x2000007f   Data           1  usart.o(.data)
    printf_dest                              0x20000084   Data           4  usart.o(.data)
    __stdout                                 0x20000088   Data           4  usart.o(.data)
    SystemCoreClock                          0x2000008c   Data           4  system_stm32f10x.o(.data)
    AHBPrescTable                            0x20000090   Data          16  system_stm32f10x.o(.data)
    chc                                      0x200000b4   Data          10  main.o(.bss)
    Buffer                                   0x200000be   Data          10  main.o(.bss)
    Forward                                  0x200000c8   Data          12  main.o(.bss)
    Backward                                 0x200000d4   Data          12  main.o(.bss)
    USART2_RxBuf                             0x200000e0   Data          50  usart.o(.bss)
    NullStr                                  0x20000112   Data          52  usart.o(.bss)
    __libspace_start                         0x20000148   Data          96  libspace.o(.bss)
    __temporary_stack_top$libspace           0x200001a8   Data           0  libspace.o(.bss)



==============================================================================

Memory Map of the image

  Image Entry point : 0x080000ed

  Load Region LR_IROM1 (Base: 0x08000000, Size: 0x00004044, Max: 0x00020000, ABSOLUTE)

    Execution Region ER_IROM1 (Exec base: 0x08000000, Load base: 0x08000000, Size: 0x00003f90, Max: 0x00020000, ABSOLUTE)

    Exec Addr    Load Addr    Size         Type   Attr      Idx    E Section Name        Object

    0x08000000   0x08000000   0x000000ec   Data   RO          372    RESET               startup_stm32f10x_md.o
    0x080000ec   0x080000ec   0x00000008   Code   RO         1552  * !!!main             c_w.l(__main.o)
    0x080000f4   0x080000f4   0x00000034   Code   RO         1855    !!!scatter          c_w.l(__scatter.o)
    0x08000128   0x08000128   0x0000001a   Code   RO         1857    !!handler_copy      c_w.l(__scatter_copy.o)
    0x08000142   0x08000142   0x00000002   PAD
    0x08000144   0x08000144   0x0000001c   Code   RO         1859    !!handler_zi        c_w.l(__scatter_zi.o)
    0x08000160   0x08000160   0x00000000   Code   RO         1545    .ARM.Collect$$_printf_percent$$00000000  c_w.l(_printf_percent.o)
    0x08000160   0x08000160   0x00000006   Code   RO         1544    .ARM.Collect$$_printf_percent$$00000009  c_w.l(_printf_d.o)
    0x08000166   0x08000166   0x00000006   Code   RO         1543    .ARM.Collect$$_printf_percent$$00000014  c_w.l(_printf_s.o)
    0x0800016c   0x0800016c   0x00000004   Code   RO         1623    .ARM.Collect$$_printf_percent$$00000017  c_w.l(_printf_percent_end.o)
    0x08000170   0x08000170   0x00000002   Code   RO         1726    .ARM.Collect$$libinit$$00000000  c_w.l(libinit.o)
    0x08000172   0x08000172   0x00000000   Code   RO         1734    .ARM.Collect$$libinit$$00000002  c_w.l(libinit2.o)
    0x08000172   0x08000172   0x00000000   Code   RO         1736    .ARM.Collect$$libinit$$00000004  c_w.l(libinit2.o)
    0x08000172   0x08000172   0x00000000   Code   RO         1739    .ARM.Collect$$libinit$$0000000A  c_w.l(libinit2.o)
    0x08000172   0x08000172   0x00000000   Code   RO         1741    .ARM.Collect$$libinit$$0000000C  c_w.l(libinit2.o)
    0x08000172   0x08000172   0x00000000   Code   RO         1743    .ARM.Collect$$libinit$$0000000E  c_w.l(libinit2.o)
    0x08000172   0x08000172   0x00000000   Code   RO         1746    .ARM.Collect$$libinit$$00000011  c_w.l(libinit2.o)
    0x08000172   0x08000172   0x00000000   Code   RO         1748    .ARM.Collect$$libinit$$00000013  c_w.l(libinit2.o)
    0x08000172   0x08000172   0x00000000   Code   RO         1750    .ARM.Collect$$libinit$$00000015  c_w.l(libinit2.o)
    0x08000172   0x08000172   0x00000000   Code   RO         1752    .ARM.Collect$$libinit$$00000017  c_w.l(libinit2.o)
    0x08000172   0x08000172   0x00000000   Code   RO         1754    .ARM.Collect$$libinit$$00000019  c_w.l(libinit2.o)
    0x08000172   0x08000172   0x00000000   Code   RO         1756    .ARM.Collect$$libinit$$0000001B  c_w.l(libinit2.o)
    0x08000172   0x08000172   0x00000000   Code   RO         1758    .ARM.Collect$$libinit$$0000001D  c_w.l(libinit2.o)
    0x08000172   0x08000172   0x00000000   Code   RO         1760    .ARM.Collect$$libinit$$0000001F  c_w.l(libinit2.o)
    0x08000172   0x08000172   0x00000000   Code   RO         1762    .ARM.Collect$$libinit$$00000021  c_w.l(libinit2.o)
    0x08000172   0x08000172   0x00000000   Code   RO         1764    .ARM.Collect$$libinit$$00000023  c_w.l(libinit2.o)
    0x08000172   0x08000172   0x00000000   Code   RO         1766    .ARM.Collect$$libinit$$00000025  c_w.l(libinit2.o)
    0x08000172   0x08000172   0x00000000   Code   RO         1770    .ARM.Collect$$libinit$$0000002C  c_w.l(libinit2.o)
    0x08000172   0x08000172   0x00000000   Code   RO         1772    .ARM.Collect$$libinit$$0000002E  c_w.l(libinit2.o)
    0x08000172   0x08000172   0x00000000   Code   RO         1774    .ARM.Collect$$libinit$$00000030  c_w.l(libinit2.o)
    0x08000172   0x08000172   0x00000000   Code   RO         1776    .ARM.Collect$$libinit$$00000032  c_w.l(libinit2.o)
    0x08000172   0x08000172   0x00000002   Code   RO         1777    .ARM.Collect$$libinit$$00000033  c_w.l(libinit2.o)
    0x08000174   0x08000174   0x00000002   Code   RO         1797    .ARM.Collect$$libshutdown$$00000000  c_w.l(libshutdown.o)
    0x08000176   0x08000176   0x00000000   Code   RO         1807    .ARM.Collect$$libshutdown$$00000002  c_w.l(libshutdown2.o)
    0x08000176   0x08000176   0x00000000   Code   RO         1809    .ARM.Collect$$libshutdown$$00000004  c_w.l(libshutdown2.o)
    0x08000176   0x08000176   0x00000000   Code   RO         1812    .ARM.Collect$$libshutdown$$00000007  c_w.l(libshutdown2.o)
    0x08000176   0x08000176   0x00000000   Code   RO         1815    .ARM.Collect$$libshutdown$$0000000A  c_w.l(libshutdown2.o)
    0x08000176   0x08000176   0x00000000   Code   RO         1817    .ARM.Collect$$libshutdown$$0000000C  c_w.l(libshutdown2.o)
    0x08000176   0x08000176   0x00000000   Code   RO         1820    .ARM.Collect$$libshutdown$$0000000F  c_w.l(libshutdown2.o)
    0x08000176   0x08000176   0x00000002   Code   RO         1821    .ARM.Collect$$libshutdown$$00000010  c_w.l(libshutdown2.o)
    0x08000178   0x08000178   0x00000000   Code   RO         1614    .ARM.Collect$$rtentry$$00000000  c_w.l(__rtentry.o)
    0x08000178   0x08000178   0x00000000   Code   RO         1681    .ARM.Collect$$rtentry$$00000002  c_w.l(__rtentry2.o)
    0x08000178   0x08000178   0x00000006   Code   RO         1693    .ARM.Collect$$rtentry$$00000004  c_w.l(__rtentry4.o)
    0x0800017e   0x0800017e   0x00000000   Code   RO         1683    .ARM.Collect$$rtentry$$00000009  c_w.l(__rtentry2.o)
    0x0800017e   0x0800017e   0x00000004   Code   RO         1684    .ARM.Collect$$rtentry$$0000000A  c_w.l(__rtentry2.o)
    0x08000182   0x08000182   0x00000000   Code   RO         1686    .ARM.Collect$$rtentry$$0000000C  c_w.l(__rtentry2.o)
    0x08000182   0x08000182   0x00000008   Code   RO         1687    .ARM.Collect$$rtentry$$0000000D  c_w.l(__rtentry2.o)
    0x0800018a   0x0800018a   0x00000002   Code   RO         1731    .ARM.Collect$$rtexit$$00000000  c_w.l(rtexit.o)
    0x0800018c   0x0800018c   0x00000000   Code   RO         1781    .ARM.Collect$$rtexit$$00000002  c_w.l(rtexit2.o)
    0x0800018c   0x0800018c   0x00000004   Code   RO         1782    .ARM.Collect$$rtexit$$00000003  c_w.l(rtexit2.o)
    0x08000190   0x08000190   0x00000006   Code   RO         1783    .ARM.Collect$$rtexit$$00000004  c_w.l(rtexit2.o)
    0x08000196   0x08000196   0x00000002   PAD
    0x08000198   0x08000198   0x00000040   Code   RO          373    .text               startup_stm32f10x_md.o
    0x080001d8   0x080001d8   0x00000002   Code   RO         1511    .text               c_w.l(use_no_semi_2.o)
    0x080001da   0x080001da   0x00000002   PAD
    0x080001dc   0x080001dc   0x00000018   Code   RO         1515    .text               c_w.l(noretval__2printf.o)
    0x080001f4   0x080001f4   0x00000068   Code   RO         1517    .text               c_w.l(__printf.o)
    0x0800025c   0x0800025c   0x00000052   Code   RO         1519    .text               c_w.l(_printf_str.o)
    0x080002ae   0x080002ae   0x00000002   PAD
    0x080002b0   0x080002b0   0x00000078   Code   RO         1521    .text               c_w.l(_printf_dec.o)
    0x08000328   0x08000328   0x0000003e   Code   RO         1546    .text               c_w.l(strlen.o)
    0x08000366   0x08000366   0x00000002   PAD
    0x08000368   0x08000368   0x00000080   Code   RO         1548    .text               c_w.l(strcmpv7m.o)
    0x080003e8   0x080003e8   0x00000006   Code   RO         1550    .text               c_w.l(heapauxi.o)
    0x080003ee   0x080003ee   0x00000002   Code   RO         1612    .text               c_w.l(use_no_semi.o)
    0x080003f0   0x080003f0   0x00000016   Code   RO         1615    .text               c_w.l(_rserrno.o)
    0x08000406   0x08000406   0x000000b2   Code   RO         1617    .text               c_w.l(_printf_intcommon.o)
    0x080004b8   0x080004b8   0x0000002c   Code   RO         1619    .text               c_w.l(_printf_char.o)
    0x080004e4   0x080004e4   0x00000024   Code   RO         1621    .text               c_w.l(_printf_char_file.o)
    0x08000508   0x08000508   0x00000008   Code   RO         1698    .text               c_w.l(rt_errno_addr_intlibspace.o)
    0x08000510   0x08000510   0x00000030   Code   RO         1700    .text               c_w.l(_printf_char_common.o)
    0x08000540   0x08000540   0x00000008   Code   RO         1702    .text               c_w.l(ferror.o)
    0x08000548   0x08000548   0x00000008   Code   RO         1712    .text               c_w.l(libspace.o)
    0x08000550   0x08000550   0x0000004a   Code   RO         1715    .text               c_w.l(sys_stackheap_outer.o)
    0x0800059a   0x0800059a   0x00000012   Code   RO         1719    .text               c_w.l(exit.o)
    0x080005ac   0x080005ac   0x00000004   Code   RO          268    i.BusFault_Handler  stm32f10x_it.o
    0x080005b0   0x080005b0   0x0000003a   Code   RO            1    i.ConvertData       main.o
    0x080005ea   0x080005ea   0x00000002   Code   RO          269    i.DebugMon_Handler  stm32f10x_it.o
    0x080005ec   0x080005ec   0x00000014   Code   RO            2    i.DelayMs           main.o
    0x08000600   0x08000600   0x00000020   Code   RO          130    i.EXTI9_5_IRQHandler  init.o
    0x08000620   0x08000620   0x0000000c   Code   RO          414    i.EXTI_ClearITPendingBit  stm32f10x_exti.o
    0x0800062c   0x0800062c   0x00000028   Code   RO          418    i.EXTI_GetITStatus  stm32f10x_exti.o
    0x08000654   0x08000654   0x00000094   Code   RO          419    i.EXTI_Init         stm32f10x_exti.o
    0x080006e8   0x080006e8   0x00000064   Code   RO          131    i.EXTI_SWITCH_Init  init.o
    0x0800074c   0x0800074c   0x00000040   Code   RO          470    i.GPIO_EXTILineConfig  stm32f10x_gpio.o
    0x0800078c   0x0800078c   0x00000116   Code   RO          473    i.GPIO_Init         stm32f10x_gpio.o
    0x080008a2   0x080008a2   0x0000000a   Code   RO          484    i.GPIO_WriteBit     stm32f10x_gpio.o
    0x080008ac   0x080008ac   0x00000004   Code   RO          270    i.HardFault_Handler  stm32f10x_it.o
    0x080008b0   0x080008b0   0x00000074   Code   RO          132    i.LED               init.o
    0x08000924   0x08000924   0x00000064   Code   RO          133    i.LEFT_PWM_Update   init.o
    0x08000988   0x08000988   0x00000004   Code   RO          271    i.MemManage_Handler  stm32f10x_it.o
    0x0800098c   0x0800098c   0x00000002   Code   RO          272    i.NMI_Handler       stm32f10x_it.o
    0x0800098e   0x0800098e   0x00000002   PAD
    0x08000990   0x08000990   0x00000070   Code   RO          377    i.NVIC_Init         misc.o
    0x08000a00   0x08000a00   0x00000088   Code   RO            3    i.PID_Update        main.o
    0x08000a88   0x08000a88   0x0000001c   Code   RO            4    i.PID_clear         main.o
    0x08000aa4   0x08000aa4   0x00000002   Code   RO          273    i.PendSV_Handler    stm32f10x_it.o
    0x08000aa6   0x08000aa6   0x00000002   PAD
    0x08000aa8   0x08000aa8   0x0000013c   Code   RO            5    i.ProcessData       main.o
    0x08000be4   0x08000be4   0x00000020   Code   RO          583    i.RCC_APB1PeriphClockCmd  stm32f10x_rcc.o
    0x08000c04   0x08000c04   0x00000020   Code   RO          585    i.RCC_APB2PeriphClockCmd  stm32f10x_rcc.o
    0x08000c24   0x08000c24   0x00000044   Code   RO          134    i.RCC_ENABLE_ALL    init.o
    0x08000c68   0x08000c68   0x000000d4   Code   RO          593    i.RCC_GetClocksFreq  stm32f10x_rcc.o
    0x08000d3c   0x08000d3c   0x00000064   Code   RO          135    i.RIGHT_PWM_Update  init.o
    0x08000da0   0x08000da0   0x00000002   Code   RO          274    i.SVC_Handler       stm32f10x_it.o
    0x08000da2   0x08000da2   0x00000008   Code   RO          325    i.SetSysClock       system_stm32f10x.o
    0x08000daa   0x08000daa   0x00000002   PAD
    0x08000dac   0x08000dac   0x000000e0   Code   RO          326    i.SetSysClockTo72   system_stm32f10x.o
    0x08000e8c   0x08000e8c   0x00000018   Code   RO            6    i.SysTick_Handler   main.o
    0x08000ea4   0x08000ea4   0x000000a4   Code   RO          327    i.SystemCoreClockUpdate  system_stm32f10x.o
    0x08000f48   0x08000f48   0x00000060   Code   RO          328    i.SystemInit        system_stm32f10x.o
    0x08000fa8   0x08000fa8   0x0000005c   Code   RO          136    i.TIM2_COUNT_Init   init.o
    0x08001004   0x08001004   0x00000038   Code   RO          137    i.TIM2_IRQHandler   init.o
    0x0800103c   0x0800103c   0x00000088   Code   RO          138    i.TIM3_PWM_CH12_Init  init.o
    0x080010c4   0x080010c4   0x00000006   Code   RO          792    i.TIM_ClearITPendingBit  stm32f10x_tim.o
    0x080010ca   0x080010ca   0x00000018   Code   RO          797    i.TIM_Cmd           stm32f10x_tim.o
    0x080010e2   0x080010e2   0x00000022   Code   RO          818    i.TIM_GetITStatus   stm32f10x_tim.o
    0x08001104   0x08001104   0x00000012   Code   RO          822    i.TIM_ITConfig      stm32f10x_tim.o
    0x08001116   0x08001116   0x00000002   PAD
    0x08001118   0x08001118   0x00000098   Code   RO          826    i.TIM_OC1Init       stm32f10x_tim.o
    0x080011b0   0x080011b0   0x00000012   Code   RO          829    i.TIM_OC1PreloadConfig  stm32f10x_tim.o
    0x080011c2   0x080011c2   0x00000002   PAD
    0x080011c4   0x080011c4   0x000000a4   Code   RO          831    i.TIM_OC2Init       stm32f10x_tim.o
    0x08001268   0x08001268   0x0000001a   Code   RO          834    i.TIM_OC2PreloadConfig  stm32f10x_tim.o
    0x08001282   0x08001282   0x00000002   PAD
    0x08001284   0x08001284   0x000000a4   Code   RO          868    i.TIM_TimeBaseInit  stm32f10x_tim.o
    0x08001328   0x08001328   0x0000020c   Code   RO          200    i.USART2_IRQHandler  usart.o
    0x08001534   0x08001534   0x000000f0   Code   RO          201    i.USART2_WIFI_Init  usart.o
    0x08001624   0x08001624   0x0000001e   Code   RO         1330    i.USART_ClearITPendingBit  stm32f10x_usart.o
    0x08001642   0x08001642   0x00000018   Code   RO         1333    i.USART_Cmd         stm32f10x_usart.o
    0x0800165a   0x0800165a   0x00000054   Code   RO         1337    i.USART_GetITStatus  stm32f10x_usart.o
    0x080016ae   0x080016ae   0x0000004a   Code   RO         1339    i.USART_ITConfig    stm32f10x_usart.o
    0x080016f8   0x080016f8   0x000000d8   Code   RO         1340    i.USART_Init        stm32f10x_usart.o
    0x080017d0   0x080017d0   0x000002c0   Code   RO            7    i.Update_PWM        main.o
    0x08001a90   0x08001a90   0x00000004   Code   RO          275    i.UsageFault_Handler  stm32f10x_it.o
    0x08001a94   0x08001a94   0x0000003c   Code   RO          242    i.WIFI_Connect      wifi.o
    0x08001ad0   0x08001ad0   0x00000048   Code   RO          243    i.WIFI_ConnectServer  wifi.o
    0x08001b18   0x08001b18   0x00000028   Code   RO         1667    i.__ARM_fpclassify  m_ws.l(fpclassify.o)
    0x08001b40   0x08001b40   0x000000aa   Code   RO         1669    i.__kernel_poly     m_ws.l(poly.o)
    0x08001bea   0x08001bea   0x00000002   PAD
    0x08001bec   0x08001bec   0x00000010   Code   RO         1653    i.__mathlib_dbl_divzero  m_ws.l(dunder.o)
    0x08001bfc   0x08001bfc   0x00000006   Code   RO         1654    i.__mathlib_dbl_infnan  m_ws.l(dunder.o)
    0x08001c02   0x08001c02   0x00000004   Code   RO         1655    i.__mathlib_dbl_infnan2  m_ws.l(dunder.o)
    0x08001c06   0x08001c06   0x0000000c   Code   RO         1656    i.__mathlib_dbl_invalid  m_ws.l(dunder.o)
    0x08001c12   0x08001c12   0x0000000e   Code   RO         1657    i.__mathlib_dbl_overflow  m_ws.l(dunder.o)
    0x08001c20   0x08001c20   0x00000010   Code   RO         1659    i.__mathlib_dbl_underflow  m_ws.l(dunder.o)
    0x08001c30   0x08001c30   0x00000004   Code   RO          202    i._sys_exit         usart.o
    0x08001c34   0x08001c34   0x00000220   Code   RO         1644    i.atan              m_ws.l(atan.o)
    0x08001e54   0x08001e54   0x00000180   Code   RO         1595    i.atan2             m_ws.l(atan2.o)
    0x08001fd4   0x08001fd4   0x00000020   Code   RO          203    i.fputc             usart.o
    0x08001ff4   0x08001ff4   0x00000194   Code   RO            8    i.main              main.o
    0x08002188   0x08002188   0x000009d8   Code   RO         1603    i.pow               m_ws.l(pow.o)
    0x08002b60   0x08002b60   0x0000004c   Code   RO         1673    i.sqrt              m_ws.l(sqrt.o)
    0x08002bac   0x08002bac   0x00000062   Code   RO         1554    x$fpl$d2f           fz_ws.l(d2f.o)
    0x08002c0e   0x08002c0e   0x00000002   PAD
    0x08002c10   0x08002c10   0x00000150   Code   RO         1556    x$fpl$dadd          fz_ws.l(daddsub_clz.o)
    0x08002d60   0x08002d60   0x00000010   Code   RO         1706    x$fpl$dcheck1       fz_ws.l(dcheck1.o)
    0x08002d70   0x08002d70   0x00000018   Code   RO         1727    x$fpl$dcmpinf       fz_ws.l(dcmpi.o)
    0x08002d88   0x08002d88   0x000002b0   Code   RO         1625    x$fpl$ddiv          fz_ws.l(ddiv.o)
    0x08003038   0x08003038   0x0000005e   Code   RO         1562    x$fpl$dfix          fz_ws.l(dfix.o)
    0x08003096   0x08003096   0x0000002e   Code   RO         1567    x$fpl$dflt          fz_ws.l(dflt_clz.o)
    0x080030c4   0x080030c4   0x00000078   Code   RO         1708    x$fpl$dleqf         fz_ws.l(dleqf.o)
    0x0800313c   0x0800313c   0x00000154   Code   RO         1572    x$fpl$dmul          fz_ws.l(dmul.o)
    0x08003290   0x08003290   0x0000009c   Code   RO         1628    x$fpl$dnaninf       fz_ws.l(dnaninf.o)
    0x0800332c   0x0800332c   0x0000000c   Code   RO         1630    x$fpl$dretinf       fz_ws.l(dretinf.o)
    0x08003338   0x08003338   0x0000006c   Code   RO         1632    x$fpl$drleqf        fz_ws.l(drleqf.o)
    0x080033a4   0x080033a4   0x00000016   Code   RO         1557    x$fpl$drsb          fz_ws.l(daddsub_clz.o)
    0x080033ba   0x080033ba   0x00000002   PAD
    0x080033bc   0x080033bc   0x000001cc   Code   RO         1710    x$fpl$dsqrt         fz_ws.l(dsqrt_noumaal.o)
    0x08003588   0x08003588   0x000001d4   Code   RO         1558    x$fpl$dsub          fz_ws.l(daddsub_clz.o)
    0x0800375c   0x0800375c   0x000000c4   Code   RO         1574    x$fpl$fadd          fz_ws.l(faddsub_clz.o)
    0x08003820   0x08003820   0x00000018   Code   RO         1634    x$fpl$fcmpinf       fz_ws.l(fcmpi.o)
    0x08003838   0x08003838   0x00000184   Code   RO         1581    x$fpl$fdiv          fz_ws.l(fdiv.o)
    0x080039bc   0x080039bc   0x00000036   Code   RO         1584    x$fpl$ffix          fz_ws.l(ffix.o)
    0x080039f2   0x080039f2   0x00000002   PAD
    0x080039f4   0x080039f4   0x00000068   Code   RO         1588    x$fpl$fleqf         fz_ws.l(fleqf.o)
    0x08003a5c   0x08003a5c   0x00000102   Code   RO         1590    x$fpl$fmul          fz_ws.l(fmul.o)
    0x08003b5e   0x08003b5e   0x0000008c   Code   RO         1636    x$fpl$fnaninf       fz_ws.l(fnaninf.o)
    0x08003bea   0x08003bea   0x0000000a   Code   RO         1638    x$fpl$fretinf       fz_ws.l(fretinf.o)
    0x08003bf4   0x08003bf4   0x00000062   Code   RO         1592    x$fpl$frleqf        fz_ws.l(frleqf.o)
    0x08003c56   0x08003c56   0x00000014   Code   RO         1575    x$fpl$frsb          fz_ws.l(faddsub_clz.o)
    0x08003c6a   0x08003c6a   0x00000002   PAD
    0x08003c6c   0x08003c6c   0x000000ea   Code   RO         1576    x$fpl$fsub          fz_ws.l(faddsub_clz.o)
    0x08003d56   0x08003d56   0x00000064   Code   RO         1729    x$fpl$retnan        fz_ws.l(retnan.o)
    0x08003dba   0x08003dba   0x0000005c   Code   RO         1640    x$fpl$scalbn        fz_ws.l(scalbn.o)
    0x08003e16   0x08003e16   0x00000030   Code   RO         1778    x$fpl$trapveneer    fz_ws.l(trapv.o)
    0x08003e46   0x08003e46   0x00000000   Code   RO         1642    x$fpl$usenofp       fz_ws.l(usenofp.o)
    0x08003e46   0x08003e46   0x00000002   PAD
    0x08003e48   0x08003e48   0x00000088   Data   RO         1604    .constdata          m_ws.l(pow.o)
    0x08003ed0   0x08003ed0   0x00000098   Data   RO         1645    .constdata          m_ws.l(atan.o)
    0x08003f68   0x08003f68   0x00000008   Data   RO         1671    .constdata          m_ws.l(qnan.o)
    0x08003f70   0x08003f70   0x00000020   Data   RO         1853    Region$$Table       anon$$obj.o


    Execution Region RW_IRAM1 (Exec base: 0x20000000, Load base: 0x08003f90, Size: 0x000007a8, Max: 0x00005000, ABSOLUTE)

    Exec Addr    Load Addr    Size         Type   Attr      Idx    E Section Name        Object

    0x20000000   0x08003f90   0x00000064   Data   RW           10    .data               main.o
    0x20000064   0x08003ff4   0x00000012   Data   RW          139    .data               init.o
    0x20000076   0x08004006   0x00000002   PAD
    0x20000078   0x08004008   0x00000014   Data   RW          205    .data               usart.o
    0x2000008c   0x0800401c   0x00000014   Data   RW          329    .data               system_stm32f10x.o
    0x200000a0   0x08004030   0x00000014   Data   RW          613    .data               stm32f10x_rcc.o
    0x200000b4        -       0x0000002c   Zero   RW            9    .bss                main.o
    0x200000e0        -       0x00000066   Zero   RW          204    .bss                usart.o
    0x20000146   0x08004044   0x00000002   PAD
    0x20000148        -       0x00000060   Zero   RW         1713    .bss                c_w.l(libspace.o)
    0x200001a8        -       0x00000200   Zero   RW          371    HEAP                startup_stm32f10x_md.o
    0x200003a8        -       0x00000400   Zero   RW          370    STACK               startup_stm32f10x_md.o


==============================================================================

Image component sizes


      Code (inc. data)   RO Data    RW Data    ZI Data      Debug   Object Name

         0          0          0          0          0         32   core_cm3.o
       800         58          0         18          0       5373   init.o
      1690        254          0        100         44     275565   main.o
       112         12          0          0          0       1168   misc.o
        64         26        236          0       1536        812   startup_stm32f10x_md.o
       200         18          0          0          0       2284   stm32f10x_exti.o
       352          4          0          0          0       3334   stm32f10x_gpio.o
        24          0          0          0          0       3580   stm32f10x_it.o
       276         32          0         20          0       4630   stm32f10x_rcc.o
       606         72          0          0          0       6448   stm32f10x_tim.o
       428          6          0          0          0       5288   stm32f10x_usart.o
       492         50          0         20          0       3017   system_stm32f10x.o
       800        116          0         20        102       4828   usart.o
       132         76          0          0          0       1164   wifi.o

    ----------------------------------------------------------------------
      5988        724        268        180       1684     317523   Object Totals
         0          0         32          0          0          0   (incl. Generated)
        12          0          0          2          2          0   (incl. Padding)

    ----------------------------------------------------------------------

      Code (inc. data)   RO Data    RW Data    ZI Data      Debug   Library Member Name

         8          0          0          0          0         68   __main.o
       104          0          0          0          0         84   __printf.o
         0          0          0          0          0          0   __rtentry.o
        12          0          0          0          0          0   __rtentry2.o
         6          0          0          0          0          0   __rtentry4.o
        52          8          0          0          0          0   __scatter.o
        26          0          0          0          0          0   __scatter_copy.o
        28          0          0          0          0          0   __scatter_zi.o
        44          0          0          0          0        108   _printf_char.o
        48          6          0          0          0         96   _printf_char_common.o
        36          4          0          0          0         80   _printf_char_file.o
         6          0          0          0          0          0   _printf_d.o
       120         16          0          0          0         92   _printf_dec.o
       178          0          0          0          0         88   _printf_intcommon.o
         0          0          0          0          0          0   _printf_percent.o
         4          0          0          0          0          0   _printf_percent_end.o
         6          0          0          0          0          0   _printf_s.o
        82          0          0          0          0         80   _printf_str.o
        22          0          0          0          0        100   _rserrno.o
        18          0          0          0          0         80   exit.o
         8          0          0          0          0         68   ferror.o
         6          0          0          0          0        152   heapauxi.o
         2          0          0          0          0          0   libinit.o
         2          0          0          0          0          0   libinit2.o
         2          0          0          0          0          0   libshutdown.o
         2          0          0          0          0          0   libshutdown2.o
         8          4          0          0         96         68   libspace.o
        24          4          0          0          0         84   noretval__2printf.o
         8          4          0          0          0         68   rt_errno_addr_intlibspace.o
         2          0          0          0          0          0   rtexit.o
        10          0          0          0          0          0   rtexit2.o
       128          0          0          0          0         68   strcmpv7m.o
        62          0          0          0          0         76   strlen.o
        74          0          0          0          0         80   sys_stackheap_outer.o
         2          0          0          0          0         68   use_no_semi.o
         2          0          0          0          0         68   use_no_semi_2.o
        98          4          0          0          0         92   d2f.o
       826         16          0          0          0        348   daddsub_clz.o
        16          4          0          0          0         68   dcheck1.o
        24          0          0          0          0         68   dcmpi.o
       688        140          0          0          0        208   ddiv.o
        94          4          0          0          0         92   dfix.o
        46          0          0          0          0         68   dflt_clz.o
       120          4          0          0          0         92   dleqf.o
       340         12          0          0          0        104   dmul.o
       156          4          0          0          0         92   dnaninf.o
        12          0          0          0          0         68   dretinf.o
       108          0          0          0          0         80   drleqf.o
       460         56          0          0          0        120   dsqrt_noumaal.o
       450          8          0          0          0        236   faddsub_clz.o
        24          0          0          0          0         68   fcmpi.o
       388         76          0          0          0         96   fdiv.o
        54          4          0          0          0         84   ffix.o
       104          4          0          0          0         84   fleqf.o
       258          4          0          0          0         84   fmul.o
       140          4          0          0          0         84   fnaninf.o
        10          0          0          0          0         68   fretinf.o
        98          0          0          0          0         68   frleqf.o
       100          0          0          0          0         68   retnan.o
        92          0          0          0          0         68   scalbn.o
        48          0          0          0          0         68   trapv.o
         0          0          0          0          0          0   usenofp.o
       544         70        152          0          0        124   atan.o
       384         38          0          0          0        144   atan2.o
        68         10          0          0          0        408   dunder.o
        40          0          0          0          0         68   fpclassify.o
       170          0          0          0          0         96   poly.o
      2520        190        136          0          0        324   pow.o
         0          0          8          0          0          0   qnan.o
        76          0          0          0          0         84   sqrt.o

    ----------------------------------------------------------------------
      9720        698        296          0         96       5500   Library Totals
        22          0          0          0          0          0   (incl. Padding)

    ----------------------------------------------------------------------

      Code (inc. data)   RO Data    RW Data    ZI Data      Debug   Library Name

      1142         46          0          0         96       1676   c_w.l
      4754        344          0          0          0       2576   fz_ws.l
      3802        308        296          0          0       1248   m_ws.l

    ----------------------------------------------------------------------
      9720        698        296          0         96       5500   Library Totals

    ----------------------------------------------------------------------

==============================================================================


      Code (inc. data)   RO Data    RW Data    ZI Data      Debug   

     15708       1422        564        180       1780     317247   Grand Totals
     15708       1422        564        180       1780     317247   ELF Image Totals
     15708       1422        564        180          0          0   ROM Totals

==============================================================================

    Total RO  Size (Code + RO Data)                16272 (  15.89kB)
    Total RW  Size (RW Data + ZI Data)              1960 (   1.91kB)
    Total ROM Size (Code + RO Data + RW Data)      16452 (  16.07kB)

==============================================================================

