Component: ARM Compiler 5.06 update 6 (build 750) Tool: armlink [4d35ed]

==============================================================================

Section Cross References

    init.o(i.EXTI9_5_IRQHandler) refers to stm32f10x_exti.o(i.EXTI_GetITStatus) for EXTI_GetITStatus
    init.o(i.EXTI9_5_IRQHandler) refers to stm32f10x_exti.o(i.EXTI_ClearITPendingBit) for EXTI_ClearITPendingBit
    init.o(i.EXTI9_5_IRQHandler) refers to init.o(.data) for open
    init.o(i.EXTI_SWITCH_Init) refers to stm32f10x_gpio.o(i.GPIO_Init) for GPIO_Init
    init.o(i.EXTI_SWITCH_Init) refers to stm32f10x_gpio.o(i.GPIO_EXTILineConfig) for GPIO_EXTILineConfig
    init.o(i.EXTI_SWITCH_Init) refers to stm32f10x_exti.o(i.EXTI_Init) for EXTI_Init
    init.o(i.EXTI_SWITCH_Init) refers to misc.o(i.NVIC_Init) for NVIC_Init
    init.o(i.LED) refers to stm32f10x_gpio.o(i.GPIO_Init) for GPIO_Init
    init.o(i.LED) refers to stm32f10x_gpio.o(i.GPIO_WriteBit) for GPIO_WriteBit
    init.o(i.LEFT_PWM_Update) refers to frleqf.o(x$fpl$frleqf) for __aeabi_cfrcmple
    init.o(i.LEFT_PWM_Update) refers to fleqf.o(x$fpl$fleqf) for __aeabi_cfcmple
    init.o(i.LEFT_PWM_Update) refers to ffix.o(x$fpl$ffix) for __aeabi_f2iz
    init.o(i.LEFT_PWM_Update) refers to stm32f10x_tim.o(i.TIM_OC2Init) for TIM_OC2Init
    init.o(i.LEFT_PWM_Update) refers to stm32f10x_tim.o(i.TIM_OC2PreloadConfig) for TIM_OC2PreloadConfig
    init.o(i.LEFT_PWM_Update) refers to init.o(.data) for MAX
    init.o(i.RCC_ENABLE_ALL) refers to stm32f10x_rcc.o(i.RCC_APB1PeriphClockCmd) for RCC_APB1PeriphClockCmd
    init.o(i.RCC_ENABLE_ALL) refers to stm32f10x_rcc.o(i.RCC_APB2PeriphClockCmd) for RCC_APB2PeriphClockCmd
    init.o(i.RIGHT_PWM_Update) refers to frleqf.o(x$fpl$frleqf) for __aeabi_cfrcmple
    init.o(i.RIGHT_PWM_Update) refers to fleqf.o(x$fpl$fleqf) for __aeabi_cfcmple
    init.o(i.RIGHT_PWM_Update) refers to ffix.o(x$fpl$ffix) for __aeabi_f2iz
    init.o(i.RIGHT_PWM_Update) refers to stm32f10x_tim.o(i.TIM_OC1Init) for TIM_OC1Init
    init.o(i.RIGHT_PWM_Update) refers to stm32f10x_tim.o(i.TIM_OC1PreloadConfig) for TIM_OC1PreloadConfig
    init.o(i.RIGHT_PWM_Update) refers to init.o(.data) for MAX
    init.o(i.TIM2_COUNT_Init) refers to stm32f10x_tim.o(i.TIM_TimeBaseInit) for TIM_TimeBaseInit
    init.o(i.TIM2_COUNT_Init) refers to stm32f10x_tim.o(i.TIM_Cmd) for TIM_Cmd
    init.o(i.TIM2_COUNT_Init) refers to stm32f10x_tim.o(i.TIM_ITConfig) for TIM_ITConfig
    init.o(i.TIM2_COUNT_Init) refers to misc.o(i.NVIC_Init) for NVIC_Init
    init.o(i.TIM2_IRQHandler) refers to stm32f10x_tim.o(i.TIM_GetITStatus) for TIM_GetITStatus
    init.o(i.TIM2_IRQHandler) refers to stm32f10x_tim.o(i.TIM_ClearITPendingBit) for TIM_ClearITPendingBit
    init.o(i.TIM2_IRQHandler) refers to init.o(.data) for TimerCount
    init.o(i.TIM3_PWM_CH12_Init) refers to stm32f10x_gpio.o(i.GPIO_Init) for GPIO_Init
    init.o(i.TIM3_PWM_CH12_Init) refers to stm32f10x_tim.o(i.TIM_TimeBaseInit) for TIM_TimeBaseInit
    init.o(i.TIM3_PWM_CH12_Init) refers to stm32f10x_tim.o(i.TIM_OC1Init) for TIM_OC1Init
    init.o(i.TIM3_PWM_CH12_Init) refers to stm32f10x_tim.o(i.TIM_OC1PreloadConfig) for TIM_OC1PreloadConfig
    init.o(i.TIM3_PWM_CH12_Init) refers to stm32f10x_tim.o(i.TIM_OC2Init) for TIM_OC2Init
    init.o(i.TIM3_PWM_CH12_Init) refers to stm32f10x_tim.o(i.TIM_OC2PreloadConfig) for TIM_OC2PreloadConfig
    main.o(i.DelayMs) refers to main.o(.data) for msTicks
    main.o(i.PID_Update) refers to faddsub_clz.o(x$fpl$fadd) for __aeabi_fadd
    main.o(i.PID_Update) refers to faddsub_clz.o(x$fpl$fsub) for __aeabi_fsub
    main.o(i.PID_Update) refers to fmul.o(x$fpl$fmul) for __aeabi_fmul
    main.o(i.PID_Update) refers to main.o(.data) for Error
    main.o(i.PID_clear) refers to main.o(.data) for ErrorSum
    main.o(i.ProcessData) refers to main.o(i.ConvertData) for ConvertData
    main.o(i.ProcessData) refers to dflt_clz.o(x$fpl$dflt) for __aeabi_i2d
    main.o(i.ProcessData) refers to pow.o(i.pow) for pow
    main.o(i.ProcessData) refers to dmul.o(x$fpl$dmul) for __aeabi_dmul
    main.o(i.ProcessData) refers to daddsub_clz.o(x$fpl$dadd) for __aeabi_dadd
    main.o(i.ProcessData) refers to dfix.o(x$fpl$dfix) for __aeabi_d2iz
    main.o(i.ProcessData) refers to strlen.o(.text) for strlen
    main.o(i.ProcessData) refers to strcmpv7m.o(.text) for strcmp
    main.o(i.ProcessData) refers to main.o(.data) for LabelBuf
    main.o(i.SysTick_Handler) refers to main.o(.data) for msTicks
    main.o(i.Update_PWM) refers to dflt_clz.o(x$fpl$dflt) for __aeabi_i2d
    main.o(i.Update_PWM) refers to atan2.o(i.atan2) for atan2
    main.o(i.Update_PWM) refers to d2f.o(x$fpl$d2f) for __aeabi_d2f
    main.o(i.Update_PWM) refers to faddsub_clz.o(x$fpl$fsub) for __aeabi_fsub
    main.o(i.Update_PWM) refers to fmul.o(x$fpl$fmul) for __aeabi_fmul
    main.o(i.Update_PWM) refers to fdiv.o(x$fpl$fdiv) for __aeabi_fdiv
[...]
    ../clib/printf_percent.s                 0x00000000   Number         0  _printf_percent.o ABSOLUTE
    ../clib/signal.c                         0x00000000   Number         0  defsig_fpe_inner.o ABSOLUTE
    ../clib/signal.c                         0x00000000   Number         0  defsig_general.o ABSOLUTE
    ../clib/signal.c                         0x00000000   Number         0  defsig_abrt_inner.o ABSOLUTE
    ../clib/signal.c                         0x00000000   Number         0  defsig_other.o ABSOLUTE
    ../clib/signal.c                         0x00000000   Number         0  defsig_segv_inner.o ABSOLUTE
    ../clib/signal.c                         0x00000000   Number         0  defsig_rtmem_formal.o ABSOLUTE
    ../clib/signal.c                         0x00000000   Number         0  defsig_stak_inner.o ABSOLUTE
    ../clib/signal.c                         0x00000000   Number         0  defsig_rtmem_outer.o ABSOLUTE
    ../clib/signal.c                         0x00000000   Number         0  defsig_rtred_inner.o ABSOLUTE
    ../clib/signal.c                         0x00000000   Number         0  defsig_pvfn_inner.o ABSOLUTE
    ../clib/signal.c                         0x00000000   Number         0  defsig_cppl_inner.o ABSOLUTE
    ../clib/signal.c                         0x00000000   Number         0  defsig_exit.o ABSOLUTE
    ../clib/signal.c                         0x00000000   Number         0  defsig_rtmem_inner.o ABSOLUTE
    ../clib/signal.c                         0x00000000   Number         0  __raise.o ABSOLUTE
    ../clib/signal.s                         0x00000000   Number         0  defsig.o ABSOLUTE
    ../clib/stdio.c                          0x00000000   Number         0  ferror.o ABSOLUTE
    ../clib/stdio.c                          0x00000000   Number         0  ferror_locked.o ABSOLUTE
    ../clib/stdlib.c                         0x00000000   Number         0  exit.o ABSOLUTE
    ../clib/string.c                         0x00000000   Number         0  strlen.o ABSOLUTE
    ../fplib/d2f.s                           0x00000000   Number         0  d2f.o ABSOLUTE
    ../fplib/daddsub.s                       0x00000000   Number         0  daddsub_clz.o ABSOLUTE
    ../fplib/dcheck1.s                       0x00000000   Number         0  dcheck1.o ABSOLUTE
    ../fplib/dcmpi.s                         0x00000000   Number         0  dcmpi.o ABSOLUTE
    ../fplib/ddiv.s                          0x00000000   Number         0  ddiv.o ABSOLUTE
    ../fplib/dfix.s                          0x00000000   Number         0  dfix.o ABSOLUTE
    ../fplib/dflt.s                          0x00000000   Number         0  dflt_clz.o ABSOLUTE
    ../fplib/dleqf.s                         0x00000000   Number         0  dleqf.o ABSOLUTE
    ../fplib/dmul.s                          0x00000000   Number         0  dmul.o ABSOLUTE
    ../fplib/dnaninf.s                       0x00000000   Number         0  dnaninf.o ABSOLUTE
    ../fplib/dretinf.s                       0x00000000   Number         0  dretinf.o ABSOLUTE
    ../fplib/drleqf.s                        0x00000000   Number         0  drleqf.o ABSOLUTE
    ../fplib/dsqrt.s                         0x00000000   Number         0  dsqrt_noumaal.o ABSOLUTE
    ../fplib/faddsub.s                       0x00000000   Number         0  faddsub_clz.o ABSOLUTE
    ../fplib/fcmpi.s                         0x00000000   Number         0  fcmpi.o ABSOLUTE
    ../fplib/fdiv.s                          0x00000000   Number         0  fdiv.o ABSOLUTE
    ../fplib/ffix.s                          0x00000000   Number         0  ffix.o ABSOLUTE
    ../fplib/fleqf.s                         0x00000000   Number         0  fleqf.o ABSOLUTE
    ../fplib/fmul.s                          0x00000000   Number         0  fmul.o ABSOLUTE
    ../fplib/fnaninf.s                       0x00000000   Number         0  fnaninf.o ABSOLUTE
    ../fplib/fpinit.s                        0x00000000   Number         0  fpinit.o ABSOLUTE
    ../fplib/fretinf.s                       0x00000000   Number         0  fretinf.o ABSOLUTE
    ../fplib/frleqf.s                        0x00000000   Number         0  frleqf.o ABSOLUTE
    ../fplib/retnan.s                        0x00000000   Number         0  retnan.o ABSOLUTE
    ../fplib/scalbn.s                        0x00000000   Number         0  scalbn.o ABSOLUTE
    ../fplib/trapv.s                         0x00000000   Number         0  trapv.o ABSOLUTE
    ../fplib/usenofp.s                       0x00000000   Number         0  usenofp.o ABSOLUTE
    ../mathlib/atan.c                        0x00000000   Number         0  atan_x.o ABSOLUTE
    ../mathlib/atan.c                        0x00000000   Number         0  atan.o ABSOLUTE
    ../mathlib/atan2.c                       0x00000000   Number         0  atan2_x.o ABSOLUTE
    ../mathlib/atan2.c                       0x00000000   Number         0  atan2.o ABSOLUTE
    ../mathlib/dunder.c                      0x00000000   Number         0  dunder.o ABSOLUTE
    ../mathlib/fpclassify.c                  0x00000000   Number         0  fpclassify.o ABSOLUTE
    ../mathlib/poly.c                        0x00000000   Number         0  poly.o ABSOLUTE
    ../mathlib/pow.c                         0x00000000   Number         0  pow_x.o ABSOLUTE
    ../mathlib/pow.c                         0x00000000   Number         0  pow.o ABSOLUTE
    ../mathlib/qnan.c                        0x00000000   Number         0  qnan.o ABSOLUTE
    ../mathlib/sqrt.c                        0x00000000   Number         0  sqrt_x.o ABSOLUTE
    ../mathlib/sqrt.c                        0x00000000   Number         0  sqrt.o ABSOLUTE
    CORE\\core_cm3.c                         0x00000000   Number         0  core_cm3.o ABSOLUTE
    CORE\core_cm3.c                          0x00000000   Number         0  core_cm3.o ABSOLUTE
    CORE\startup_stm32f10x_md.s              0x00000000   Number         0  startup_stm32f10x_md.o ABSOLUTE
    MAIN\USART.c                             0x00000000   Number         0  usart.o ABSOLUTE
    MAIN\WIFI.c                              0x00000000   Number         0  wifi.o ABSOLUTE
    MAIN\init.c                              0x00000000   Number         0  init.o ABSOLUTE
    MAIN\main.c                              0x00000000   Number         0  main.o ABSOLUTE
    MAIN\stm32f10x_it.c                      0x00000000   Number         0  stm32f10x_it.o ABSOLUTE
    MAIN\system_stm32f10x.c                  0x00000000   Number         0  system_stm32f10x.o ABSOLUTE
    STM32F10x_Lib\src\misc.c                 0x00000000   Number         0  misc.o ABSOLUTE
    STM32F10x_Lib\src\stm32f10x_exti.c       0x00000000   Number         0  stm32f10x_exti.o ABSOLUTE
    STM32F10x_Lib\src\stm32f10x_gpio.c       0x00000000   Number         0  stm32f10x_gpio.o ABSOLUTE
    STM32F10x_Lib\src\stm32f10x_rcc.c        0x00000000   Number         0  stm32f10x_rcc.o ABSOLUTE
    STM32F10x_Lib\src\stm32f10x_spi.c        0x00000000   Number         0  stm32f10x_spi.o ABSOLUTE
    STM32F10x_Lib\src\stm32f10x_tim.c        0x00000000   Number         0  stm32f10x_tim.o ABSOLUTE
    STM32F10x_Lib\src\stm32f10x_usart.c      0x00000000   Number         0  stm32f10x_usart.o ABSOLUTE
    dc.s                                     0x00000000   Number         0  dc.o ABSOLUTE
    RESET                                    0x08000000   Section      236  startup_stm32f10x_md.o(RESET)
    !!!main                                  0x080000ec   Section        8  __main.o(!!!main)
    !!!scatter                               0x080000f4   Section       52  __scatter.o(!!!scatter)
    !!handler_copy                           0x08000128   Section       26  __scatter_copy.o(!!handler_copy)
    !!handler_zi                             0x08000144   Section       28  __scatter_zi.o(!!handler_zi)
    .ARM.Collect$$_printf_percent$$00000000  0x08000160   Section        0  _printf_percent.o(.ARM.Collect$$_printf_percent$$00000000)
    .ARM.Collect$$_printf_percent$$00000009  0x08000160   Section        6  _printf_d.o(.ARM.Collect$$_printf_percent$$00000009)
    .ARM.Collect$$_printf_percent$$00000014  0x08000166   Section        6  _printf_s.o(.ARM.Collect$$_printf_percent$$00000014)
    .ARM.Collect$$_printf_percent$$00000017  0x0800016c   Section        4  _printf_percent_end.o(.ARM.Collect$$_printf_percent$$00000017)
    .ARM.Collect$$libinit$$00000000          0x08000170   Section        2  libinit.o(.ARM.Collect$$libinit$$00000000)
    .ARM.Collect$$libinit$$00000002          0x08000172   Section        0  libinit2.o(.ARM.Collect$$libinit$$00000002)
    .ARM.Collect$$libinit$$00000004          0x08000172   Section        0  libinit2.o(.ARM.Collect$$libinit$$00000004)
    .ARM.Collect$$libinit$$0000000A          0x08000172   Section        0  libinit2.o(.ARM.Collect$$libinit$$0000000A)
    .ARM.Collect$$libinit$$0000000C          0x08000172   Section        0  libinit2.o(.ARM.Collect$$libinit$$0000000C)
    .ARM.Collect$$libinit$$0000000E          0x08000172   Section        0  libinit2.o(.ARM.Collect$$libinit$$0000000E)
    .ARM.Collect$$libinit$$00000011          0x08000172   Section        0  libinit2.o(.ARM.Collect$$libinit$$00000011)
    .ARM.Collect$$libinit$$00000013          0x08000172   Section        0  libinit2.o(.ARM.Collect$$libinit$$00000013)
    .ARM.Collect$$libinit$$00000015          0x08000172   Section        0  libinit2.o(.ARM.Collect$$libinit$$00000015)
    .ARM.Collect$$libinit$$00000017          0x08000172   Section        0  libinit2.o(.ARM.Collect$$libinit$$00000017)
    .ARM.Collect$$libinit$$00000019          0x08000172   Section        0  libinit2.o(.ARM.Collect$$libinit$$00000019)
    .ARM.Collect$$libinit$$0000001B          0x08000172   Section        0  libinit2.o(.ARM.Collect$$libinit$$0000001B)
    .ARM.Collect$$libinit$$0000001D          0x08000172   Section        0  libinit2.o(.ARM.Collect$$libinit$$0000001D)
    .ARM.Collect$$libinit$$0000001F          0x08000172   Section        0  libinit2.o(.ARM.Collect$$libinit$$0000001F)
    .ARM.Collect$$libinit$$00000021          0x08000172   Section        0  libinit2.o(.ARM.Collect$$libinit$$00000021)
    .ARM.Collect$$libinit$$00000023          0x08000172   Section        0  libinit2.o(.ARM.Collect$$libinit$$00000023)
    .ARM.Collect$$libinit$$00000025          0x08000172   Section        0  libinit2.o(.ARM.Collect$$libinit$$00000025)
    .ARM.Collect$$libinit$$0000002C          0x08000172   Section        0  libinit2.o(.ARM.Collect$$libinit$$0000002C)
    .ARM.Collect$$libinit$$0000002E          0x08000172   Section        0  libinit2.o(.ARM.Collect$$libinit$$0000002E)
    .ARM.Collect$$libinit$$00000030          0x08000172   Section        0  libinit2.o(.ARM.Collect$$libinit$$00000030)
    .ARM.Collect$$libinit$$00000032          0x08000172   Section        0  libinit2.o(.ARM.Collect$$libinit$$00000032)
    .ARM.Collect$$libinit$$00000033          0x08000172   Section        2  libinit2.o(.ARM.Collect$$libinit$$00000033)
    .ARM.Collect$$libshutdown$$00000000      0x08000174   Section        2  libshutdown.o(.ARM.Collect$$libshutdown$$00000000)
    .ARM.Collect$$libshutdown$$00000002      0x08000176   Section        0  libshutdown2.o(.ARM.Collect$$libshutdown$$00000002)
    .ARM.Collect$$libshutdown$$00000004      0x08000176   Section        0  libshutdown2.o(.ARM.Collect$$libshutdown$$00000004)
    .ARM.Collect$$libshutdown$$00000007      0x08000176   Section        0  libshutdown2.o(.ARM.Collect$$libshutdown$$00000007)
    .ARM.Collect$$libshutdown$$0000000A      0x08000176   Section        0  libshutdown2.o(.ARM.Collect$$libshutdown$$0000000A)
    .ARM.Collect$$libshutdown$$0000000C      0x08000176   Section        0  libshutdown2.o(.ARM.Collect$$libshutdown$$0000000C)
    .ARM.Collect$$libshutdown$$0000000F      0x08000176   Section        0  libshutdown2.o(.ARM.Collect$$libshutdown$$0000000F)
    .ARM.Collect$$libshutdown$$00000010      0x08000176   Section        2  libshutdown2.o(.ARM.Collect$$libshutdown$$00000010)
    .ARM.Collect$$rtentry$$00000000          0x08000178   Section        0  __rtentry.o(.ARM.Collect$$rtentry$$00000000)
    .ARM.Collect$$rtentry$$00000002          0x08000178   Section        0  __rtentry2.o(.ARM.Collect$$rtentry$$00000002)
    .ARM.Collect$$rtentry$$00000004          0x08000178   Section        6  __rtentry4.o(.ARM.Collect$$rtentry$$00000004)
    .ARM.Collect$$rtentry$$00000009          0x0800017e   Section        0  __rtentry2.o(.ARM.Collect$$rtentry$$00000009)
    .ARM.Collect$$rtentry$$0000000A          0x0800017e   Section        4  __rtentry2.o(.ARM.Collect$$rtentry$$0000000A)
    .ARM.Collect$$rtentry$$0000000C          0x08000182   Section        0  __rtentry2.o(.ARM.Collect$$rtentry$$0000000C)
    .ARM.Collect$$rtentry$$0000000D          0x08000182   Section        8  __rtentry2.o(.ARM.Collect$$rtentry$$0000000D)
    .ARM.Collect$$rtexit$$00000000           0x0800018a   Section        2  rtexit.o(.ARM.Collect$$rtexit$$00000000)
    .ARM.Collect$$rtexit$$00000002           0x0800018c   Section        0  rtexit2.o(.ARM.Collect$$rtexit$$00000002)
    .ARM.Collect$$rtexit$$00000003           0x0800018c   Section        4  rtexit2.o(.ARM.Collect$$rtexit$$00000003)
    .ARM.Collect$$rtexit$$00000004           0x08000190   Section        6  rtexit2.o(.ARM.Collect$$rtexit$$00000004)
    .text                                    0x08000198   Section       64  startup_stm32f10x_md.o(.text)
    .text                                    0x080001d8   Section        2  use_no_semi_2.o(.text)
    .text                                    0x080001dc   Section        0  noretval__2printf.o(.text)
    .text                                    0x080001f4   Section        0  __printf.o(.text)
    .text                                    0x0800025c   Section        0  _printf_str.o(.text)
    .text                                    0x080002b0   Section        0  _printf_dec.o(.text)
    .text                                    0x08000328   Section        0  strlen.o(.text)
    .text                                    0x08000368   Section      128  strcmpv7m.o(.text)
    .text                                    0x080003e8   Section        0  heapauxi.o(.text)
    .text                                    0x080003ee   Section        2  use_no_semi.o(.text)
    .text                                    0x080003f0   Section        0  _rserrno.o(.text)
    .text                                    0x08000406   Section        0  _printf_intcommon.o(.text)
    .text                                    0x080004b8   Section        0  _printf_char.o(.text)
    .text                                    0x080004e4   Section        0  _printf_char_file.o(.text)
    .text                                    0x08000508   Section        8  rt_errno_addr_intlibspace.o(.text)
    .text                                    0x08000510   Section        0  _printf_char_common.o(.text)
    _printf_input_char                       0x08000511   Thumb Code    10  _printf_char_common.o(.text)
    .text                                    0x08000540   Section        0  ferror.o(.text)
    .text                                    0x08000548   Section        8  libspace.o(.text)
    .text                                    0x08000550   Section       74  sys_stackheap_outer.o(.text)
    .text                                    0x0800059a   Section        0  exit.o(.text)
    i.BusFault_Handler                       0x080005ac   Section        0  stm32f10x_it.o(i.BusFault_Handler)
    i.ConvertData                            0x080005b0   Section        0  main.o(i.ConvertData)
    i.DebugMon_Handler                       0x080005ea   Section        0  stm32f10x_it.o(i.DebugMon_Handler)
    i.DelayMs                                0x080005ec   Section        0  main.o(i.DelayMs)
    i.EXTI9_5_IRQHandler                     0x08000600   Section        0  init.o(i.EXTI9_5_IRQHandler)
    i.EXTI_ClearITPendingBit                 0x08000620   Section        0  stm32f10x_exti.o(i.EXTI_ClearITPendingBit)
    i.EXTI_GetITStatus                       0x0800062c   Section        0  stm32f10x_exti.o(i.EXTI_GetITStatus)
    i.EXTI_Init                              0x08000654   Section        0  stm32f10x_exti.o(i.EXTI_Init)
    i.EXTI_SWITCH_Init                       0x080006e8   Section        0  init.o(i.EXTI_SWITCH_Init)
    i.GPIO_EXTILineConfig                    0x0800074c   Section        0  stm32f10x_gpio.o(i.GPIO_EXTILineConfig)
    i.GPIO_Init                              0x0800078c   Section        0  stm32f10x_gpio.o(i.GPIO_Init)
    i.GPIO_WriteBit                          0x080008a2   Section        0  stm32f10x_gpio.o(i.GPIO_WriteBit)
    i.HardFault_Handler                      0x080008ac   Section        0  stm32f10x_it.o(i.HardFault_Handler)
    i.LED                                    0x080008b0   Section        0  init.o(i.LED)
    i.LEFT_PWM_Update                        0x08000924   Section        0  init.o(i.LEFT_PWM_Update)
    i.MemManage_Handler                      0x08000988   Section        0  stm32f10x_it.o(i.MemManage_Handler)
    i.NMI_Handler                            0x0800098c   Section        0  stm32f10x_it.o(i.NMI_Handler)
    i.NVIC_Init                              0x08000990   Section        0  misc.o(i.NVIC_Init)
    i.PID_Update                             0x08000a00   Section        0  main.o(i.PID_Update)
    i.PID_clear                              0x08000a88   Section        0  main.o(i.PID_clear)
    i.PendSV_Handler                         0x08000aa4   Section        0  stm32f10x_it.o(i.PendSV_Handler)
    i.ProcessData                            0x08000aa8   Section        0  main.o(i.ProcessData)
    i.RCC_APB1PeriphClockCmd                 0x08000c2c   Section        0  stm32f10x_rcc.o(i.RCC_APB1PeriphClockCmd)
    i.RCC_APB2PeriphClockCmd                 0x08000c4c   Section        0  stm32f10x_rcc.o(i.RCC_APB2PeriphClockCmd)
    i.RCC_ENABLE_ALL                         0x08000c6c   Section        0  init.o(i.RCC_ENABLE_ALL)
    i.RCC_GetClocksFreq                      0x08000cb0   Section        0  stm32f10x_rcc.o(i.RCC_GetClocksFreq)
    i.RIGHT_PWM_Update                       0x08000d84   Section        0  init.o(i.RIGHT_PWM_Update)
    i.SVC_Handler                            0x08000de8   Section        0  stm32f10x_it.o(i.SVC_Handler)
    i.SetSysClock                            0x08000dea   Section        0  system_stm32f10x.o(i.SetSysClock)
    SetSysClock                              0x08000deb   Thumb Code     8  system_stm32f10x.o(i.SetSysClock)
    i.SetSysClockTo72                        0x08000df4   Section        0  system_stm32f10x.o(i.SetSysClockTo72)
    SetSysClockTo72                          0x08000df5   Thumb Code   214  system_stm32f10x.o(i.SetSysClockTo72)
    i.SysTick_Handler                        0x08000ed4   Section        0  main.o(i.SysTick_Handler)
    i.SystemCoreClockUpdate                  0x08000eec   Section        0  system_stm32f10x.o(i.SystemCoreClockUpdate)
    i.SystemInit                             0x08000f90   Section        0  system_stm32f10x.o(i.SystemInit)
    i.TIM2_COUNT_Init                        0x08000ff0   Section        0  init.o(i.TIM2_COUNT_Init)
    i.TIM2_IRQHandler                        0x0800104c   Section        0  init.o(i.TIM2_IRQHandler)
    i.TIM3_PWM_CH12_Init                     0x08001084   Section        0  init.o(i.TIM3_PWM_CH12_Init)
    i.TIM_ClearITPendingBit                  0x0800110c   Section        0  stm32f10x_tim.o(i.TIM_ClearITPendingBit)
    i.TIM_Cmd                                0x08001112   Section        0  stm32f10x_tim.o(i.TIM_Cmd)
    i.TIM_GetITStatus                        0x0800112a   Section        0  stm32f10x_tim.o(i.TIM_GetITStatus)
    i.TIM_ITConfig                           0x0800114c   Section        0  stm32f10x_tim.o(i.TIM_ITConfig)
    i.TIM_OC1Init                            0x08001160   Section        0  stm32f10x_tim.o(i.TIM_OC1Init)
    i.TIM_OC1PreloadConfig                   0x080011f8   Section        0  stm32f10x_tim.o(i.TIM_OC1PreloadConfig)
    i.TIM_OC2Init                            0x0800120c   Section        0  stm32f10x_tim.o(i.TIM_OC2Init)
    i.TIM_OC2PreloadConfig                   0x080012b0   Section        0  stm32f10x_tim.o(i.TIM_OC2PreloadConfig)
    i.TIM_TimeBaseInit                       0x080012cc   Section        0  stm32f10x_tim.o(i.TIM_TimeBaseInit)
    i.USART2_IRQHandler                      0x08001370   Section        0  usart.o(i.USART2_IRQHandler)
    i.USART2_WIFI_Init                       0x0800157c   Section        0  usart.o(i.USART2_WIFI_Init)
    i.USART_ClearITPendingBit                0x0800166c   Section        0  stm32f10x_usart.o(i.USART_ClearITPendingBit)
    i.USART_Cmd                              0x0800168a   Section        0  stm32f10x_usart.o(i.USART_Cmd)
    i.USART_GetITStatus                      0x080016a2   Section        0  stm32f10x_usart.o(i.USART_GetITStatus)
    i.USART_ITConfig                         0x080016f6   Section        0  stm32f10x_usart.o(i.USART_ITConfig)
    i.USART_Init                             0x08001740   Section        0  stm32f10x_usart.o(i.USART_Init)
    i.Update_PWM                             0x08001818   Section        0  main.o(i.Update_PWM)
    i.UsageFault_Handler                     0x08001bf4   Section        0  stm32f10x_it.o(i.UsageFault_Handler)
    i.WIFI_Connect                           0x08001bf8   Section        0  wifi.o(i.WIFI_Connect)
    i.WIFI_ConnectServer                     0x08001c34   Section        0  wifi.o(i.WIFI_ConnectServer)
    i.__ARM_fpclassify                       0x08001c7c   Section        0  fpclassify.o(i.__ARM_fpclassify)
    i.__kernel_poly                          0x08001ca4   Section        0  poly.o(i.__kernel_poly)
    i.__mathlib_dbl_divzero                  0x08001d50   Section        0  dunder.o(i.__mathlib_dbl_divzero)
    i.__mathlib_dbl_infnan                   0x08001d60   Section        0  dunder.o(i.__mathlib_dbl_infnan)
    i.__mathlib_dbl_infnan2                  0x08001d66   Section        0  dunder.o(i.__mathlib_dbl_infnan2)
    i.__mathlib_dbl_invalid                  0x08001d6a   Section        0  dunder.o(i.__mathlib_dbl_invalid)
    i.__mathlib_dbl_overflow                 0x08001d76   Section        0  dunder.o(i.__mathlib_dbl_overflow)
    i.__mathlib_dbl_underflow                0x08001d84   Section        0  dunder.o(i.__mathlib_dbl_underflow)
    i._sys_exit                              0x08001d94   Section        0  usart.o(i._sys_exit)
    i.atan                                   0x08001d98   Section        0  atan.o(i.atan)
    i.atan2                                  0x08001fb8   Section        0  atan2.o(i.atan2)
    i.fputc                                  0x08002138   Section        0  usart.o(i.fputc)
    i.main                                   0x08002158   Section        0  main.o(i.main)
    i.pow                                    0x080022c4   Section        0  pow.o(i.pow)
    i.sqrt                                   0x08002c9c   Section        0  sqrt.o(i.sqrt)
    x$fpl$d2f                                0x08002ce8   Section       98  d2f.o(x$fpl$d2f)
    x$fpl$dadd                               0x08002d4c   Section      336  daddsub_clz.o(x$fpl$dadd)
    _dadd1                                   0x08002d5d   Thumb Code     0  daddsub_clz.o(x$fpl$dadd)
    x$fpl$dcheck1                            0x08002e9c   Section       16  dcheck1.o(x$fpl$dcheck1)
    x$fpl$dcmpinf                            0x08002eac   Section       24  dcmpi.o(x$fpl$dcmpinf)
    x$fpl$ddiv                               0x08002ec4   Section      688  ddiv.o(x$fpl$ddiv)
    ddiv_entry                               0x08002ecb   Thumb Code     0  ddiv.o(x$fpl$ddiv)
    x$fpl$dfix                               0x08003174   Section       94  dfix.o(x$fpl$dfix)
    x$fpl$dflt                               0x080031d2   Section       46  dflt_clz.o(x$fpl$dflt)
    x$fpl$dleqf                              0x08003200   Section      120  dleqf.o(x$fpl$dleqf)
    x$fpl$dmul                               0x08003278   Section      340  dmul.o(x$fpl$dmul)
    x$fpl$dnaninf                            0x080033cc   Section      156  dnaninf.o(x$fpl$dnaninf)
    x$fpl$dretinf                            0x08003468   Section       12  dretinf.o(x$fpl$dretinf)
    x$fpl$drleqf                             0x08003474   Section      108  drleqf.o(x$fpl$drleqf)
    x$fpl$drsb                               0x080034e0   Section       22  daddsub_clz.o(x$fpl$drsb)
    x$fpl$dsqrt                              0x080034f8   Section      460  dsqrt_noumaal.o(x$fpl$dsqrt)
    x$fpl$dsub                               0x080036c4   Section      468  daddsub_clz.o(x$fpl$dsub)
    _dsub1                                   0x080036d5   Thumb Code     0  daddsub_clz.o(x$fpl$dsub)
    x$fpl$fadd                               0x08003898   Section      196  faddsub_clz.o(x$fpl$fadd)
    _fadd1                                   0x080038a7   Thumb Code     0  faddsub_clz.o(x$fpl$fadd)
    x$fpl$fcmpinf                            0x0800395c   Section       24  fcmpi.o(x$fpl$fcmpinf)
    x$fpl$fdiv                               0x08003974   Section      388  fdiv.o(x$fpl$fdiv)
    _fdiv1                                   0x08003975   Thumb Code     0  fdiv.o(x$fpl$fdiv)
    x$fpl$ffix                               0x08003af8   Section       54  ffix.o(x$fpl$ffix)
    x$fpl$fleqf                              0x08003b30   Section      104  fleqf.o(x$fpl$fleqf)
    x$fpl$fmul                               0x08003b98   Section      258  fmul.o(x$fpl$fmul)
    x$fpl$fnaninf                            0x08003c9a   Section      140  fnaninf.o(x$fpl$fnaninf)
    x$fpl$fretinf                            0x08003d26   Section       10  fretinf.o(x$fpl$fretinf)
    x$fpl$frleqf                             0x08003d30   Section       98  frleqf.o(x$fpl$frleqf)
    x$fpl$frsb                               0x08003d92   Section       20  faddsub_clz.o(x$fpl$frsb)
    x$fpl$fsub                               0x08003da8   Section      234  faddsub_clz.o(x$fpl$fsub)
    _fsub1                                   0x08003db7   Thumb Code     0  faddsub_clz.o(x$fpl$fsub)
    x$fpl$retnan                             0x08003e92   Section      100  retnan.o(x$fpl$retnan)
    x$fpl$scalbn                             0x08003ef6   Section       92  scalbn.o(x$fpl$scalbn)
    x$fpl$trapveneer                         0x08003f52   Section       48  trapv.o(x$fpl$trapveneer)
    x$fpl$usenofp                            0x08003f82   Section        0  usenofp.o(x$fpl$usenofp)
    .constdata                               0x08003f88   Section      136  pow.o(.constdata)
    bp                                       0x08003f88   Data          16  pow.o(.constdata)
    dp_h                                     0x08003f98   Data          16  pow.o(.constdata)
    dp_l                                     0x08003fa8   Data          16  pow.o(.constdata)
    L                                        0x08003fb8   Data          48  pow.o(.constdata)
    P                                        0x08003fe8   Data          40  pow.o(.constdata)
    .constdata                               0x08004010   Section      152  atan.o(.constdata)
    atanhi                                   0x08004010   Data          32  atan.o(.constdata)
    atanlo                                   0x08004030   Data          32  atan.o(.constdata)
    aTodd                                    0x08004050   Data          40  atan.o(.constdata)
    aTeven                                   0x08004078   Data          48  atan.o(.constdata)
    .constdata                               0x080040a8   Section        8  qnan.o(.constdata)
    .data                                    0x20000000   Section       18  init.o(.data)
    .data                                    0x20000014   Section       97  main.o(.data)
    msTicks                                  0x20000030   Data           4  main.o(.data)
    .data                                    0x20000078   Section       20  usart.o(.data)
    USART_RxCnt                              0x20000080   Data           2  usart.o(.data)
    Rx_err                                   0x20000082   Data           1  usart.o(.data)
    RecState                                 0x20000083   Data           1  usart.o(.data)
    .data                                    0x2000008c   Section       20  system_stm32f10x.o(.data)
    .data                                    0x200000a0   Section       20  stm32f10x_rcc.o(.data)
    APBAHBPrescTable                         0x200000a0   Data          16  stm32f10x_rcc.o(.data)
    ADCPrescTable                            0x200000b0   Data           4  stm32f10x_rcc.o(.data)
    .bss                                     0x200000b4   Section       58  main.o(.bss)
    .bss                                     0x200000ee   Section      102  usart.o(.bss)
    .bss                                     0x20000154   Section       96  libspace.o(.bss)
    HEAP                                     0x200001b8   Section      512  startup_stm32f10x_md.o(HEAP)
    Heap_Mem                                 0x200001b8   Data         512  startup_stm32f10x_md.o(HEAP)
    STACK                                    0x200003b8   Section     1024  startup_stm32f10x_md.o(STACK)
    Stack_Mem                                0x200003b8   Data        1024  startup_stm32f10x_md.o(STACK)
    __initial_sp                             0x200007b8   Data           0  startup_stm32f10x_md.o(STACK)

    Global Symbols

    Symbol Name                              Value     Ov Type        Size  Object(Section)

    BuildAttributes$$THM_ISAv4$P$D$K$B$S$PE$A:L22UL41UL21$X:L11$S22US41US21$IEEE1$IW$USESV6$~STKCKD$USESV7$~SHL$OTIME$ROPI$IEEEX$EBA8$UX$STANDARDLIB$REQ8$PRES8$EABIv2 0x00000000   Number         0  anon$$obj.o ABSOLUTE
    __ARM_use_no_argv                        0x00000000   Number         0  main.o ABSOLUTE
    __ARM_exceptions_init                     - Undefined Weak Reference
    __alloca_initialize                       - Undefined Weak Reference
    __arm_preinit_                            - Undefined Weak Reference
    __cpp_initialize__aeabi_                  - Undefined Weak Reference
    __cxa_finalize                            - Undefined Weak Reference
    __rt_locale                               - Undefined Weak Reference
    __sigvec_lookup                           - Undefined Weak Reference
    _atexit_init                              - Undefined Weak Reference
    _call_atexit_fns                          - Undefined Weak Reference
    _clock_init                               - Undefined Weak Reference
    _fp_trap_init                             - Undefined Weak Reference
    _fp_trap_shutdown                         - Undefined Weak Reference
    _get_lc_collate                           - Undefined Weak Reference
    _get_lc_ctype                             - Undefined Weak Reference
    _get_lc_monetary                          - Undefined Weak Reference
    _get_lc_numeric                           - Undefined Weak Reference
    _get_lc_time                              - Undefined Weak Reference
    _getenv_init                              - Undefined Weak Reference
    _handle_redirection                       - Undefined Weak Reference
    _init_alloc                               - Undefined Weak Reference
    _init_user_alloc                          - Undefined Weak Reference
    _initio                                   - Undefined Weak Reference
    _mutex_acquire                            - Undefined Weak Reference
    _mutex_release                            - Undefined Weak Reference
    _printf_mbtowc                            - Undefined Weak Reference
    _printf_post_padding                      - Undefined Weak Reference
    _printf_pre_padding                       - Undefined Weak Reference
    _printf_truncate_signed                   - Undefined Weak Reference
    _printf_truncate_unsigned                 - Undefined Weak Reference
    _rand_init                                - Undefined Weak Reference
    _signal_finish                            - Undefined Weak Reference
    _signal_init                              - Undefined Weak Reference
    _terminate_alloc                          - Undefined Weak Reference
    _terminate_user_alloc                     - Undefined Weak Reference
    _terminateio                              - Undefined Weak Reference
    __Vectors_Size                           0x000000ec   Number         0  startup_stm32f10x_md.o ABSOLUTE
    __Vectors                                0x08000000   Data           4  startup_stm32f10x_md.o(RESET)
    __Vectors_End                            0x080000ec   Data           0  startup_stm32f10x_md.o(RESET)
    __main                                   0x080000ed   Thumb Code     8  __main.o(!!!main)
    __scatterload                            0x080000f5   Thumb Code     0  __scatter.o(!!!scatter)
    __scatterload_rt2                        0x080000f5   Thumb Code    44  __scatter.o(!!!scatter)
    __scatterload_rt2_thumb_only             0x080000f5   Thumb Code     0  __scatter.o(!!!scatter)
    __scatterload_null                       0x08000103   Thumb Code     0  __scatter.o(!!!scatter)
    __scatterload_copy                       0x08000129   Thumb Code    26  __scatter_copy.o(!!handler_copy)
    __scatterload_zeroinit                   0x08000145   Thumb Code    28  __scatter_zi.o(!!handler_zi)
    _printf_d                                0x08000161   Thumb Code     0  _printf_d.o(.ARM.Collect$$_printf_percent$$00000009)
    _printf_percent                          0x08000161   Thumb Code     0  _printf_percent.o(.ARM.Collect$$_printf_percent$$00000000)
    _printf_s                                0x08000167   Thumb Code     0  _printf_s.o(.ARM.Collect$$_printf_percent$$00000014)
    _printf_percent_end                      0x0800016d   Thumb Code     0  _printf_percent_end.o(.ARM.Collect$$_printf_percent$$00000017)
    __rt_lib_init                            0x08000171   Thumb Code     0  libinit.o(.ARM.Collect$$libinit$$00000000)
    __rt_lib_init_alloca_1                   0x08000173   Thumb Code     0  libinit2.o(.ARM.Collect$$libinit$$0000002E)
    __rt_lib_init_argv_1                     0x08000173   Thumb Code     0  libinit2.o(.ARM.Collect$$libinit$$0000002C)
    __rt_lib_init_atexit_1                   0x08000173   Thumb Code     0  libinit2.o(.ARM.Collect$$libinit$$0000001B)
    __rt_lib_init_clock_1                    0x08000173   Thumb Code     0  libinit2.o(.ARM.Collect$$libinit$$00000021)
    __rt_lib_init_cpp_1                      0x08000173   Thumb Code     0  libinit2.o(.ARM.Collect$$libinit$$00000032)
    __rt_lib_init_exceptions_1               0x08000173   Thumb Code     0  libinit2.o(.ARM.Collect$$libinit$$00000030)
    __rt_lib_init_fp_1                       0x08000173   Thumb Code     0  libinit2.o(.ARM.Collect$$libinit$$00000002)
    __rt_lib_init_fp_trap_1                  0x08000173   Thumb Code     0  libinit2.o(.ARM.Collect$$libinit$$0000001F)
    __rt_lib_init_getenv_1                   0x08000173   Thumb Code     0  libinit2.o(.ARM.Collect$$libinit$$00000023)
    __rt_lib_init_heap_1                     0x08000173   Thumb Code     0  libinit2.o(.ARM.Collect$$libinit$$0000000A)
    __rt_lib_init_lc_collate_1               0x08000173   Thumb Code     0  libinit2.o(.ARM.Collect$$libinit$$00000011)
    __rt_lib_init_lc_ctype_1                 0x08000173   Thumb Code     0  libinit2.o(.ARM.Collect$$libinit$$00000013)
    __rt_lib_init_lc_monetary_1              0x08000173   Thumb Code     0  libinit2.o(.ARM.Collect$$libinit$$00000015)
    __rt_lib_init_lc_numeric_1               0x08000173   Thumb Code     0  libinit2.o(.ARM.Collect$$libinit$$00000017)
    __rt_lib_init_lc_time_1                  0x08000173   Thumb Code     0  libinit2.o(.ARM.Collect$$libinit$$00000019)
    __rt_lib_init_preinit_1                  0x08000173   Thumb Code     0  libinit2.o(.ARM.Collect$$libinit$$00000004)
    __rt_lib_init_rand_1                     0x08000173   Thumb Code     0  libinit2.o(.ARM.Collect$$libinit$$0000000E)
    __rt_lib_init_return                     0x08000173   Thumb Code     0  libinit2.o(.ARM.Collect$$libinit$$00000033)
    __rt_lib_init_signal_1                   0x08000173   Thumb Code     0  libinit2.o(.ARM.Collect$$libinit$$0000001D)
    __rt_lib_init_stdio_1                    0x08000173   Thumb Code     0  libinit2.o(.ARM.Collect$$libinit$$00000025)
    __rt_lib_init_user_alloc_1               0x08000173   Thumb Code     0  libinit2.o(.ARM.Collect$$libinit$$0000000C)
    __rt_lib_shutdown                        0x08000175   Thumb Code     0  libshutdown.o(.ARM.Collect$$libshutdown$$00000000)
    __rt_lib_shutdown_cpp_1                  0x08000177   Thumb Code     0  libshutdown2.o(.ARM.Collect$$libshutdown$$00000002)
    __rt_lib_shutdown_fp_trap_1              0x08000177   Thumb Code     0  libshutdown2.o(.ARM.Collect$$libshutdown$$00000007)
    __rt_lib_shutdown_heap_1                 0x08000177   Thumb Code     0  libshutdown2.o(.ARM.Collect$$libshutdown$$0000000F)
    __rt_lib_shutdown_return                 0x08000177   Thumb Code     0  libshutdown2.o(.ARM.Collect$$libshutdown$$00000010)
    __rt_lib_shutdown_signal_1               0x08000177   Thumb Code     0  libshutdown2.o(.ARM.Collect$$libshutdown$$0000000A)
    __rt_lib_shutdown_stdio_1                0x08000177   Thumb Code     0  libshutdown2.o(.ARM.Collect$$libshutdown$$00000004)
    __rt_lib_shutdown_user_alloc_1           0x08000177   Thumb Code     0  libshutdown2.o(.ARM.Collect$$libshutdown$$0000000C)
    __rt_entry                               0x08000179   Thumb Code     0  __rtentry.o(.ARM.Collect$$rtentry$$00000000)
    __rt_entry_presh_1                       0x08000179   Thumb Code     0  __rtentry2.o(.ARM.Collect$$rtentry$$00000002)
    __rt_entry_sh                            0x08000179   Thumb Code     0  __rtentry4.o(.ARM.Collect$$rtentry$$00000004)
    __rt_entry_li                            0x0800017f   Thumb Code     0  __rtentry2.o(.ARM.Collect$$rtentry$$0000000A)
    __rt_entry_postsh_1                      0x0800017f   Thumb Code     0  __rtentry2.o(.ARM.Collect$$rtentry$$00000009)
    __rt_entry_main                          0x08000183   Thumb Code     0  __rtentry2.o(.ARM.Collect$$rtentry$$0000000D)
    __rt_entry_postli_1                      0x08000183   Thumb Code     0  __rtentry2.o(.ARM.Collect$$rtentry$$0000000C)
    __rt_exit                                0x0800018b   Thumb Code     0  rtexit.o(.ARM.Collect$$rtexit$$00000000)
    __rt_exit_ls                             0x0800018d   Thumb Code     0  rtexit2.o(.ARM.Collect$$rtexit$$00000003)
    __rt_exit_prels_1                        0x0800018d   Thumb Code     0  rtexit2.o(.ARM.Collect$$rtexit$$00000002)
    __rt_exit_exit                           0x08000191   Thumb Code     0  rtexit2.o(.ARM.Collect$$rtexit$$00000004)
    Reset_Handler                            0x08000199   Thumb Code     8  startup_stm32f10x_md.o(.text)
    ADC1_2_IRQHandler                        0x080001b3   Thumb Code     0  startup_stm32f10x_md.o(.text)
    CAN1_RX1_IRQHandler                      0x080001b3   Thumb Code     0  startup_stm32f10x_md.o(.text)
    CAN1_SCE_IRQHandler                      0x080001b3   Thumb Code     0  startup_stm32f10x_md.o(.text)
    DMA1_Channel1_IRQHandler                 0x080001b3   Thumb Code     0  startup_stm32f10x_md.o(.text)
    DMA1_Channel2_IRQHandler                 0x080001b3   Thumb Code     0  startup_stm32f10x_md.o(.text)
    DMA1_Channel3_IRQHandler                 0x080001b3   Thumb Code     0  startup_stm32f10x_md.o(.text)
    DMA1_Channel4_IRQHandler                 0x080001b3   Thumb Code     0  startup_stm32f10x_md.o(.text)
    DMA1_Channel5_IRQHandler                 0x080001b3   Thumb Code     0  startup_stm32f10x_md.o(.text)
    DMA1_Channel6_IRQHandler                 0x080001b3   Thumb Code     0  startup_stm32f10x_md.o(.text)
    DMA1_Channel7_IRQHandler                 0x080001b3   Thumb Code     0  startup_stm32f10x_md.o(.text)
    EXTI0_IRQHandler                         0x080001b3   Thumb Code     0  startup_stm32f10x_md.o(.text)
    EXTI15_10_IRQHandler                     0x080001b3   Thumb Code     0  startup_stm32f10x_md.o(.text)
    EXTI1_IRQHandler                         0x080001b3   Thumb Code     0  startup_stm32f10x_md.o(.text)
    EXTI2_IRQHandler                         0x080001b3   Thumb Code     0  startup_stm32f10x_md.o(.text)
    EXTI3_IRQHandler                         0x080001b3   Thumb Code     0  startup_stm32f10x_md.o(.text)
    EXTI4_IRQHandler                         0x080001b3   Thumb Code     0  startup_stm32f10x_md.o(.text)
    FLASH_IRQHandler                         0x080001b3   Thumb Code     0  startup_stm32f10x_md.o(.text)
    I2C1_ER_IRQHandler                       0x080001b3   Thumb Code     0  startup_stm32f10x_md.o(.text)
    I2C1_EV_IRQHandler                       0x080001b3   Thumb Code     0  startup_stm32f10x_md.o(.text)
    I2C2_ER_IRQHandler                       0x080001b3   Thumb Code     0  startup_stm32f10x_md.o(.text)
    I2C2_EV_IRQHandler                       0x080001b3   Thumb Code     0  startup_stm32f10x_md.o(.text)
    PVD_IRQHandler                           0x080001b3   Thumb Code     0  startup_stm32f10x_md.o(.text)
    RCC_IRQHandler                           0x080001b3   Thumb Code     0  startup_stm32f10x_md.o(.text)
    RTCAlarm_IRQHandler                      0x080001b3   Thumb Code     0  startup_stm32f10x_md.o(.text)
    RTC_IRQHandler                           0x080001b3   Thumb Code     0  startup_stm32f10x_md.o(.text)
    SPI1_IRQHandler                          0x080001b3   Thumb Code     0  startup_stm32f10x_md.o(.text)
    SPI2_IRQHandler                          0x080001b3   Thumb Code     0  startup_stm32f10x_md.o(.text)
    TAMPER_IRQHandler                        0x080001b3   Thumb Code     0  startup_stm32f10x_md.o(.text)
    TIM1_BRK_IRQHandler                      0x080001b3   Thumb Code     0  startup_stm32f10x_md.o(.text)
    TIM1_CC_IRQHandler                       0x080001b3   Thumb Code     0  startup_stm32f10x_md.o(.text)
    TIM1_TRG_COM_IRQHandler                  0x080001b3   Thumb Code     0  startup_stm32f10x_md.o(.text)
    TIM1_UP_IRQHandler                       0x080001b3   Thumb Code     0  startup_stm32f10x_md.o(.text)
    TIM3_IRQHandler                          0x080001b3   Thumb Code     0  startup_stm32f10x_md.o(.text)
    TIM4_IRQHandler                          0x080001b3   Thumb Code     0  startup_stm32f10x_md.o(.text)
    USART1_IRQHandler                        0x080001b3   Thumb Code     0  startup_stm32f10x_md.o(.text)
    USART3_IRQHandler                        0x080001b3   Thumb Code     0  startup_stm32f10x_md.o(.text)
    USBWakeUp_IRQHandler                     0x080001b3   Thumb Code     0  startup_stm32f10x_md.o(.text)
    USB_HP_CAN1_TX_IRQHandler                0x080001b3   Thumb Code     0  startup_stm32f10x_md.o(.text)
    USB_LP_CAN1_RX0_IRQHandler               0x080001b3   Thumb Code     0  startup_stm32f10x_md.o(.text)
    WWDG_IRQHandler                          0x080001b3   Thumb Code     0  startup_stm32f10x_md.o(.text)
    __user_initial_stackheap                 0x080001b5   Thumb Code     0  startup_stm32f10x_md.o(.text)
    __use_no_semihosting                     0x080001d9   Thumb Code     2  use_no_semi_2.o(.text)
    __2printf                                0x080001dd   Thumb Code    20  noretval__2printf.o(.text)
    __printf                                 0x080001f5   Thumb Code   104  __printf.o(.text)
    _printf_str                              0x0800025d   Thumb Code    82  _printf_str.o(.text)
    _printf_int_dec                          0x080002b1   Thumb Code   104  _printf_dec.o(.text)
    strlen                                   0x08000329   Thumb Code    62  strlen.o(.text)
    strcmp                                   0x08000369   Thumb Code   128  strcmpv7m.o(.text)
    __use_two_region_memory                  0x080003e9   Thumb Code     2  heapauxi.o(.text)
    __rt_heap_escrow$2region                 0x080003eb   Thumb Code     2  heapauxi.o(.text)
    __rt_heap_expand$2region                 0x080003ed   Thumb Code     2  heapauxi.o(.text)
    __I$use$semihosting                      0x080003ef   Thumb Code     0  use_no_semi.o(.text)
    __use_no_semihosting_swi                 0x080003ef   Thumb Code     2  use_no_semi.o(.text)
    __read_errno                             0x080003f1   Thumb Code    10  _rserrno.o(.text)
    __set_errno                              0x080003fb   Thumb Code    12  _rserrno.o(.text)
    _printf_int_common                       0x08000407   Thumb Code   178  _printf_intcommon.o(.text)
    _printf_cs_common                        0x080004b9   Thumb Code    20  _printf_char.o(.text)
    _printf_char                             0x080004cd   Thumb Code    16  _printf_char.o(.text)
    _printf_string                           0x080004dd   Thumb Code     8  _printf_char.o(.text)
    _printf_char_file                        0x080004e5   Thumb Code    32  _printf_char_file.o(.text)
    __aeabi_errno_addr                       0x08000509   Thumb Code     8  rt_errno_addr_intlibspace.o(.text)
    __errno$intlibspace                      0x08000509   Thumb Code     0  rt_errno_addr_intlibspace.o(.text)
    __rt_errno_addr$intlibspace              0x08000509   Thumb Code     0  rt_errno_addr_intlibspace.o(.text)
    _printf_char_common                      0x0800051b   Thumb Code    32  _printf_char_common.o(.text)
    ferror                                   0x08000541   Thumb Code     8  ferror.o(.text)
    __user_libspace                          0x08000549   Thumb Code     8  libspace.o(.text)
    __user_perproc_libspace                  0x08000549   Thumb Code     0  libspace.o(.text)
    __user_perthread_libspace                0x08000549   Thumb Code     0  libspace.o(.text)
    __user_setup_stackheap                   0x08000551   Thumb Code    74  sys_stackheap_outer.o(.text)
    exit                                     0x0800059b   Thumb Code    18  exit.o(.text)
    BusFault_Handler                         0x080005ad   Thumb Code     4  stm32f10x_it.o(i.BusFault_Handler)
    ConvertData                              0x080005b1   Thumb Code    58  main.o(i.ConvertData)
    DebugMon_Handler                         0x080005eb   Thumb Code     2  stm32f10x_it.o(i.DebugMon_Handler)
    DelayMs                                  0x080005ed   Thumb Code    16  main.o(i.DelayMs)
    EXTI9_5_IRQHandler                       0x08000601   Thumb Code    26  init.o(i.EXTI9_5_IRQHandler)
    EXTI_ClearITPendingBit                   0x08000621   Thumb Code     6  stm32f10x_exti.o(i.EXTI_ClearITPendingBit)
    EXTI_GetITStatus                         0x0800062d   Thumb Code    34  stm32f10x_exti.o(i.EXTI_GetITStatus)
    EXTI_Init                                0x08000655   Thumb Code   142  stm32f10x_exti.o(i.EXTI_Init)
    EXTI_SWITCH_Init                         0x080006e9   Thumb Code    94  init.o(i.EXTI_SWITCH_Init)
    GPIO_EXTILineConfig                      0x0800074d   Thumb Code    60  stm32f10x_gpio.o(i.GPIO_EXTILineConfig)
    GPIO_Init                                0x0800078d   Thumb Code   278  stm32f10x_gpio.o(i.GPIO_Init)
    GPIO_WriteBit                            0x080008a3   Thumb Code    10  stm32f10x_gpio.o(i.GPIO_WriteBit)
    HardFault_Handler                        0x080008ad   Thumb Code     4  stm32f10x_it.o(i.HardFault_Handler)
    LED                                      0x080008b1   Thumb Code   104  init.o(i.LED)
    LEFT_PWM_Update                          0x08000925   Thumb Code    92  init.o(i.LEFT_PWM_Update)
    MemManage_Handler                        0x08000989   Thumb Code     4  stm32f10x_it.o(i.MemManage_Handler)
    NMI_Handler                              0x0800098d   Thumb Code     2  stm32f10x_it.o(i.NMI_Handler)
    NVIC_Init                                0x08000991   Thumb Code   100  misc.o(i.NVIC_Init)
    PID_Update                               0x08000a01   Thumb Code   108  main.o(i.PID_Update)
    PID_clear                                0x08000a89   Thumb Code    16  main.o(i.PID_clear)
    PendSV_Handler                           0x08000aa5   Thumb Code     2  stm32f10x_it.o(i.PendSV_Handler)
    ProcessData                              0x08000aa9   Thumb Code   338  main.o(i.ProcessData)
    RCC_APB1PeriphClockCmd                   0x08000c2d   Thumb Code    26  stm32f10x_rcc.o(i.RCC_APB1PeriphClockCmd)
    RCC_APB2PeriphClockCmd                   0x08000c4d   Thumb Code    26  stm32f10x_rcc.o(i.RCC_APB2PeriphClockCmd)
    RCC_ENABLE_ALL                           0x08000c6d   Thumb Code    68  init.o(i.RCC_ENABLE_ALL)
    RCC_GetClocksFreq                        0x08000cb1   Thumb Code   192  stm32f10x_rcc.o(i.RCC_GetClocksFreq)
    RIGHT_PWM_Update                         0x08000d85   Thumb Code    92  init.o(i.RIGHT_PWM_Update)
    SVC_Handler                              0x08000de9   Thumb Code     2  stm32f10x_it.o(i.SVC_Handler)
    SysTick_Handler                          0x08000ed5   Thumb Code    18  main.o(i.SysTick_Handler)
    SystemCoreClockUpdate                    0x08000eed   Thumb Code   142  system_stm32f10x.o(i.SystemCoreClockUpdate)
    SystemInit                               0x08000f91   Thumb Code    78  system_stm32f10x.o(i.SystemInit)
    TIM2_COUNT_Init                          0x08000ff1   Thumb Code    92  init.o(i.TIM2_COUNT_Init)
    TIM2_IRQHandler                          0x0800104d   Thumb Code    46  init.o(i.TIM2_IRQHandler)
    TIM3_PWM_CH12_Init                       0x08001085   Thumb Code   128  init.o(i.TIM3_PWM_CH12_Init)
    TIM_ClearITPendingBit                    0x0800110d   Thumb Code     6  stm32f10x_tim.o(i.TIM_ClearITPendingBit)
    TIM_Cmd                                  0x08001113   Thumb Code    24  stm32f10x_tim.o(i.TIM_Cmd)
    TIM_GetITStatus                          0x0800112b   Thumb Code    34  stm32f10x_tim.o(i.TIM_GetITStatus)
    TIM_ITConfig                             0x0800114d   Thumb Code    18  stm32f10x_tim.o(i.TIM_ITConfig)
    TIM_OC1Init                              0x08001161   Thumb Code   132  stm32f10x_tim.o(i.TIM_OC1Init)
    TIM_OC1PreloadConfig                     0x080011f9   Thumb Code    18  stm32f10x_tim.o(i.TIM_OC1PreloadConfig)
    TIM_OC2Init                              0x0800120d   Thumb Code   154  stm32f10x_tim.o(i.TIM_OC2Init)
    TIM_OC2PreloadConfig                     0x080012b1   Thumb Code    26  stm32f10x_tim.o(i.TIM_OC2PreloadConfig)
    TIM_TimeBaseInit                         0x080012cd   Thumb Code   122  stm32f10x_tim.o(i.TIM_TimeBaseInit)
    USART2_IRQHandler                        0x08001371   Thumb Code   432  usart.o(i.USART2_IRQHandler)
    USART2_WIFI_Init                         0x0800157d   Thumb Code   222  usart.o(i.USART2_WIFI_Init)
    USART_ClearITPendingBit                  0x0800166d   Thumb Code    30  stm32f10x_usart.o(i.USART_ClearITPendingBit)
    USART_Cmd                                0x0800168b   Thumb Code    24  stm32f10x_usart.o(i.USART_Cmd)
    USART_GetITStatus                        0x080016a3   Thumb Code    84  stm32f10x_usart.o(i.USART_GetITStatus)
    USART_ITConfig                           0x080016f7   Thumb Code    74  stm32f10x_usart.o(i.USART_ITConfig)
    USART_Init                               0x08001741   Thumb Code   210  stm32f10x_usart.o(i.USART_Init)
    Update_PWM                               0x08001819   Thumb Code   922  main.o(i.Update_PWM)
    UsageFault_Handler                       0x08001bf5   Thumb Code     4  stm32f10x_it.o(i.UsageFault_Handler)
    WIFI_Connect                             0x08001bf9   Thumb Code    28  wifi.o(i.WIFI_Connect)
    WIFI_ConnectServer                       0x08001c35   Thumb Code    28  wifi.o(i.WIFI_ConnectServer)
    __ARM_fpclassify                         0x08001c7d   Thumb Code    40  fpclassify.o(i.__ARM_fpclassify)
    __kernel_poly                            0x08001ca5   Thumb Code   170  poly.o(i.__kernel_poly)
    __mathlib_dbl_divzero                    0x08001d51   Thumb Code    12  dunder.o(i.__mathlib_dbl_divzero)
    __mathlib_dbl_infnan                     0x08001d61   Thumb Code     6  dunder.o(i.__mathlib_dbl_infnan)
    __mathlib_dbl_infnan2                    0x08001d67   Thumb Code     4  dunder.o(i.__mathlib_dbl_infnan2)
    __mathlib_dbl_invalid                    0x08001d6b   Thumb Code    12  dunder.o(i.__mathlib_dbl_invalid)
    __mathlib_dbl_overflow                   0x08001d77   Thumb Code    14  dunder.o(i.__mathlib_dbl_overflow)
    __mathlib_dbl_underflow                  0x08001d85   Thumb Code    10  dunder.o(i.__mathlib_dbl_underflow)
    _sys_exit                                0x08001d95   Thumb Code     4  usart.o(i._sys_exit)
    atan                                     0x08001d99   Thumb Code   474  atan.o(i.atan)
    atan2                                    0x08001fb9   Thumb Code   346  atan2.o(i.atan2)
    fputc                                    0x08002139   Thumb Code    26  usart.o(i.fputc)
    main                                     0x08002159   Thumb Code   278  main.o(i.main)
    pow                                      0x080022c5   Thumb Code  2512  pow.o(i.pow)
    sqrt                                     0x08002c9d   Thumb Code    76  sqrt.o(i.sqrt)
    __aeabi_d2f                              0x08002ce9   Thumb Code     0  d2f.o(x$fpl$d2f)
    _d2f                                     0x08002ce9   Thumb Code    98  d2f.o(x$fpl$d2f)
    __aeabi_dadd                             0x08002d4d   Thumb Code     0  daddsub_clz.o(x$fpl$dadd)
    _dadd                                    0x08002d4d   Thumb Code   332  daddsub_clz.o(x$fpl$dadd)
    __fpl_dcheck_NaN1                        0x08002e9d   Thumb Code    10  dcheck1.o(x$fpl$dcheck1)
    __fpl_dcmp_Inf                           0x08002ead   Thumb Code    24  dcmpi.o(x$fpl$dcmpinf)
    __aeabi_ddiv                             0x08002ec5   Thumb Code     0  ddiv.o(x$fpl$ddiv)
    _ddiv                                    0x08002ec5   Thumb Code   552  ddiv.o(x$fpl$ddiv)
    __aeabi_d2iz                             0x08003175   Thumb Code     0  dfix.o(x$fpl$dfix)
    _dfix                                    0x08003175   Thumb Code    94  dfix.o(x$fpl$dfix)
    __aeabi_i2d                              0x080031d3   Thumb Code     0  dflt_clz.o(x$fpl$dflt)
    _dflt                                    0x080031d3   Thumb Code    46  dflt_clz.o(x$fpl$dflt)
    __aeabi_cdcmple                          0x08003201   Thumb Code     0  dleqf.o(x$fpl$dleqf)
    _dcmple                                  0x08003201   Thumb Code   120  dleqf.o(x$fpl$dleqf)
    __fpl_dcmple_InfNaN                      0x08003263   Thumb Code     0  dleqf.o(x$fpl$dleqf)
    __aeabi_dmul                             0x08003279   Thumb Code     0  dmul.o(x$fpl$dmul)
    _dmul                                    0x08003279   Thumb Code   332  dmul.o(x$fpl$dmul)
    __fpl_dnaninf                            0x080033cd   Thumb Code   156  dnaninf.o(x$fpl$dnaninf)
    __fpl_dretinf                            0x08003469   Thumb Code    12  dretinf.o(x$fpl$dretinf)
    __aeabi_cdrcmple                         0x08003475   Thumb Code     0  drleqf.o(x$fpl$drleqf)
    _drcmple                                 0x08003475   Thumb Code   108  drleqf.o(x$fpl$drleqf)
    __aeabi_drsub                            0x080034e1   Thumb Code     0  daddsub_clz.o(x$fpl$drsb)
    _drsb                                    0x080034e1   Thumb Code    22  daddsub_clz.o(x$fpl$drsb)
    _dsqrt                                   0x080034f9   Thumb Code   456  dsqrt_noumaal.o(x$fpl$dsqrt)
    __aeabi_dsub                             0x080036c5   Thumb Code     0  daddsub_clz.o(x$fpl$dsub)
    _dsub                                    0x080036c5   Thumb Code   464  daddsub_clz.o(x$fpl$dsub)
    __aeabi_fadd                             0x08003899   Thumb Code     0  faddsub_clz.o(x$fpl$fadd)
    _fadd                                    0x08003899   Thumb Code   196  faddsub_clz.o(x$fpl$fadd)
    __fpl_fcmp_Inf                           0x0800395d   Thumb Code    24  fcmpi.o(x$fpl$fcmpinf)
    __aeabi_fdiv                             0x08003975   Thumb Code     0  fdiv.o(x$fpl$fdiv)
    _fdiv                                    0x08003975   Thumb Code   384  fdiv.o(x$fpl$fdiv)
    __aeabi_f2iz                             0x08003af9   Thumb Code     0  ffix.o(x$fpl$ffix)
    _ffix                                    0x08003af9   Thumb Code    54  ffix.o(x$fpl$ffix)
    __aeabi_cfcmple                          0x08003b31   Thumb Code     0  fleqf.o(x$fpl$fleqf)
    _fcmple                                  0x08003b31   Thumb Code   104  fleqf.o(x$fpl$fleqf)
    __fpl_fcmple_InfNaN                      0x08003b83   Thumb Code     0  fleqf.o(x$fpl$fleqf)
    __aeabi_fmul                             0x08003b99   Thumb Code     0  fmul.o(x$fpl$fmul)
    _fmul                                    0x08003b99   Thumb Code   258  fmul.o(x$fpl$fmul)
    __fpl_fnaninf                            0x08003c9b   Thumb Code   140  fnaninf.o(x$fpl$fnaninf)
    __fpl_fretinf                            0x08003d27   Thumb Code    10  fretinf.o(x$fpl$fretinf)
    __aeabi_cfrcmple                         0x08003d31   Thumb Code     0  frleqf.o(x$fpl$frleqf)
    _frcmple                                 0x08003d31   Thumb Code    98  frleqf.o(x$fpl$frleqf)
    __aeabi_frsub                            0x08003d93   Thumb Code     0  faddsub_clz.o(x$fpl$frsb)
    _frsb                                    0x08003d93   Thumb Code    20  faddsub_clz.o(x$fpl$frsb)
    __aeabi_fsub                             0x08003da9   Thumb Code     0  faddsub_clz.o(x$fpl$fsub)
    _fsub                                    0x08003da9   Thumb Code   234  faddsub_clz.o(x$fpl$fsub)
    __fpl_return_NaN                         0x08003e93   Thumb Code   100  retnan.o(x$fpl$retnan)
    __ARM_scalbn                             0x08003ef7   Thumb Code    92  scalbn.o(x$fpl$scalbn)
    __fpl_cmpreturn                          0x08003f53   Thumb Code    48  trapv.o(x$fpl$trapveneer)
    __I$use$fp                               0x08003f82   Number         0  usenofp.o(x$fpl$usenofp)
    __mathlib_zero                           0x080040a8   Data           8  qnan.o(.constdata)
    Region$$Table$$Base                      0x080040b0   Number         0  anon$$obj.o(Region$$Table)
    Region$$Table$$Limit                     0x080040d0   Number         0  anon$$obj.o(Region$$Table)
    CountRight                               0x20000000   Data           4  init.o(.data)
    CountLeft                                0x20000004   Data           4  init.o(.data)
    TimerCount                               0x20000008   Data           4  init.o(.data)
    MAX                                      0x2000000c   Data           4  init.o(.data)
    open                                     0x20000010   Data           1  init.o(.data)
    RecAllow                                 0x20000011   Data           1  init.o(.data)
    KP                                       0x20000014   Data           4  main.o(.data)
    KI                                       0x20000018   Data           4  main.o(.data)
    KD                                       0x2000001c   Data           4  main.o(.data)
    LastError                                0x20000020   Data           4  main.o(.data)
    Error                                    0x20000024   Data           4  main.o(.data)
    ErrorSum                                 0x20000028   Data           4  main.o(.data)
    ErrorDiffern                             0x2000002c   Data           4  main.o(.data)
    LabelBuf                                 0x20000034   Data           4  main.o(.data)
    Ball_Order                               0x20000038   Data           4  main.o(.data)
    LastOrder                                0x2000003c   Data           4  main.o(.data)
    StartSpeed                               0x20000040   Data           4  main.o(.data)
    StartSpeed1                              0x20000044   Data           4  main.o(.data)
    pi                                       0x20000048   Data           4  main.o(.data)
    BBE                                      0x2000004c   Data           8  main.o(.data)
    CVT                                      0x20000054   Data           8  main.o(.data)
    COG                                      0x2000005c   Data           8  main.o(.data)
    BRD                                      0x20000064   Data           8  main.o(.data)
    BYW                                      0x2000006c   Data           8  main.o(.data)
    interchange                              0x20000074   Data           1  main.o(.data)
    USART2_RxFlag                            0x20000078   Data           4  usart.o(.data)
    ch                                       0x2000007c   Data           1  usart.o(.data)
    USART2_State                             0x2000007d   Data           1  usart.o(.data)
    PrintfState                              0x2000007e   Data           1  usart.o(.data)
    ProcessAllow                             0x2000007f   Data           1  usart.o(.data)
    printf_dest                              0x20000084   Data           4  usart.o(.data)
    __stdout                                 0x20000088   Data           4  usart.o(.data)
    SystemCoreClock                          0x2000008c   Data           4  system_stm32f10x.o(.data)
    AHBPrescTable                            0x20000090   Data          16  system_stm32f10x.o(.data)
    Buffer                                   0x200000b4   Data          10  main.o(.bss)
    order1                                   0x200000c0   Data          12  main.o(.bss)
    order2                                   0x200000cc   Data          12  main.o(.bss)
    order3                                   0x200000d8   Data          12  main.o(.bss)
    chc                                      0x200000e4   Data          10  main.o(.bss)
    USART2_RxBuf                             0x200000ee   Data          50  usart.o(.bss)
    NullStr                                  0x20000120   Data          52  usart.o(.bss)
    __libspace_start                         0x20000154   Data          96  libspace.o(.bss)
    __temporary_stack_top$libspace           0x200001b4   Data           0  libspace.o(.bss)



==============================================================================

Memory Map of the image

  Image Entry point : 0x080000ed

  Load Region LR_IROM1 (Base: 0x08000000, Size: 0x00004184, Max: 0x00020000, ABSOLUTE)

    Execution Region ER_IROM1 (Exec base: 0x08000000, Load base: 0x08000000, Size: 0x000040d0, Max: 0x00020000, ABSOLUTE)

    Exec Addr    Load Addr    Size         Type   Attr      Idx    E Section Name        Object

    0x08000000   0x08000000   0x000000ec   Data   RO          395    RESET               startup_stm32f10x_md.o
    0x080000ec   0x080000ec   0x00000008   Code   RO         1719  * !!!main             c_w.l(__main.o)
    0x080000f4   0x080000f4   0x00000034   Code   RO         2022    !!!scatter          c_w.l(__scatter.o)
    0x08000128   0x08000128   0x0000001a   Code   RO         2024    !!handler_copy      c_w.l(__scatter_copy.o)
    0x08000142   0x08000142   0x00000002   PAD
    0x08000144   0x08000144   0x0000001c   Code   RO         2026    !!handler_zi        c_w.l(__scatter_zi.o)
    0x08000160   0x08000160   0x00000000   Code   RO         1712    .ARM.Collect$$_printf_percent$$00000000  c_w.l(_printf_percent.o)
    0x08000160   0x08000160   0x00000006   Code   RO         1711    .ARM.Collect$$_printf_percent$$00000009  c_w.l(_printf_d.o)
    0x08000166   0x08000166   0x00000006   Code   RO         1710    .ARM.Collect$$_printf_percent$$00000014  c_w.l(_printf_s.o)
    0x0800016c   0x0800016c   0x00000004   Code   RO         1790    .ARM.Collect$$_printf_percent$$00000017  c_w.l(_printf_percent_end.o)
    0x08000170   0x08000170   0x00000002   Code   RO         1893    .ARM.Collect$$libinit$$00000000  c_w.l(libinit.o)
    0x08000172   0x08000172   0x00000000   Code   RO         1901    .ARM.Collect$$libinit$$00000002  c_w.l(libinit2.o)
    0x08000172   0x08000172   0x00000000   Code   RO         1903    .ARM.Collect$$libinit$$00000004  c_w.l(libinit2.o)
    0x08000172   0x08000172   0x00000000   Code   RO         1906    .ARM.Collect$$libinit$$0000000A  c_w.l(libinit2.o)
    0x08000172   0x08000172   0x00000000   Code   RO         1908    .ARM.Collect$$libinit$$0000000C  c_w.l(libinit2.o)
    0x08000172   0x08000172   0x00000000   Code   RO         1910    .ARM.Collect$$libinit$$0000000E  c_w.l(libinit2.o)
    0x08000172   0x08000172   0x00000000   Code   RO         1913    .ARM.Collect$$libinit$$00000011  c_w.l(libinit2.o)
    0x08000172   0x08000172   0x00000000   Code   RO         1915    .ARM.Collect$$libinit$$00000013  c_w.l(libinit2.o)
    0x08000172   0x08000172   0x00000000   Code   RO         1917    .ARM.Collect$$libinit$$00000015  c_w.l(libinit2.o)
    0x08000172   0x08000172   0x00000000   Code   RO         1919    .ARM.Collect$$libinit$$00000017  c_w.l(libinit2.o)
    0x08000172   0x08000172   0x00000000   Code   RO         1921    .ARM.Collect$$libinit$$00000019  c_w.l(libinit2.o)
    0x08000172   0x08000172   0x00000000   Code   RO         1923    .ARM.Collect$$libinit$$0000001B  c_w.l(libinit2.o)
    0x08000172   0x08000172   0x00000000   Code   RO         1925    .ARM.Collect$$libinit$$0000001D  c_w.l(libinit2.o)
    0x08000172   0x08000172   0x00000000   Code   RO         1927    .ARM.Collect$$libinit$$0000001F  c_w.l(libinit2.o)
    0x08000172   0x08000172   0x00000000   Code   RO         1929    .ARM.Collect$$libinit$$00000021  c_w.l(libinit2.o)
    0x08000172   0x08000172   0x00000000   Code   RO         1931    .ARM.Collect$$libinit$$00000023  c_w.l(libinit2.o)
    0x08000172   0x08000172   0x00000000   Code   RO         1933    .ARM.Collect$$libinit$$00000025  c_w.l(libinit2.o)
    0x08000172   0x08000172   0x00000000   Code   RO         1937    .ARM.Collect$$libinit$$0000002C  c_w.l(libinit2.o)
    0x08000172   0x08000172   0x00000000   Code   RO         1939    .ARM.Collect$$libinit$$0000002E  c_w.l(libinit2.o)
    0x08000172   0x08000172   0x00000000   Code   RO         1941    .ARM.Collect$$libinit$$00000030  c_w.l(libinit2.o)
    0x08000172   0x08000172   0x00000000   Code   RO         1943    .ARM.Collect$$libinit$$00000032  c_w.l(libinit2.o)
    0x08000172   0x08000172   0x00000002   Code   RO         1944    .ARM.Collect$$libinit$$00000033  c_w.l(libinit2.o)
    0x08000174   0x08000174   0x00000002   Code   RO         1964    .ARM.Collect$$libshutdown$$00000000  c_w.l(libshutdown.o)
    0x08000176   0x08000176   0x00000000   Code   RO         1974    .ARM.Collect$$libshutdown$$00000002  c_w.l(libshutdown2.o)
    0x08000176   0x08000176   0x00000000   Code   RO         1976    .ARM.Collect$$libshutdown$$00000004  c_w.l(libshutdown2.o)
    0x08000176   0x08000176   0x00000000   Code   RO         1979    .ARM.Collect$$libshutdown$$00000007  c_w.l(libshutdown2.o)
    0x08000176   0x08000176   0x00000000   Code   RO         1982    .ARM.Collect$$libshutdown$$0000000A  c_w.l(libshutdown2.o)
    0x08000176   0x08000176   0x00000000   Code   RO         1984    .ARM.Collect$$libshutdown$$0000000C  c_w.l(libshutdown2.o)
    0x08000176   0x08000176   0x00000000   Code   RO         1987    .ARM.Collect$$libshutdown$$0000000F  c_w.l(libshutdown2.o)
    0x08000176   0x08000176   0x00000002   Code   RO         1988    .ARM.Collect$$libshutdown$$00000010  c_w.l(libshutdown2.o)
    0x08000178   0x08000178   0x00000000   Code   RO         1781    .ARM.Collect$$rtentry$$00000000  c_w.l(__rtentry.o)
    0x08000178   0x08000178   0x00000000   Code   RO         1848    .ARM.Collect$$rtentry$$00000002  c_w.l(__rtentry2.o)
    0x08000178   0x08000178   0x00000006   Code   RO         1860    .ARM.Collect$$rtentry$$00000004  c_w.l(__rtentry4.o)
    0x0800017e   0x0800017e   0x00000000   Code   RO         1850    .ARM.Collect$$rtentry$$00000009  c_w.l(__rtentry2.o)
    0x0800017e   0x0800017e   0x00000004   Code   RO         1851    .ARM.Collect$$rtentry$$0000000A  c_w.l(__rtentry2.o)
    0x08000182   0x08000182   0x00000000   Code   RO         1853    .ARM.Collect$$rtentry$$0000000C  c_w.l(__rtentry2.o)
    0x08000182   0x08000182   0x00000008   Code   RO         1854    .ARM.Collect$$rtentry$$0000000D  c_w.l(__rtentry2.o)
    0x0800018a   0x0800018a   0x00000002   Code   RO         1898    .ARM.Collect$$rtexit$$00000000  c_w.l(rtexit.o)
    0x0800018c   0x0800018c   0x00000000   Code   RO         1948    .ARM.Collect$$rtexit$$00000002  c_w.l(rtexit2.o)
    0x0800018c   0x0800018c   0x00000004   Code   RO         1949    .ARM.Collect$$rtexit$$00000003  c_w.l(rtexit2.o)
    0x08000190   0x08000190   0x00000006   Code   RO         1950    .ARM.Collect$$rtexit$$00000004  c_w.l(rtexit2.o)
    0x08000196   0x08000196   0x00000002   PAD
    0x08000198   0x08000198   0x00000040   Code   RO          396    .text               startup_stm32f10x_md.o
    0x080001d8   0x080001d8   0x00000002   Code   RO         1678    .text               c_w.l(use_no_semi_2.o)
    0x080001da   0x080001da   0x00000002   PAD
    0x080001dc   0x080001dc   0x00000018   Code   RO         1682    .text               c_w.l(noretval__2printf.o)
    0x080001f4   0x080001f4   0x00000068   Code   RO         1684    .text               c_w.l(__printf.o)
    0x0800025c   0x0800025c   0x00000052   Code   RO         1686    .text               c_w.l(_printf_str.o)
    0x080002ae   0x080002ae   0x00000002   PAD
    0x080002b0   0x080002b0   0x00000078   Code   RO         1688    .text               c_w.l(_printf_dec.o)
    0x08000328   0x08000328   0x0000003e   Code   RO         1713    .text               c_w.l(strlen.o)
    0x08000366   0x08000366   0x00000002   PAD
    0x08000368   0x08000368   0x00000080   Code   RO         1715    .text               c_w.l(strcmpv7m.o)
    0x080003e8   0x080003e8   0x00000006   Code   RO         1717    .text               c_w.l(heapauxi.o)
    0x080003ee   0x080003ee   0x00000002   Code   RO         1779    .text               c_w.l(use_no_semi.o)
    0x080003f0   0x080003f0   0x00000016   Code   RO         1782    .text               c_w.l(_rserrno.o)
    0x08000406   0x08000406   0x000000b2   Code   RO         1784    .text               c_w.l(_printf_intcommon.o)
    0x080004b8   0x080004b8   0x0000002c   Code   RO         1786    .text               c_w.l(_printf_char.o)
    0x080004e4   0x080004e4   0x00000024   Code   RO         1788    .text               c_w.l(_printf_char_file.o)
    0x08000508   0x08000508   0x00000008   Code   RO         1865    .text               c_w.l(rt_errno_addr_intlibspace.o)
    0x08000510   0x08000510   0x00000030   Code   RO         1867    .text               c_w.l(_printf_char_common.o)
    0x08000540   0x08000540   0x00000008   Code   RO         1869    .text               c_w.l(ferror.o)
    0x08000548   0x08000548   0x00000008   Code   RO         1879    .text               c_w.l(libspace.o)
    0x08000550   0x08000550   0x0000004a   Code   RO         1882    .text               c_w.l(sys_stackheap_outer.o)
    0x0800059a   0x0800059a   0x00000012   Code   RO         1886    .text               c_w.l(exit.o)
    0x080005ac   0x080005ac   0x00000004   Code   RO          291    i.BusFault_Handler  stm32f10x_it.o
    0x080005b0   0x080005b0   0x0000003a   Code   RO          113    i.ConvertData       main.o
    0x080005ea   0x080005ea   0x00000002   Code   RO          292    i.DebugMon_Handler  stm32f10x_it.o
    0x080005ec   0x080005ec   0x00000014   Code   RO          114    i.DelayMs           main.o
    0x08000600   0x08000600   0x00000020   Code   RO            1    i.EXTI9_5_IRQHandler  init.o
    0x08000620   0x08000620   0x0000000c   Code   RO          437    i.EXTI_ClearITPendingBit  stm32f10x_exti.o
    0x0800062c   0x0800062c   0x00000028   Code   RO          441    i.EXTI_GetITStatus  stm32f10x_exti.o
    0x08000654   0x08000654   0x00000094   Code   RO          442    i.EXTI_Init         stm32f10x_exti.o
    0x080006e8   0x080006e8   0x00000064   Code   RO            2    i.EXTI_SWITCH_Init  init.o
    0x0800074c   0x0800074c   0x00000040   Code   RO          493    i.GPIO_EXTILineConfig  stm32f10x_gpio.o
    0x0800078c   0x0800078c   0x00000116   Code   RO          496    i.GPIO_Init         stm32f10x_gpio.o
    0x080008a2   0x080008a2   0x0000000a   Code   RO          507    i.GPIO_WriteBit     stm32f10x_gpio.o
    0x080008ac   0x080008ac   0x00000004   Code   RO          293    i.HardFault_Handler  stm32f10x_it.o
    0x080008b0   0x080008b0   0x00000074   Code   RO            3    i.LED               init.o
    0x08000924   0x08000924   0x00000064   Code   RO            4    i.LEFT_PWM_Update   init.o
    0x08000988   0x08000988   0x00000004   Code   RO          294    i.MemManage_Handler  stm32f10x_it.o
    0x0800098c   0x0800098c   0x00000002   Code   RO          295    i.NMI_Handler       stm32f10x_it.o
    0x0800098e   0x0800098e   0x00000002   PAD
    0x08000990   0x08000990   0x00000070   Code   RO          400    i.NVIC_Init         misc.o
    0x08000a00   0x08000a00   0x00000088   Code   RO          115    i.PID_Update        main.o
    0x08000a88   0x08000a88   0x0000001c   Code   RO          116    i.PID_clear         main.o
    0x08000aa4   0x08000aa4   0x00000002   Code   RO          296    i.PendSV_Handler    stm32f10x_it.o
    0x08000aa6   0x08000aa6   0x00000002   PAD
    0x08000aa8   0x08000aa8   0x00000184   Code   RO          117    i.ProcessData       main.o
    0x08000c2c   0x08000c2c   0x00000020   Code   RO          606    i.RCC_APB1PeriphClockCmd  stm32f10x_rcc.o
    0x08000c4c   0x08000c4c   0x00000020   Code   RO          608    i.RCC_APB2PeriphClockCmd  stm32f10x_rcc.o
    0x08000c6c   0x08000c6c   0x00000044   Code   RO            5    i.RCC_ENABLE_ALL    init.o
    0x08000cb0   0x08000cb0   0x000000d4   Code   RO          616    i.RCC_GetClocksFreq  stm32f10x_rcc.o
    0x08000d84   0x08000d84   0x00000064   Code   RO            6    i.RIGHT_PWM_Update  init.o
    0x08000de8   0x08000de8   0x00000002   Code   RO          297    i.SVC_Handler       stm32f10x_it.o
    0x08000dea   0x08000dea   0x00000008   Code   RO          348    i.SetSysClock       system_stm32f10x.o
    0x08000df2   0x08000df2   0x00000002   PAD
    0x08000df4   0x08000df4   0x000000e0   Code   RO          349    i.SetSysClockTo72   system_stm32f10x.o
    0x08000ed4   0x08000ed4   0x00000018   Code   RO          118    i.SysTick_Handler   main.o
    0x08000eec   0x08000eec   0x000000a4   Code   RO          350    i.SystemCoreClockUpdate  system_stm32f10x.o
    0x08000f90   0x08000f90   0x00000060   Code   RO          351    i.SystemInit        system_stm32f10x.o
    0x08000ff0   0x08000ff0   0x0000005c   Code   RO            7    i.TIM2_COUNT_Init   init.o
    0x0800104c   0x0800104c   0x00000038   Code   RO            8    i.TIM2_IRQHandler   init.o
    0x08001084   0x08001084   0x00000088   Code   RO            9    i.TIM3_PWM_CH12_Init  init.o
    0x0800110c   0x0800110c   0x00000006   Code   RO          959    i.TIM_ClearITPendingBit  stm32f10x_tim.o
    0x08001112   0x08001112   0x00000018   Code   RO          964    i.TIM_Cmd           stm32f10x_tim.o
    0x0800112a   0x0800112a   0x00000022   Code   RO          985    i.TIM_GetITStatus   stm32f10x_tim.o
    0x0800114c   0x0800114c   0x00000012   Code   RO          989    i.TIM_ITConfig      stm32f10x_tim.o
    0x0800115e   0x0800115e   0x00000002   PAD
    0x08001160   0x08001160   0x00000098   Code   RO          993    i.TIM_OC1Init       stm32f10x_tim.o
    0x080011f8   0x080011f8   0x00000012   Code   RO          996    i.TIM_OC1PreloadConfig  stm32f10x_tim.o
    0x0800120a   0x0800120a   0x00000002   PAD
    0x0800120c   0x0800120c   0x000000a4   Code   RO          998    i.TIM_OC2Init       stm32f10x_tim.o
    0x080012b0   0x080012b0   0x0000001a   Code   RO         1001    i.TIM_OC2PreloadConfig  stm32f10x_tim.o
    0x080012ca   0x080012ca   0x00000002   PAD
    0x080012cc   0x080012cc   0x000000a4   Code   RO         1035    i.TIM_TimeBaseInit  stm32f10x_tim.o
    0x08001370   0x08001370   0x0000020c   Code   RO          249    i.USART2_IRQHandler  usart.o
    0x0800157c   0x0800157c   0x000000f0   Code   RO          250    i.USART2_WIFI_Init  usart.o
    0x0800166c   0x0800166c   0x0000001e   Code   RO         1497    i.USART_ClearITPendingBit  stm32f10x_usart.o
    0x0800168a   0x0800168a   0x00000018   Code   RO         1500    i.USART_Cmd         stm32f10x_usart.o
    0x080016a2   0x080016a2   0x00000054   Code   RO         1504    i.USART_GetITStatus  stm32f10x_usart.o
    0x080016f6   0x080016f6   0x0000004a   Code   RO         1506    i.USART_ITConfig    stm32f10x_usart.o
    0x08001740   0x08001740   0x000000d8   Code   RO         1507    i.USART_Init        stm32f10x_usart.o
    0x08001818   0x08001818   0x000003dc   Code   RO          119    i.Update_PWM        main.o
    0x08001bf4   0x08001bf4   0x00000004   Code   RO          298    i.UsageFault_Handler  stm32f10x_it.o
    0x08001bf8   0x08001bf8   0x0000003c   Code   RO          219    i.WIFI_Connect      wifi.o
    0x08001c34   0x08001c34   0x00000048   Code   RO          220    i.WIFI_ConnectServer  wifi.o
    0x08001c7c   0x08001c7c   0x00000028   Code   RO         1834    i.__ARM_fpclassify  m_ws.l(fpclassify.o)
    0x08001ca4   0x08001ca4   0x000000aa   Code   RO         1836    i.__kernel_poly     m_ws.l(poly.o)
    0x08001d4e   0x08001d4e   0x00000002   PAD
    0x08001d50   0x08001d50   0x00000010   Code   RO         1820    i.__mathlib_dbl_divzero  m_ws.l(dunder.o)
    0x08001d60   0x08001d60   0x00000006   Code   RO         1821    i.__mathlib_dbl_infnan  m_ws.l(dunder.o)
    0x08001d66   0x08001d66   0x00000004   Code   RO         1822    i.__mathlib_dbl_infnan2  m_ws.l(dunder.o)
    0x08001d6a   0x08001d6a   0x0000000c   Code   RO         1823    i.__mathlib_dbl_invalid  m_ws.l(dunder.o)
    0x08001d76   0x08001d76   0x0000000e   Code   RO         1824    i.__mathlib_dbl_overflow  m_ws.l(dunder.o)
    0x08001d84   0x08001d84   0x00000010   Code   RO         1826    i.__mathlib_dbl_underflow  m_ws.l(dunder.o)
    0x08001d94   0x08001d94   0x00000004   Code   RO          251    i._sys_exit         usart.o
    0x08001d98   0x08001d98   0x00000220   Code   RO         1811    i.atan              m_ws.l(atan.o)
    0x08001fb8   0x08001fb8   0x00000180   Code   RO         1762    i.atan2             m_ws.l(atan2.o)
    0x08002138   0x08002138   0x00000020   Code   RO          252    i.fputc             usart.o
    0x08002158   0x08002158   0x0000016c   Code   RO          120    i.main              main.o
    0x080022c4   0x080022c4   0x000009d8   Code   RO         1770    i.pow               m_ws.l(pow.o)
    0x08002c9c   0x08002c9c   0x0000004c   Code   RO         1840    i.sqrt              m_ws.l(sqrt.o)
    0x08002ce8   0x08002ce8   0x00000062   Code   RO         1721    x$fpl$d2f           fz_ws.l(d2f.o)
    0x08002d4a   0x08002d4a   0x00000002   PAD
    0x08002d4c   0x08002d4c   0x00000150   Code   RO         1723    x$fpl$dadd          fz_ws.l(daddsub_clz.o)
    0x08002e9c   0x08002e9c   0x00000010   Code   RO         1873    x$fpl$dcheck1       fz_ws.l(dcheck1.o)
    0x08002eac   0x08002eac   0x00000018   Code   RO         1894    x$fpl$dcmpinf       fz_ws.l(dcmpi.o)
    0x08002ec4   0x08002ec4   0x000002b0   Code   RO         1792    x$fpl$ddiv          fz_ws.l(ddiv.o)
    0x08003174   0x08003174   0x0000005e   Code   RO         1729    x$fpl$dfix          fz_ws.l(dfix.o)
    0x080031d2   0x080031d2   0x0000002e   Code   RO         1734    x$fpl$dflt          fz_ws.l(dflt_clz.o)
    0x08003200   0x08003200   0x00000078   Code   RO         1875    x$fpl$dleqf         fz_ws.l(dleqf.o)
    0x08003278   0x08003278   0x00000154   Code   RO         1739    x$fpl$dmul          fz_ws.l(dmul.o)
    0x080033cc   0x080033cc   0x0000009c   Code   RO         1795    x$fpl$dnaninf       fz_ws.l(dnaninf.o)
    0x08003468   0x08003468   0x0000000c   Code   RO         1797    x$fpl$dretinf       fz_ws.l(dretinf.o)
    0x08003474   0x08003474   0x0000006c   Code   RO         1799    x$fpl$drleqf        fz_ws.l(drleqf.o)
    0x080034e0   0x080034e0   0x00000016   Code   RO         1724    x$fpl$drsb          fz_ws.l(daddsub_clz.o)
    0x080034f6   0x080034f6   0x00000002   PAD
    0x080034f8   0x080034f8   0x000001cc   Code   RO         1877    x$fpl$dsqrt         fz_ws.l(dsqrt_noumaal.o)
    0x080036c4   0x080036c4   0x000001d4   Code   RO         1725    x$fpl$dsub          fz_ws.l(daddsub_clz.o)
    0x08003898   0x08003898   0x000000c4   Code   RO         1741    x$fpl$fadd          fz_ws.l(faddsub_clz.o)
    0x0800395c   0x0800395c   0x00000018   Code   RO         1801    x$fpl$fcmpinf       fz_ws.l(fcmpi.o)
    0x08003974   0x08003974   0x00000184   Code   RO         1748    x$fpl$fdiv          fz_ws.l(fdiv.o)
    0x08003af8   0x08003af8   0x00000036   Code   RO         1751    x$fpl$ffix          fz_ws.l(ffix.o)
    0x08003b2e   0x08003b2e   0x00000002   PAD
    0x08003b30   0x08003b30   0x00000068   Code   RO         1755    x$fpl$fleqf         fz_ws.l(fleqf.o)
    0x08003b98   0x08003b98   0x00000102   Code   RO         1757    x$fpl$fmul          fz_ws.l(fmul.o)
    0x08003c9a   0x08003c9a   0x0000008c   Code   RO         1803    x$fpl$fnaninf       fz_ws.l(fnaninf.o)
    0x08003d26   0x08003d26   0x0000000a   Code   RO         1805    x$fpl$fretinf       fz_ws.l(fretinf.o)
    0x08003d30   0x08003d30   0x00000062   Code   RO         1759    x$fpl$frleqf        fz_ws.l(frleqf.o)
    0x08003d92   0x08003d92   0x00000014   Code   RO         1742    x$fpl$frsb          fz_ws.l(faddsub_clz.o)
    0x08003da6   0x08003da6   0x00000002   PAD
    0x08003da8   0x08003da8   0x000000ea   Code   RO         1743    x$fpl$fsub          fz_ws.l(faddsub_clz.o)
    0x08003e92   0x08003e92   0x00000064   Code   RO         1896    x$fpl$retnan        fz_ws.l(retnan.o)
    0x08003ef6   0x08003ef6   0x0000005c   Code   RO         1807    x$fpl$scalbn        fz_ws.l(scalbn.o)
    0x08003f52   0x08003f52   0x00000030   Code   RO         1945    x$fpl$trapveneer    fz_ws.l(trapv.o)
    0x08003f82   0x08003f82   0x00000000   Code   RO         1809    x$fpl$usenofp       fz_ws.l(usenofp.o)
    0x08003f82   0x08003f82   0x00000006   PAD
    0x08003f88   0x08003f88   0x00000088   Data   RO         1771    .constdata          m_ws.l(pow.o)
    0x08004010   0x08004010   0x00000098   Data   RO         1812    .constdata          m_ws.l(atan.o)
    0x080040a8   0x080040a8   0x00000008   Data   RO         1838    .constdata          m_ws.l(qnan.o)
    0x080040b0   0x080040b0   0x00000020   Data   RO         2020    Region$$Table       anon$$obj.o


    Execution Region RW_IRAM1 (Exec base: 0x20000000, Load base: 0x080040d0, Size: 0x000007b8, Max: 0x00005000, ABSOLUTE)

    Exec Addr    Load Addr    Size         Type   Attr      Idx    E Section Name        Object

    0x20000000   0x080040d0   0x00000012   Data   RW           10    .data               init.o
    0x20000012   0x080040e2   0x00000002   PAD
    0x20000014   0x080040e4   0x00000061   Data   RW          122    .data               main.o
    0x20000075   0x08004145   0x00000003   PAD
    0x20000078   0x08004148   0x00000014   Data   RW          254    .data               usart.o
    0x2000008c   0x0800415c   0x00000014   Data   RW          352    .data               system_stm32f10x.o
    0x200000a0   0x08004170   0x00000014   Data   RW          636    .data               stm32f10x_rcc.o
    0x200000b4        -       0x0000003a   Zero   RW          121    .bss                main.o
    0x200000ee        -       0x00000066   Zero   RW          253    .bss                usart.o
    0x20000154        -       0x00000060   Zero   RW         1880    .bss                c_w.l(libspace.o)
    0x200001b4   0x08004184   0x00000004   PAD
    0x200001b8        -       0x00000200   Zero   RW          394    HEAP                startup_stm32f10x_md.o
    0x200003b8        -       0x00000400   Zero   RW          393    STACK               startup_stm32f10x_md.o


==============================================================================

Image component sizes


      Code (inc. data)   RO Data    RW Data    ZI Data      Debug   Object Name

         0          0          0          0          0         32   core_cm3.o
       800         58          0         18          0     258865   init.o
      2006        258          0         97         58     227238   main.o
       112         12          0          0          0       1140   misc.o
        64         26        236          0       1536        796   startup_stm32f10x_md.o
       200         18          0          0          0       2228   stm32f10x_exti.o
       352          4          0          0          0       3278   stm32f10x_gpio.o
        24          0          0          0          0       3460   stm32f10x_it.o
       276         32          0         20          0       4566   stm32f10x_rcc.o
       606         72          0          0          0       6300   stm32f10x_tim.o
       428          6          0          0          0       5196   stm32f10x_usart.o
       492         50          0         20          0       2925   system_stm32f10x.o
       800        116          0         20        102       4736   usart.o
       132         76          0          0          0       1136   wifi.o

    ----------------------------------------------------------------------
      6304        728        268        180       1696     521896   Object Totals
         0          0         32          0          0          0   (incl. Generated)
        12          0          0          5          0          0   (incl. Padding)

    ----------------------------------------------------------------------

      Code (inc. data)   RO Data    RW Data    ZI Data      Debug   Library Member Name

         8          0          0          0          0         68   __main.o
       104          0          0          0          0         84   __printf.o
         0          0          0          0          0          0   __rtentry.o
        12          0          0          0          0          0   __rtentry2.o
         6          0          0          0          0          0   __rtentry4.o
        52          8          0          0          0          0   __scatter.o
        26          0          0          0          0          0   __scatter_copy.o
        28          0          0          0          0          0   __scatter_zi.o
        44          0          0          0          0        108   _printf_char.o
        48          6          0          0          0         96   _printf_char_common.o
        36          4          0          0          0         80   _printf_char_file.o
         6          0          0          0          0          0   _printf_d.o
       120         16          0          0          0         92   _printf_dec.o
       178          0          0          0          0         88   _printf_intcommon.o
         0          0          0          0          0          0   _printf_percent.o
         4          0          0          0          0          0   _printf_percent_end.o
         6          0          0          0          0          0   _printf_s.o
        82          0          0          0          0         80   _printf_str.o
        22          0          0          0          0        100   _rserrno.o
        18          0          0          0          0         80   exit.o
         8          0          0          0          0         68   ferror.o
         6          0          0          0          0        152   heapauxi.o
         2          0          0          0          0          0   libinit.o
         2          0          0          0          0          0   libinit2.o
         2          0          0          0          0          0   libshutdown.o
         2          0          0          0          0          0   libshutdown2.o
         8          4          0          0         96         68   libspace.o
        24          4          0          0          0         84   noretval__2printf.o
         8          4          0          0          0         68   rt_errno_addr_intlibspace.o
         2          0          0          0          0          0   rtexit.o
        10          0          0          0          0          0   rtexit2.o
       128          0          0          0          0         68   strcmpv7m.o
        62          0          0          0          0         76   strlen.o
        74          0          0          0          0         80   sys_stackheap_outer.o
         2          0          0          0          0         68   use_no_semi.o
         2          0          0          0          0         68   use_no_semi_2.o
        98          4          0          0          0         92   d2f.o
       826         16          0          0          0        348   daddsub_clz.o
        16          4          0          0          0         68   dcheck1.o
        24          0          0          0          0         68   dcmpi.o
       688        140          0          0          0        208   ddiv.o
        94          4          0          0          0         92   dfix.o
        46          0          0          0          0         68   dflt_clz.o
       120          4          0          0          0         92   dleqf.o
       340         12          0          0          0        104   dmul.o
       156          4          0          0          0         92   dnaninf.o
        12          0          0          0          0         68   dretinf.o
       108          0          0          0          0         80   drleqf.o
       460         56          0          0          0        120   dsqrt_noumaal.o
       450          8          0          0          0        236   faddsub_clz.o
        24          0          0          0          0         68   fcmpi.o
       388         76          0          0          0         96   fdiv.o
        54          4          0          0          0         84   ffix.o
       104          4          0          0          0         84   fleqf.o
       258          4          0          0          0         84   fmul.o
       140          4          0          0          0         84   fnaninf.o
        10          0          0          0          0         68   fretinf.o
        98          0          0          0          0         68   frleqf.o
       100          0          0          0          0         68   retnan.o
        92          0          0          0          0         68   scalbn.o
        48          0          0          0          0         68   trapv.o
         0          0          0          0          0          0   usenofp.o
       544         70        152          0          0        124   atan.o
       384         38          0          0          0        144   atan2.o
        68         10          0          0          0        408   dunder.o
        40          0          0          0          0         68   fpclassify.o
       170          0          0          0          0         96   poly.o
      2520        190        136          0          0        324   pow.o
         0          0          8          0          0          0   qnan.o
        76          0          0          0          0         84   sqrt.o

    ----------------------------------------------------------------------
      9724        698        296          0        100       5500   Library Totals
        26          0          0          0          4          0   (incl. Padding)

    ----------------------------------------------------------------------

      Code (inc. data)   RO Data    RW Data    ZI Data      Debug   Library Name

      1142         46          0          0         96       1676   c_w.l
      4754        344          0          0          0       2576   fz_ws.l
      3802        308        296          0          0       1248   m_ws.l

    ----------------------------------------------------------------------
      9724        698        296          0        100       5500   Library Totals

    ----------------------------------------------------------------------

==============================================================================


      Code (inc. data)   RO Data    RW Data    ZI Data      Debug   

     16028       1426        564        180       1796     521620   Grand Totals
     16028       1426        564        180       1796     521620   ELF Image Totals
     16028       1426        564        180          0          0   ROM Totals

==============================================================================

    Total RO  Size (Code + RO Data)                16592 (  16.20kB)
    Total RW  Size (RW Data + ZI Data)              1976 (   1.93kB)
    Total ROM Size (Code + RO Data + RW Data)      16772 (  16.38kB)

==============================================================================

